Archive member included to satisfy reference by file (symbol)

d:/00.software/01.stm32cubeide/stm32cubeide_1.12.0/stm32cubeide/plugins/com.st.stm32cube.ide.mcu.externaltools.gnu-tools-for-stm32.10.3-2021.10.win32_1.0.200.202301161003/tools/bin/../lib/gcc/arm-none-eabi/10.3.1/../../../../arm-none-eabi/lib/thumb/v7-m/nofp\libstdc++_nano.a(del_ops.o)
                              ./Core/Src/myMain.o (operator delete(void*, unsigned int))
d:/00.software/01.stm32cubeide/stm32cubeide_1.12.0/stm32cubeide/plugins/com.st.stm32cube.ide.mcu.externaltools.gnu-tools-for-stm32.10.3-2021.10.win32_1.0.200.202301161003/tools/bin/../lib/gcc/arm-none-eabi/10.3.1/../../../../arm-none-eabi/lib/thumb/v7-m/nofp\libstdc++_nano.a(new_op.o)
                              ./Core/Src/myMain.o (operator new(unsigned int))
d:/00.software/01.stm32cubeide/stm32cubeide_1.12.0/stm32cubeide/plugins/com.st.stm32cube.ide.mcu.externaltools.gnu-tools-for-stm32.10.3-2021.10.win32_1.0.200.202301161003/tools/bin/../lib/gcc/arm-none-eabi/10.3.1/../../../../arm-none-eabi/lib/thumb/v7-m/nofp\libstdc++_nano.a(del_op.o)
                              d:/00.software/01.stm32cubeide/stm32cubeide_1.12.0/stm32cubeide/plugins/com.st.stm32cube.ide.mcu.externaltools.gnu-tools-for-stm32.10.3-2021.10.win32_1.0.200.202301161003/tools/bin/../lib/gcc/arm-none-eabi/10.3.1/../../../../arm-none-eabi/lib/thumb/v7-m/nofp\libstdc++_nano.a(del_ops.o) (operator delete(void*))
d:/00.software/01.stm32cubeide/stm32cubeide_1.12.0/stm32cubeide/plugins/com.st.stm32cube.ide.mcu.externaltools.gnu-tools-for-stm32.10.3-2021.10.win32_1.0.200.202301161003/tools/bin/../lib/gcc/arm-none-eabi/10.3.1/../../../../arm-none-eabi/lib/thumb/v7-m/nofp\libstdc++_nano.a(new_handler.o)
                              d:/00.software/01.stm32cubeide/stm32cubeide_1.12.0/stm32cubeide/plugins/com.st.stm32cube.ide.mcu.externaltools.gnu-tools-for-stm32.10.3-2021.10.win32_1.0.200.202301161003/tools/bin/../lib/gcc/arm-none-eabi/10.3.1/../../../../arm-none-eabi/lib/thumb/v7-m/nofp\libstdc++_nano.a(new_op.o) (std::get_new_handler())
d:/00.software/01.stm32cubeide/stm32cubeide_1.12.0/stm32cubeide/plugins/com.st.stm32cube.ide.mcu.externaltools.gnu-tools-for-stm32.10.3-2021.10.win32_1.0.200.202301161003/tools/bin/../lib/gcc/arm-none-eabi/10.3.1/../../../../arm-none-eabi/lib/thumb/v7-m/nofp\libm.a(lib_a-wf_log.o)
                              ./Core/Src/MAX30100.o (logf)
d:/00.software/01.stm32cubeide/stm32cubeide_1.12.0/stm32cubeide/plugins/com.st.stm32cube.ide.mcu.externaltools.gnu-tools-for-stm32.10.3-2021.10.win32_1.0.200.202301161003/tools/bin/../lib/gcc/arm-none-eabi/10.3.1/../../../../arm-none-eabi/lib/thumb/v7-m/nofp\libm.a(lib_a-wf_sqrt.o)
                              ./Core/Src/MAX30100.o (sqrtf)
d:/00.software/01.stm32cubeide/stm32cubeide_1.12.0/stm32cubeide/plugins/com.st.stm32cube.ide.mcu.externaltools.gnu-tools-for-stm32.10.3-2021.10.win32_1.0.200.202301161003/tools/bin/../lib/gcc/arm-none-eabi/10.3.1/../../../../arm-none-eabi/lib/thumb/v7-m/nofp\libm.a(lib_a-ef_log.o)
                              d:/00.software/01.stm32cubeide/stm32cubeide_1.12.0/stm32cubeide/plugins/com.st.stm32cube.ide.mcu.externaltools.gnu-tools-for-stm32.10.3-2021.10.win32_1.0.200.202301161003/tools/bin/../lib/gcc/arm-none-eabi/10.3.1/../../../../arm-none-eabi/lib/thumb/v7-m/nofp\libm.a(lib_a-wf_log.o) (__ieee754_logf)
d:/00.software/01.stm32cubeide/stm32cubeide_1.12.0/stm32cubeide/plugins/com.st.stm32cube.ide.mcu.externaltools.gnu-tools-for-stm32.10.3-2021.10.win32_1.0.200.202301161003/tools/bin/../lib/gcc/arm-none-eabi/10.3.1/../../../../arm-none-eabi/lib/thumb/v7-m/nofp\libm.a(lib_a-ef_sqrt.o)
                              d:/00.software/01.stm32cubeide/stm32cubeide_1.12.0/stm32cubeide/plugins/com.st.stm32cube.ide.mcu.externaltools.gnu-tools-for-stm32.10.3-2021.10.win32_1.0.200.202301161003/tools/bin/../lib/gcc/arm-none-eabi/10.3.1/../../../../arm-none-eabi/lib/thumb/v7-m/nofp\libm.a(lib_a-wf_sqrt.o) (__ieee754_sqrtf)
d:/00.software/01.stm32cubeide/stm32cubeide_1.12.0/stm32cubeide/plugins/com.st.stm32cube.ide.mcu.externaltools.gnu-tools-for-stm32.10.3-2021.10.win32_1.0.200.202301161003/tools/bin/../lib/gcc/arm-none-eabi/10.3.1/../../../../arm-none-eabi/lib/thumb/v7-m/nofp\libm.a(lib_a-sf_nan.o)
                              d:/00.software/01.stm32cubeide/stm32cubeide_1.12.0/stm32cubeide/plugins/com.st.stm32cube.ide.mcu.externaltools.gnu-tools-for-stm32.10.3-2021.10.win32_1.0.200.202301161003/tools/bin/../lib/gcc/arm-none-eabi/10.3.1/../../../../arm-none-eabi/lib/thumb/v7-m/nofp\libm.a(lib_a-wf_log.o) (nanf)
d:/00.software/01.stm32cubeide/stm32cubeide_1.12.0/stm32cubeide/plugins/com.st.stm32cube.ide.mcu.externaltools.gnu-tools-for-stm32.10.3-2021.10.win32_1.0.200.202301161003/tools/bin/../lib/gcc/arm-none-eabi/10.3.1/../../../../arm-none-eabi/lib/thumb/v7-m/nofp\libc_nano.a(lib_a-abort.o)
[...]
Memory Configuration

Name             Origin             Length             Attributes
RAM              0x0000000020000000 0x0000000000005000 xrw
FLASH            0x0000000008000000 0x0000000000010000 xr
*default*        0x0000000000000000 0xffffffffffffffff

Linker script and memory map

LOAD d:/00.software/01.stm32cubeide/stm32cubeide_1.12.0/stm32cubeide/plugins/com.st.stm32cube.ide.mcu.externaltools.gnu-tools-for-stm32.10.3-2021.10.win32_1.0.200.202301161003/tools/bin/../lib/gcc/arm-none-eabi/10.3.1/thumb/v7-m/nofp/crti.o
LOAD d:/00.software/01.stm32cubeide/stm32cubeide_1.12.0/stm32cubeide/plugins/com.st.stm32cube.ide.mcu.externaltools.gnu-tools-for-stm32.10.3-2021.10.win32_1.0.200.202301161003/tools/bin/../lib/gcc/arm-none-eabi/10.3.1/thumb/v7-m/nofp/crtbegin.o
LOAD d:/00.software/01.stm32cubeide/stm32cubeide_1.12.0/stm32cubeide/plugins/com.st.stm32cube.ide.mcu.externaltools.gnu-tools-for-stm32.10.3-2021.10.win32_1.0.200.202301161003/tools/bin/../lib/gcc/arm-none-eabi/10.3.1/../../../../arm-none-eabi/lib/thumb/v7-m/nofp/crt0.o
LOAD ./Core/Src/MAX30100.o
LOAD ./Core/Src/main.o
LOAD ./Core/Src/myMain.o
LOAD ./Core/Src/sim7600.o
LOAD ./Core/Src/stm32f1xx_hal_msp.o
LOAD ./Core/Src/stm32f1xx_it.o
LOAD ./Core/Src/syscalls.o
LOAD ./Core/Src/sysmem.o
LOAD ./Core/Src/system_stm32f1xx.o
LOAD ./Core/Startup/startup_stm32f103c8tx.o
LOAD ./Drivers/STM32F1xx_HAL_Driver/Src/stm32f1xx_hal.o
LOAD ./Drivers/STM32F1xx_HAL_Driver/Src/stm32f1xx_hal_adc.o
LOAD ./Drivers/STM32F1xx_HAL_Driver/Src/stm32f1xx_hal_adc_ex.o
LOAD ./Drivers/STM32F1xx_HAL_Driver/Src/stm32f1xx_hal_cortex.o
LOAD ./Drivers/STM32F1xx_HAL_Driver/Src/stm32f1xx_hal_dma.o
LOAD ./Drivers/STM32F1xx_HAL_Driver/Src/stm32f1xx_hal_exti.o
LOAD ./Drivers/STM32F1xx_HAL_Driver/Src/stm32f1xx_hal_flash.o
LOAD ./Drivers/STM32F1xx_HAL_Driver/Src/stm32f1xx_hal_flash_ex.o
LOAD ./Drivers/STM32F1xx_HAL_Driver/Src/stm32f1xx_hal_gpio.o
LOAD ./Drivers/STM32F1xx_HAL_Driver/Src/stm32f1xx_hal_gpio_ex.o
LOAD ./Drivers/STM32F1xx_HAL_Driver/Src/stm32f1xx_hal_i2c.o
LOAD ./Drivers/STM32F1xx_HAL_Driver/Src/stm32f1xx_hal_pwr.o
LOAD ./Drivers/STM32F1xx_HAL_Driver/Src/stm32f1xx_hal_rcc.o
LOAD ./Drivers/STM32F1xx_HAL_Driver/Src/stm32f1xx_hal_rcc_ex.o
LOAD ./Drivers/STM32F1xx_HAL_Driver/Src/stm32f1xx_hal_tim.o
LOAD ./Drivers/STM32F1xx_HAL_Driver/Src/stm32f1xx_hal_tim_ex.o
LOAD ./Drivers/STM32F1xx_HAL_Driver/Src/stm32f1xx_hal_uart.o
START GROUP
LOAD d:/00.software/01.stm32cubeide/stm32cubeide_1.12.0/stm32cubeide/plugins/com.st.stm32cube.ide.mcu.externaltools.gnu-tools-for-stm32.10.3-2021.10.win32_1.0.200.202301161003/tools/bin/../lib/gcc/arm-none-eabi/10.3.1/../../../../arm-none-eabi/lib/thumb/v7-m/nofp\libstdc++_nano.a
LOAD d:/00.software/01.stm32cubeide/stm32cubeide_1.12.0/stm32cubeide/plugins/com.st.stm32cube.ide.mcu.externaltools.gnu-tools-for-stm32.10.3-2021.10.win32_1.0.200.202301161003/tools/bin/../lib/gcc/arm-none-eabi/10.3.1/../../../../arm-none-eabi/lib/thumb/v7-m/nofp\libsupc++_nano.a
END GROUP
LOAD d:/00.software/01.stm32cubeide/stm32cubeide_1.12.0/stm32cubeide/plugins/com.st.stm32cube.ide.mcu.externaltools.gnu-tools-for-stm32.10.3-2021.10.win32_1.0.200.202301161003/tools/bin/../lib/gcc/arm-none-eabi/10.3.1/../../../../arm-none-eabi/lib/thumb/v7-m/nofp\libstdc++_nano.a
LOAD d:/00.software/01.stm32cubeide/stm32cubeide_1.12.0/stm32cubeide/plugins/com.st.stm32cube.ide.mcu.externaltools.gnu-tools-for-stm32.10.3-2021.10.win32_1.0.200.202301161003/tools/bin/../lib/gcc/arm-none-eabi/10.3.1/../../../../arm-none-eabi/lib/thumb/v7-m/nofp\libm.a
LOAD d:/00.software/01.stm32cubeide/stm32cubeide_1.12.0/stm32cubeide/plugins/com.st.stm32cube.ide.mcu.externaltools.gnu-tools-for-stm32.10.3-2021.10.win32_1.0.200.202301161003/tools/bin/../lib/gcc/arm-none-eabi/10.3.1/../../../../arm-none-eabi/lib/thumb/v7-m/nofp\libc_nano.a
START GROUP
LOAD d:/00.software/01.stm32cubeide/stm32cubeide_1.12.0/stm32cubeide/plugins/com.st.stm32cube.ide.mcu.externaltools.gnu-tools-for-stm32.10.3-2021.10.win32_1.0.200.202301161003/tools/bin/../lib/gcc/arm-none-eabi/10.3.1/thumb/v7-m/nofp\libgcc.a
LOAD d:/00.software/01.stm32cubeide/stm32cubeide_1.12.0/stm32cubeide/plugins/com.st.stm32cube.ide.mcu.externaltools.gnu-tools-for-stm32.10.3-2021.10.win32_1.0.200.202301161003/tools/bin/../lib/gcc/arm-none-eabi/10.3.1/../../../../arm-none-eabi/lib/thumb/v7-m/nofp\libc_nano.a
END GROUP
START GROUP
LOAD d:/00.software/01.stm32cubeide/stm32cubeide_1.12.0/stm32cubeide/plugins/com.st.stm32cube.ide.mcu.externaltools.gnu-tools-for-stm32.10.3-2021.10.win32_1.0.200.202301161003/tools/bin/../lib/gcc/arm-none-eabi/10.3.1/thumb/v7-m/nofp\libgcc.a
LOAD d:/00.software/01.stm32cubeide/stm32cubeide_1.12.0/stm32cubeide/plugins/com.st.stm32cube.ide.mcu.externaltools.gnu-tools-for-stm32.10.3-2021.10.win32_1.0.200.202301161003/tools/bin/../lib/gcc/arm-none-eabi/10.3.1/../../../../arm-none-eabi/lib/thumb/v7-m/nofp\libc_nano.a
END GROUP
LOAD d:/00.software/01.stm32cubeide/stm32cubeide_1.12.0/stm32cubeide/plugins/com.st.stm32cube.ide.mcu.externaltools.gnu-tools-for-stm32.10.3-2021.10.win32_1.0.200.202301161003/tools/bin/../lib/gcc/arm-none-eabi/10.3.1/thumb/v7-m/nofp/crtend.o
LOAD d:/00.software/01.stm32cubeide/stm32cubeide_1.12.0/stm32cubeide/plugins/com.st.stm32cube.ide.mcu.externaltools.gnu-tools-for-stm32.10.3-2021.10.win32_1.0.200.202301161003/tools/bin/../lib/gcc/arm-none-eabi/10.3.1/thumb/v7-m/nofp/crtn.o
                0x0000000020005000                _estack = (ORIGIN (RAM) + LENGTH (RAM))
                0x0000000000000200                _Min_Heap_Size = 0x200
                0x0000000000000400                _Min_Stack_Size = 0x400

.isr_vector     0x0000000008000000      0x10c
                0x0000000008000000                . = ALIGN (0x4)
 *(.isr_vector)
 .isr_vector    0x0000000008000000      0x10c ./Core/Startup/startup_stm32f103c8tx.o
                0x0000000008000000                g_pfnVectors
                0x000000000800010c                . = ALIGN (0x4)

.text           0x0000000008000110     0x9284
                0x0000000008000110                . = ALIGN (0x4)
 *(.text)
 .text          0x0000000008000110       0x40 d:/00.software/01.stm32cubeide/stm32cubeide_1.12.0/stm32cubeide/plugins/com.st.stm32cube.ide.mcu.externaltools.gnu-tools-for-stm32.10.3-2021.10.win32_1.0.200.202301161003/tools/bin/../lib/gcc/arm-none-eabi/10.3.1/thumb/v7-m/nofp/crtbegin.o
 .text          0x0000000008000150       0x10 d:/00.software/01.stm32cubeide/stm32cubeide_1.12.0/stm32cubeide/plugins/com.st.stm32cube.ide.mcu.externaltools.gnu-tools-for-stm32.10.3-2021.10.win32_1.0.200.202301161003/tools/bin/../lib/gcc/arm-none-eabi/10.3.1/../../../../arm-none-eabi/lib/thumb/v7-m/nofp\libc_nano.a(lib_a-strlen.o)
                0x0000000008000150                strlen
 .text          0x0000000008000160      0x254 d:/00.software/01.stm32cubeide/stm32cubeide_1.12.0/stm32cubeide/plugins/com.st.stm32cube.ide.mcu.externaltools.gnu-tools-for-stm32.10.3-2021.10.win32_1.0.200.202301161003/tools/bin/../lib/gcc/arm-none-eabi/10.3.1/thumb/v7-m/nofp\libgcc.a(_arm_muldf3.o)
                0x0000000008000160                __muldf3
                0x0000000008000160                __aeabi_dmul
 .text          0x00000000080003b4      0x378 d:/00.software/01.stm32cubeide/stm32cubeide_1.12.0/stm32cubeide/plugins/com.st.stm32cube.ide.mcu.externaltools.gnu-tools-for-stm32.10.3-2021.10.win32_1.0.200.202301161003/tools/bin/../lib/gcc/arm-none-eabi/10.3.1/thumb/v7-m/nofp\libgcc.a(_arm_addsubdf3.o)
                0x00000000080003b4                __aeabi_drsub
                0x00000000080003bc                __aeabi_dsub
                0x00000000080003bc                __subdf3
                0x00000000080003c0                __aeabi_dadd
                0x00000000080003c0                __adddf3
                0x0000000008000638                __floatunsidf
                0x0000000008000638                __aeabi_ui2d
                0x0000000008000658                __floatsidf
                0x0000000008000658                __aeabi_i2d
                0x000000000800067c                __aeabi_f2d
                0x000000000800067c                __extendsfdf2
                0x00000000080006c0                __floatundidf
                0x00000000080006c0                __aeabi_ul2d
                0x00000000080006d0                __floatdidf
                0x00000000080006d0                __aeabi_l2d
 .text          0x000000000800072c       0xa0 d:/00.software/01.stm32cubeide/stm32cubeide_1.12.0/stm32cubeide/plugins/com.st.stm32cube.ide.mcu.externaltools.gnu-tools-for-stm32.10.3-2021.10.win32_1.0.200.202301161003/tools/bin/../lib/gcc/arm-none-eabi/10.3.1/thumb/v7-m/nofp\libgcc.a(_arm_truncdfsf2.o)
                0x000000000800072c                __truncdfsf2
                0x000000000800072c                __aeabi_d2f
 .text          0x00000000080007cc      0x21c d:/00.software/01.stm32cubeide/stm32cubeide_1.12.0/stm32cubeide/plugins/com.st.stm32cube.ide.mcu.externaltools.gnu-tools-for-stm32.10.3-2021.10.win32_1.0.200.202301161003/tools/bin/../lib/gcc/arm-none-eabi/10.3.1/thumb/v7-m/nofp\libgcc.a(_arm_addsubsf3.o)
                0x00000000080007cc                __aeabi_frsub
                0x00000000080007d4                __subsf3
                0x00000000080007d4                __aeabi_fsub
                0x00000000080007d8                __aeabi_fadd
                0x00000000080007d8                __addsf3
                0x0000000008000938                __aeabi_ui2f
                0x0000000008000938                __floatunsisf
                0x0000000008000940                __aeabi_i2f
                0x0000000008000940                __floatsisf
                0x000000000800095c                __aeabi_ul2f
                0x000000000800095c                __floatundisf
                0x000000000800096c                __aeabi_l2f
                0x000000000800096c                __floatdisf
 .text          0x00000000080009e8      0x2a0 d:/00.software/01.stm32cubeide/stm32cubeide_1.12.0/stm32cubeide/plugins/com.st.stm32cube.ide.mcu.externaltools.gnu-tools-for-stm32.10.3-2021.10.win32_1.0.200.202301161003/tools/bin/../lib/gcc/arm-none-eabi/10.3.1/thumb/v7-m/nofp\libgcc.a(_arm_muldivsf3.o)
                0x00000000080009e8                __mulsf3
                0x00000000080009e8                __aeabi_fmul
                0x0000000008000b50                __aeabi_fdiv
                0x0000000008000b50                __divsf3
 .text          0x0000000008000c88       0xec d:/00.software/01.stm32cubeide/stm32cubeide_1.12.0/stm32cubeide/plugins/com.st.stm32cube.ide.mcu.externaltools.gnu-tools-for-stm32.10.3-2021.10.win32_1.0.200.202301161003/tools/bin/../lib/gcc/arm-none-eabi/10.3.1/thumb/v7-m/nofp\libgcc.a(_arm_cmpsf2.o)
                0x0000000008000c88                __gesf2
                0x0000000008000c88                __gtsf2
                0x0000000008000c90                __lesf2
                0x0000000008000c90                __ltsf2
                0x0000000008000c98                __nesf2
                0x0000000008000c98                __eqsf2
                0x0000000008000c98                __cmpsf2
                0x0000000008000cf8                __aeabi_cfrcmple
                0x0000000008000d00                __aeabi_cfcmpeq
                0x0000000008000d00                __aeabi_cfcmple
                0x0000000008000d10                __aeabi_fcmpeq
                0x0000000008000d24                __aeabi_fcmplt
                0x0000000008000d38                __aeabi_fcmple
                0x0000000008000d4c                __aeabi_fcmpge
                0x0000000008000d60                __aeabi_fcmpgt
 .text          0x0000000008000d74       0x2c d:/00.software/01.stm32cubeide/stm32cubeide_1.12.0/stm32cubeide/plugins/com.st.stm32cube.ide.mcu.externaltools.gnu-tools-for-stm32.10.3-2021.10.win32_1.0.200.202301161003/tools/bin/../lib/gcc/arm-none-eabi/10.3.1/thumb/v7-m/nofp\libgcc.a(_arm_unordsf2.o)
                0x0000000008000d74                __unordsf2
                0x0000000008000d74                __aeabi_fcmpun
 .text          0x0000000008000da0       0x4c d:/00.software/01.stm32cubeide/stm32cubeide_1.12.0/stm32cubeide/plugins/com.st.stm32cube.ide.mcu.externaltools.gnu-tools-for-stm32.10.3-2021.10.win32_1.0.200.202301161003/tools/bin/../lib/gcc/arm-none-eabi/10.3.1/thumb/v7-m/nofp\libgcc.a(_arm_fixsfsi.o)
                0x0000000008000da0                __aeabi_f2iz
                0x0000000008000da0                __fixsfsi
 .text          0x0000000008000dec       0x40 d:/00.software/01.stm32cubeide/stm32cubeide_1.12.0/stm32cubeide/plugins/com.st.stm32cube.ide.mcu.externaltools.gnu-tools-for-stm32.10.3-2021.10.win32_1.0.200.202301161003/tools/bin/../lib/gcc/arm-none-eabi/10.3.1/thumb/v7-m/nofp\libgcc.a(_arm_fixunssfsi.o)
                0x0000000008000dec                __fixunssfsi
                0x0000000008000dec                __aeabi_f2uiz
 *(.text*)
 .text._ZSt3logf
                0x0000000008000e2c       0x18 ./Core/Src/MAX30100.o
                0x0000000008000e2c                std::log(float)
 .text._ZSt4sqrtf
                0x0000000008000e44       0x18 ./Core/Src/MAX30100.o
                0x0000000008000e44                std::sqrt(float)
 .text._ZN8MAX30100C2E4Mode12SamplingRate13LEDPulseWidth10LEDCurrentbb
                0x0000000008000e5c      0x12c ./Core/Src/MAX30100.o
                0x0000000008000e5c                MAX30100::MAX30100(Mode, SamplingRate, LEDPulseWidth, LEDCurrent, bool, bool)
                0x0000000008000e5c                MAX30100::MAX30100(Mode, SamplingRate, LEDPulseWidth, LEDCurrent, bool, bool)
 .text._ZN8MAX301006updateEv
                0x0000000008000f88      0x26c ./Core/Src/MAX30100.o
                0x0000000008000f88                MAX30100::update()
 .text._ZN8MAX3010011detectPulseEf
                0x00000000080011f4      0x220 ./Core/Src/MAX30100.o
                0x00000000080011f4                MAX30100::detectPulse(float)
 .text._ZN8MAX3010017balanceIntesitiesEff
                0x0000000008001414       0xe4 ./Core/Src/MAX30100.o
                0x0000000008001414                MAX30100::balanceIntesities(float, float)
 .text._ZN8MAX3010013writeRegisterEhh
                0x00000000080014f8       0x38 ./Core/Src/MAX30100.o
                0x00000000080014f8                MAX30100::writeRegister(unsigned char, unsigned char)
 .text._ZN8MAX3010012readRegisterEh
                0x0000000008001530       0x3c ./Core/Src/MAX30100.o
                0x0000000008001530                MAX30100::readRegister(unsigned char)
 .text._ZN8MAX301008readFromEhiPh
                0x000000000800156c       0x3c ./Core/Src/MAX30100.o
                0x000000000800156c                MAX30100::readFrom(unsigned char, int, unsigned char*)
 .text._ZN8MAX301007setModeE4Mode
                0x00000000080015a8       0x38 ./Core/Src/MAX30100.o
                0x00000000080015a8                MAX30100::setMode(Mode)
 .text._ZN8MAX3010021setHighresModeEnabledEb
                0x00000000080015e0       0x4c ./Core/Src/MAX30100.o
                0x00000000080015e0                MAX30100::setHighresModeEnabled(bool)
 .text._ZN8MAX3010015setSamplingRateE12SamplingRate
                0x000000000800162c       0x40 ./Core/Src/MAX30100.o
                0x000000000800162c                MAX30100::setSamplingRate(SamplingRate)
 .text._ZN8MAX3010016setLEDPulseWidthE13LEDPulseWidth
                0x000000000800166c       0x38 ./Core/Src/MAX30100.o
                0x000000000800166c                MAX30100::setLEDPulseWidth(LEDPulseWidth)
 .text._ZN8MAX3010014setLEDCurrentsEhh
                0x00000000080016a4       0x32 ./Core/Src/MAX30100.o
                0x00000000080016a4                MAX30100::setLEDCurrents(unsigned char, unsigned char)
 .text._ZN8MAX301009resetFIFOEv
                0x00000000080016d6       0x2e ./Core/Src/MAX30100.o
                0x00000000080016d6                MAX30100::resetFIFO()
 .text._ZN8MAX301008readFIFOEv
                0x0000000008001704       0x54 ./Core/Src/MAX30100.o
                0x0000000008001704                MAX30100::readFIFO()
 .text._ZN8MAX301009dcRemovalEfff
                0x0000000008001758       0x46 ./Core/Src/MAX30100.o
                0x0000000008001758                MAX30100::dcRemoval(float, float, float)
 *fill*         0x000000000800179e        0x2 
 .text._ZN8MAX3010024lowPassButterworthFilterEfP19butterworthFilter_t
                0x00000000080017a0       0x90 ./Core/Src/MAX30100.o
                0x00000000080017a0                MAX30100::lowPassButterworthFilter(float, butterworthFilter_t*)
 .text._ZN8MAX301008meanDiffEfP16meanDiffFilter_t
                0x0000000008001830       0xe4 ./Core/Src/MAX30100.o
                0x0000000008001830                MAX30100::meanDiff(float, meanDiffFilter_t*)
 .text._write   0x0000000008001914       0x2c ./Core/Src/main.o
                0x0000000008001914                _write
 .text.main     0x0000000008001940       0x50 ./Core/Src/main.o
                0x0000000008001940                main
 .text.SystemClock_Config
                0x0000000008001990       0xb4 ./Core/Src/main.o
                0x0000000008001990                SystemClock_Config
 .text.MX_ADC1_Init
                0x0000000008001a44       0x7c ./Core/Src/main.o
 .text.MX_I2C1_Init
                0x0000000008001ac0       0x5c ./Core/Src/main.o
 .text.MX_TIM2_Init
                0x0000000008001b1c       0x9c ./Core/Src/main.o
 .text.MX_TIM3_Init
                0x0000000008001bb8       0x9c ./Core/Src/main.o
 .text.MX_USART1_UART_Init
                0x0000000008001c54       0x54 ./Core/Src/main.o
 .text.MX_USART2_UART_Init
                0x0000000008001ca8       0x54 ./Core/Src/main.o
 .text.MX_DMA_Init
                0x0000000008001cfc       0x4c ./Core/Src/main.o
 .text.MX_GPIO_Init
                0x0000000008001d48       0xf8 ./Core/Src/main.o
 .text.Error_Handler
                0x0000000008001e40        0xa ./Core/Src/main.o
                0x0000000008001e40                Error_Handler
 .text.HAL_GPIO_EXTI_Callback
                0x0000000008001e4a       0x16 ./Core/Src/myMain.o
                0x0000000008001e4a                HAL_GPIO_EXTI_Callback
 .text._Z16enter_sleep_modev
                0x0000000008001e60       0x74 ./Core/Src/myMain.o
                0x0000000008001e60                enter_sleep_mode()
 .text._Z14add_heart_beath
                0x0000000008001ed4      0x154 ./Core/Src/myMain.o
                0x0000000008001ed4                add_heart_beat(unsigned char)
 .text.HAL_ADC_ConvCpltCallback
                0x0000000008002028       0xd8 ./Core/Src/myMain.o
                0x0000000008002028                HAL_ADC_ConvCpltCallback
 .text.HAL_TIM_PeriodElapsedCallback
                0x0000000008002100       0xc0 ./Core/Src/myMain.o
                0x0000000008002100                HAL_TIM_PeriodElapsedCallback
 .text._Z4loopv
                0x00000000080021c0      0x328 ./Core/Src/myMain.o
                0x00000000080021c0                loop()
 .text.loopC    0x00000000080024e8        0xc ./Core/Src/myMain.o
                0x00000000080024e8                loopC
 .text._Z41__static_initialization_and_destruction_0ii
                0x00000000080024f4       0x38 ./Core/Src/myMain.o
 .text._GLOBAL__sub_I_pulseOxymeter
                0x000000000800252c       0x10 ./Core/Src/myMain.o
 .text._Z18AT_Getstring_indexPcS_S_i
                0x000000000800253c      0x164 ./Core/Src/sim7600.o
                0x000000000800253c                AT_Getstring_index(char*, char*, char*, int)
 .text._Z15AT_Getint_indexPiPcS0_i
                0x00000000080026a0       0x48 ./Core/Src/sim7600.o
                0x00000000080026a0                AT_Getint_index(int*, char*, char*, int)
 .text._Z16SIM7600_TURN_OFFv
                0x00000000080026e8       0x38 ./Core/Src/sim7600.o
                0x00000000080026e8                SIM7600_TURN_OFF()
 .text._Z19At_Command_responsePcS_S_Pim
                0x0000000008002720      0x140 ./Core/Src/sim7600.o
                0x0000000008002720                At_Command_response(char*, char*, char*, int*, unsigned long)
 .text._Z10At_CommandPcS_m
                0x0000000008002860      0x134 ./Core/Src/sim7600.o
                0x0000000008002860                At_Command(char*, char*, unsigned long)
 .text._Z12Sim7600_initv
                0x0000000008002994       0xf8 ./Core/Src/sim7600.o
                0x0000000008002994                Sim7600_init()
 .text._Z11AT_Sms_SendPcS_
                0x0000000008002a8c       0xa8 ./Core/Src/sim7600.o
                0x0000000008002a8c                AT_Sms_Send(char*, char*)
 .text._Z19AT_SIM7600_HTTP_GetPcS_Pt
                0x0000000008002b34      0x15c ./Core/Src/sim7600.o
                0x0000000008002b34                AT_SIM7600_HTTP_Get(char*, char*, unsigned short*)
 .text._Z18SIM_7600_read_GNSSPc
                0x0000000008002c90       0xbc ./Core/Src/sim7600.o
                0x0000000008002c90                SIM_7600_read_GNSS(char*)
 .text.HAL_MspInit
                0x0000000008002d4c       0x64 ./Core/Src/stm32f1xx_hal_msp.o
                0x0000000008002d4c                HAL_MspInit
 .text.HAL_ADC_MspInit
                0x0000000008002db0       0xd0 ./Core/Src/stm32f1xx_hal_msp.o
                0x0000000008002db0                HAL_ADC_MspInit
 .text.HAL_I2C_MspInit
                0x0000000008002e80       0x7c ./Core/Src/stm32f1xx_hal_msp.o
                0x0000000008002e80                HAL_I2C_MspInit
 .text.HAL_TIM_Base_MspInit
                0x0000000008002efc       0x80 ./Core/Src/stm32f1xx_hal_msp.o
                0x0000000008002efc                HAL_TIM_Base_MspInit
 .text.HAL_UART_MspInit
                0x0000000008002f7c      0x16c ./Core/Src/stm32f1xx_hal_msp.o
                0x0000000008002f7c                HAL_UART_MspInit
 .text.NMI_Handler
                0x00000000080030e8        0x6 ./Core/Src/stm32f1xx_it.o
                0x00000000080030e8                NMI_Handler
 .text.HardFault_Handler
                0x00000000080030ee        0x6 ./Core/Src/stm32f1xx_it.o
                0x00000000080030ee                HardFault_Handler
 .text.MemManage_Handler
                0x00000000080030f4        0x6 ./Core/Src/stm32f1xx_it.o
                0x00000000080030f4                MemManage_Handler
 .text.BusFault_Handler
                0x00000000080030fa        0x6 ./Core/Src/stm32f1xx_it.o
                0x00000000080030fa                BusFault_Handler
 .text.UsageFault_Handler
                0x0000000008003100        0x6 ./Core/Src/stm32f1xx_it.o
                0x0000000008003100                UsageFault_Handler
 .text.SVC_Handler
                0x0000000008003106        0xc ./Core/Src/stm32f1xx_it.o
                0x0000000008003106                SVC_Handler
 .text.DebugMon_Handler
                0x0000000008003112        0xc ./Core/Src/stm32f1xx_it.o
                0x0000000008003112                DebugMon_Handler
 .text.PendSV_Handler
                0x000000000800311e        0xc ./Core/Src/stm32f1xx_it.o
                0x000000000800311e                PendSV_Handler
 .text.SysTick_Handler
                0x000000000800312a        0xc ./Core/Src/stm32f1xx_it.o
                0x000000000800312a                SysTick_Handler
 .text.EXTI0_IRQHandler
                0x0000000008003136        0xe ./Core/Src/stm32f1xx_it.o
                0x0000000008003136                EXTI0_IRQHandler
 .text.DMA1_Channel1_IRQHandler
                0x0000000008003144       0x14 ./Core/Src/stm32f1xx_it.o
                0x0000000008003144                DMA1_Channel1_IRQHandler
 .text.DMA1_Channel5_IRQHandler
                0x0000000008003158       0x14 ./Core/Src/stm32f1xx_it.o
                0x0000000008003158                DMA1_Channel5_IRQHandler
 .text.TIM2_IRQHandler
                0x000000000800316c       0x14 ./Core/Src/stm32f1xx_it.o
                0x000000000800316c                TIM2_IRQHandler
 .text.TIM3_IRQHandler
                0x0000000008003180       0x14 ./Core/Src/stm32f1xx_it.o
                0x0000000008003180                TIM3_IRQHandler
 .text.USART1_IRQHandler
                0x0000000008003194       0x14 ./Core/Src/stm32f1xx_it.o
                0x0000000008003194                USART1_IRQHandler
 .text._getpid  0x00000000080031a8        0xe ./Core/Src/syscalls.o
                0x00000000080031a8                _getpid
 .text._kill    0x00000000080031b6       0x20 ./Core/Src/syscalls.o
                0x00000000080031b6                _kill
 .text._exit    0x00000000080031d6       0x14 ./Core/Src/syscalls.o
                0x00000000080031d6                _exit
 .text._read    0x00000000080031ea       0x3a ./Core/Src/syscalls.o
                0x00000000080031ea                _read
 .text._close   0x0000000008003224       0x16 ./Core/Src/syscalls.o
                0x0000000008003224                _close
 .text._fstat   0x000000000800323a       0x1e ./Core/Src/syscalls.o
                0x000000000800323a                _fstat
 .text._isatty  0x0000000008003258       0x14 ./Core/Src/syscalls.o
                0x0000000008003258                _isatty
 .text._lseek   0x000000000800326c       0x18 ./Core/Src/syscalls.o
                0x000000000800326c                _lseek
 .text._sbrk    0x0000000008003284       0x6c ./Core/Src/sysmem.o
                0x0000000008003284                _sbrk
 .text.SystemInit
                0x00000000080032f0        0xc ./Core/Src/system_stm32f1xx.o
                0x00000000080032f0                SystemInit
 .text.Reset_Handler
                0x00000000080032fc       0x48 ./Core/Startup/startup_stm32f103c8tx.o
                0x00000000080032fc                Reset_Handler
 .text.Default_Handler
                0x0000000008003344        0x2 ./Core/Startup/startup_stm32f103c8tx.o
                0x0000000008003344                RTC_Alarm_IRQHandler
                0x0000000008003344                EXTI2_IRQHandler
                0x0000000008003344                TIM1_CC_IRQHandler
                0x0000000008003344                PVD_IRQHandler
                0x0000000008003344                EXTI3_IRQHandler
                0x0000000008003344                I2C2_EV_IRQHandler
                0x0000000008003344                ADC1_2_IRQHandler
                0x0000000008003344                SPI1_IRQHandler
                0x0000000008003344                TAMPER_IRQHandler
                0x0000000008003344                DMA1_Channel4_IRQHandler
                0x0000000008003344                USART3_IRQHandler
                0x0000000008003344                RTC_IRQHandler
                0x0000000008003344                DMA1_Channel7_IRQHandler
                0x0000000008003344                CAN1_RX1_IRQHandler
                0x0000000008003344                TIM4_IRQHandler
                0x0000000008003344                I2C1_EV_IRQHandler
                0x0000000008003344                DMA1_Channel6_IRQHandler
                0x0000000008003344                RCC_IRQHandler
                0x0000000008003344                TIM1_TRG_COM_IRQHandler
                0x0000000008003344                Default_Handler
                0x0000000008003344                EXTI15_10_IRQHandler
                0x0000000008003344                EXTI9_5_IRQHandler
                0x0000000008003344                SPI2_IRQHandler
                0x0000000008003344                EXTI4_IRQHandler
                0x0000000008003344                USB_LP_CAN1_RX0_IRQHandler
                0x0000000008003344                USB_HP_CAN1_TX_IRQHandler
                0x0000000008003344                DMA1_Channel3_IRQHandler
                0x0000000008003344                TIM1_UP_IRQHandler
                0x0000000008003344                WWDG_IRQHandler
                0x0000000008003344                TIM1_BRK_IRQHandler
                0x0000000008003344                EXTI1_IRQHandler
                0x0000000008003344                USART2_IRQHandler
                0x0000000008003344                I2C2_ER_IRQHandler
                0x0000000008003344                DMA1_Channel2_IRQHandler
                0x0000000008003344                CAN1_SCE_IRQHandler
                0x0000000008003344                FLASH_IRQHandler
                0x0000000008003344                I2C1_ER_IRQHandler
                0x0000000008003344                USBWakeUp_IRQHandler
 *fill*         0x0000000008003346        0x2 
 .text.HAL_Init
                0x0000000008003348       0x2c ./Drivers/STM32F1xx_HAL_Driver/Src/stm32f1xx_hal.o
                0x0000000008003348                HAL_Init
 .text.HAL_InitTick
                0x0000000008003374       0x60 ./Drivers/STM32F1xx_HAL_Driver/Src/stm32f1xx_hal.o
                0x0000000008003374                HAL_InitTick
 .text.HAL_IncTick
                0x00000000080033d4       0x24 ./Drivers/STM32F1xx_HAL_Driver/Src/stm32f1xx_hal.o
                0x00000000080033d4                HAL_IncTick
 .text.HAL_GetTick
                0x00000000080033f8       0x14 ./Drivers/STM32F1xx_HAL_Driver/Src/stm32f1xx_hal.o
                0x00000000080033f8                HAL_GetTick
 .text.HAL_Delay
                0x000000000800340c       0x48 ./Drivers/STM32F1xx_HAL_Driver/Src/stm32f1xx_hal.o
                0x000000000800340c                HAL_Delay
 .text.HAL_SuspendTick
                0x0000000008003454       0x1c ./Drivers/STM32F1xx_HAL_Driver/Src/stm32f1xx_hal.o
                0x0000000008003454                HAL_SuspendTick
 .text.HAL_ResumeTick
                0x0000000008003470       0x1c ./Drivers/STM32F1xx_HAL_Driver/Src/stm32f1xx_hal.o
                0x0000000008003470                HAL_ResumeTick
 .text.HAL_ADC_Init
                0x000000000800348c      0x1b0 ./Drivers/STM32F1xx_HAL_Driver/Src/stm32f1xx_hal_adc.o
                0x000000000800348c                HAL_ADC_Init
 .text.HAL_ADC_Start_DMA
                0x000000000800363c      0x1bc ./Drivers/STM32F1xx_HAL_Driver/Src/stm32f1xx_hal_adc.o
                0x000000000800363c                HAL_ADC_Start_DMA
 .text.HAL_ADC_ConvHalfCpltCallback
                0x00000000080037f8       0x12 ./Drivers/STM32F1xx_HAL_Driver/Src/stm32f1xx_hal_adc.o
                0x00000000080037f8                HAL_ADC_ConvHalfCpltCallback
 .text.HAL_ADC_ErrorCallback
                0x000000000800380a       0x12 ./Drivers/STM32F1xx_HAL_Driver/Src/stm32f1xx_hal_adc.o
                0x000000000800380a                HAL_ADC_ErrorCallback
 .text.HAL_ADC_ConfigChannel
                0x000000000800381c      0x1f0 ./Drivers/STM32F1xx_HAL_Driver/Src/stm32f1xx_hal_adc.o
                0x000000000800381c                HAL_ADC_ConfigChannel
 .text.ADC_Enable
                0x0000000008003a0c       0xb4 ./Drivers/STM32F1xx_HAL_Driver/Src/stm32f1xx_hal_adc.o
                0x0000000008003a0c                ADC_Enable
 .text.ADC_ConversionStop_Disable
                0x0000000008003ac0       0x82 ./Drivers/STM32F1xx_HAL_Driver/Src/stm32f1xx_hal_adc.o
                0x0000000008003ac0                ADC_ConversionStop_Disable
 .text.ADC_DMAConvCplt
                0x0000000008003b42       0x7c ./Drivers/STM32F1xx_HAL_Driver/Src/stm32f1xx_hal_adc.o
                0x0000000008003b42                ADC_DMAConvCplt
 .text.ADC_DMAHalfConvCplt
                0x0000000008003bbe       0x1c ./Drivers/STM32F1xx_HAL_Driver/Src/stm32f1xx_hal_adc.o
                0x0000000008003bbe                ADC_DMAHalfConvCplt
 .text.ADC_DMAError
                0x0000000008003bda       0x34 ./Drivers/STM32F1xx_HAL_Driver/Src/stm32f1xx_hal_adc.o
                0x0000000008003bda                ADC_DMAError
 *fill*         0x0000000008003c0e        0x2 
 .text.__NVIC_SetPriorityGrouping
                0x0000000008003c10       0x48 ./Drivers/STM32F1xx_HAL_Driver/Src/stm32f1xx_hal_cortex.o
 .text.__NVIC_GetPriorityGrouping
                0x0000000008003c58       0x1c ./Drivers/STM32F1xx_HAL_Driver/Src/stm32f1xx_hal_cortex.o
 .text.__NVIC_EnableIRQ
                0x0000000008003c74       0x38 ./Drivers/STM32F1xx_HAL_Driver/Src/stm32f1xx_hal_cortex.o
 .text.__NVIC_SetPriority
                0x0000000008003cac       0x54 ./Drivers/STM32F1xx_HAL_Driver/Src/stm32f1xx_hal_cortex.o
 .text.NVIC_EncodePriority
                0x0000000008003d00       0x64 ./Drivers/STM32F1xx_HAL_Driver/Src/stm32f1xx_hal_cortex.o
 .text.__NVIC_SystemReset
                0x0000000008003d64       0x2c ./Drivers/STM32F1xx_HAL_Driver/Src/stm32f1xx_hal_cortex.o
 .text.SysTick_Config
                0x0000000008003d90       0x44 ./Drivers/STM32F1xx_HAL_Driver/Src/stm32f1xx_hal_cortex.o
 .text.HAL_NVIC_SetPriorityGrouping
                0x0000000008003dd4       0x16 ./Drivers/STM32F1xx_HAL_Driver/Src/stm32f1xx_hal_cortex.o
                0x0000000008003dd4                HAL_NVIC_SetPriorityGrouping
 .text.HAL_NVIC_SetPriority
                0x0000000008003dea       0x38 ./Drivers/STM32F1xx_HAL_Driver/Src/stm32f1xx_hal_cortex.o
                0x0000000008003dea                HAL_NVIC_SetPriority
 .text.HAL_NVIC_EnableIRQ
                0x0000000008003e22       0x1c ./Drivers/STM32F1xx_HAL_Driver/Src/stm32f1xx_hal_cortex.o
                0x0000000008003e22                HAL_NVIC_EnableIRQ
 .text.HAL_NVIC_SystemReset
                0x0000000008003e3e        0x8 ./Drivers/STM32F1xx_HAL_Driver/Src/stm32f1xx_hal_cortex.o
                0x0000000008003e3e                HAL_NVIC_SystemReset
 .text.HAL_SYSTICK_Config
                0x0000000008003e46       0x18 ./Drivers/STM32F1xx_HAL_Driver/Src/stm32f1xx_hal_cortex.o
                0x0000000008003e46                HAL_SYSTICK_Config
 *fill*         0x0000000008003e5e        0x2 
 .text.HAL_DMA_Init
                0x0000000008003e60       0xb4 ./Drivers/STM32F1xx_HAL_Driver/Src/stm32f1xx_hal_dma.o
                0x0000000008003e60                HAL_DMA_Init
 .text.HAL_DMA_Start_IT
                0x0000000008003f14       0xbe ./Drivers/STM32F1xx_HAL_Driver/Src/stm32f1xx_hal_dma.o
                0x0000000008003f14                HAL_DMA_Start_IT
 .text.HAL_DMA_Abort
                0x0000000008003fd2       0x74 ./Drivers/STM32F1xx_HAL_Driver/Src/stm32f1xx_hal_dma.o
                0x0000000008003fd2                HAL_DMA_Abort
 *fill*         0x0000000008004046        0x2 
 .text.HAL_DMA_Abort_IT
                0x0000000008004048       0xec ./Drivers/STM32F1xx_HAL_Driver/Src/stm32f1xx_hal_dma.o
                0x0000000008004048                HAL_DMA_Abort_IT
 .text.HAL_DMA_IRQHandler
                0x0000000008004134      0x20c ./Drivers/STM32F1xx_HAL_Driver/Src/stm32f1xx_hal_dma.o
                0x0000000008004134                HAL_DMA_IRQHandler
 .text.DMA_SetConfig
                0x0000000008004340       0x5a ./Drivers/STM32F1xx_HAL_Driver/Src/stm32f1xx_hal_dma.o
 *fill*         0x000000000800439a        0x2 
 .text.HAL_GPIO_Init
                0x000000000800439c      0x308 ./Drivers/STM32F1xx_HAL_Driver/Src/stm32f1xx_hal_gpio.o
                0x000000000800439c                HAL_GPIO_Init
 .text.HAL_GPIO_ReadPin
                0x00000000080046a4       0x2e ./Drivers/STM32F1xx_HAL_Driver/Src/stm32f1xx_hal_gpio.o
                0x00000000080046a4                HAL_GPIO_ReadPin
 .text.HAL_GPIO_WritePin
                0x00000000080046d2       0x30 ./Drivers/STM32F1xx_HAL_Driver/Src/stm32f1xx_hal_gpio.o
                0x00000000080046d2                HAL_GPIO_WritePin
 *fill*         0x0000000008004702        0x2 
 .text.HAL_GPIO_EXTI_IRQHandler
                0x0000000008004704       0x30 ./Drivers/STM32F1xx_HAL_Driver/Src/stm32f1xx_hal_gpio.o
                0x0000000008004704                HAL_GPIO_EXTI_IRQHandler
 .text.HAL_I2C_Init
                0x0000000008004734      0x288 ./Drivers/STM32F1xx_HAL_Driver/Src/stm32f1xx_hal_i2c.o
                0x0000000008004734                HAL_I2C_Init
 .text.HAL_I2C_Mem_Write
                0x00000000080049bc      0x1f4 ./Drivers/STM32F1xx_HAL_Driver/Src/stm32f1xx_hal_i2c.o
                0x00000000080049bc                HAL_I2C_Mem_Write
 .text.HAL_I2C_Mem_Read
                0x0000000008004bb0      0x4d0 ./Drivers/STM32F1xx_HAL_Driver/Src/stm32f1xx_hal_i2c.o
                0x0000000008004bb0                HAL_I2C_Mem_Read
 .text.HAL_I2C_IsDeviceReady
                0x0000000008005080      0x25c ./Drivers/STM32F1xx_HAL_Driver/Src/stm32f1xx_hal_i2c.o
                0x0000000008005080                HAL_I2C_IsDeviceReady
 .text.I2C_RequestMemoryWrite
                0x00000000080052dc      0x12c ./Drivers/STM32F1xx_HAL_Driver/Src/stm32f1xx_hal_i2c.o
 .text.I2C_RequestMemoryRead
                0x0000000008005408      0x1d0 ./Drivers/STM32F1xx_HAL_Driver/Src/stm32f1xx_hal_i2c.o
 .text.I2C_WaitOnFlagUntilTimeout
                0x00000000080055d8       0xae ./Drivers/STM32F1xx_HAL_Driver/Src/stm32f1xx_hal_i2c.o
 .text.I2C_WaitOnMasterAddressFlagUntilTimeout
                0x0000000008005686       0xfe ./Drivers/STM32F1xx_HAL_Driver/Src/stm32f1xx_hal_i2c.o
 .text.I2C_WaitOnTXEFlagUntilTimeout
                0x0000000008005784       0x82 ./Drivers/STM32F1xx_HAL_Driver/Src/stm32f1xx_hal_i2c.o
 .text.I2C_WaitOnBTFFlagUntilTimeout
                0x0000000008005806       0x82 ./Drivers/STM32F1xx_HAL_Driver/Src/stm32f1xx_hal_i2c.o
 .text.I2C_WaitOnRXNEFlagUntilTimeout
                0x0000000008005888       0xac ./Drivers/STM32F1xx_HAL_Driver/Src/stm32f1xx_hal_i2c.o
 .text.I2C_IsAcknowledgeFailed
                0x0000000008005934       0x5c ./Drivers/STM32F1xx_HAL_Driver/Src/stm32f1xx_hal_i2c.o
 .text.HAL_PWR_EnterSLEEPMode
                0x0000000008005990       0x38 ./Drivers/STM32F1xx_HAL_Driver/Src/stm32f1xx_hal_pwr.o
                0x0000000008005990                HAL_PWR_EnterSLEEPMode
 .text.HAL_PWR_EnableSleepOnExit
                0x00000000080059c8       0x1c ./Drivers/STM32F1xx_HAL_Driver/Src/stm32f1xx_hal_pwr.o
                0x00000000080059c8                HAL_PWR_EnableSleepOnExit
 .text.HAL_PWR_DisableSleepOnExit
                0x00000000080059e4       0x1c ./Drivers/STM32F1xx_HAL_Driver/Src/stm32f1xx_hal_pwr.o
                0x00000000080059e4                HAL_PWR_DisableSleepOnExit
 .text.HAL_RCC_OscConfig
                0x0000000008005a00      0x504 ./Drivers/STM32F1xx_HAL_Driver/Src/stm32f1xx_hal_rcc.o
                0x0000000008005a00                HAL_RCC_OscConfig
 .text.HAL_RCC_ClockConfig
                0x0000000008005f04      0x1d4 ./Drivers/STM32F1xx_HAL_Driver/Src/stm32f1xx_hal_rcc.o
                0x0000000008005f04                HAL_RCC_ClockConfig
 .text.HAL_RCC_GetSysClockFreq
                0x00000000080060d8       0xbc ./Drivers/STM32F1xx_HAL_Driver/Src/stm32f1xx_hal_rcc.o
                0x00000000080060d8                HAL_RCC_GetSysClockFreq
 .text.HAL_RCC_GetHCLKFreq
                0x0000000008006194       0x14 ./Drivers/STM32F1xx_HAL_Driver/Src/stm32f1xx_hal_rcc.o
                0x0000000008006194                HAL_RCC_GetHCLKFreq
 .text.HAL_RCC_GetPCLK1Freq
                0x00000000080061a8       0x28 ./Drivers/STM32F1xx_HAL_Driver/Src/stm32f1xx_hal_rcc.o
                0x00000000080061a8                HAL_RCC_GetPCLK1Freq
 .text.HAL_RCC_GetPCLK2Freq
                0x00000000080061d0       0x28 ./Drivers/STM32F1xx_HAL_Driver/Src/stm32f1xx_hal_rcc.o
                0x00000000080061d0                HAL_RCC_GetPCLK2Freq
 .text.RCC_Delay
                0x00000000080061f8       0x3c ./Drivers/STM32F1xx_HAL_Driver/Src/stm32f1xx_hal_rcc.o
 .text.HAL_RCCEx_PeriphCLKConfig
                0x0000000008006234      0x16c ./Drivers/STM32F1xx_HAL_Driver/Src/stm32f1xx_hal_rcc_ex.o
                0x0000000008006234                HAL_RCCEx_PeriphCLKConfig
 .text.HAL_TIM_Base_Init
                0x00000000080063a0       0x9e ./Drivers/STM32F1xx_HAL_Driver/Src/stm32f1xx_hal_tim.o
                0x00000000080063a0                HAL_TIM_Base_Init
 *fill*         0x000000000800643e        0x2 
 .text.HAL_TIM_Base_Start_IT
                0x0000000008006440       0xa4 ./Drivers/STM32F1xx_HAL_Driver/Src/stm32f1xx_hal_tim.o
                0x0000000008006440                HAL_TIM_Base_Start_IT
 .text.HAL_TIM_Base_Stop_IT
                0x00000000080064e4       0x5c ./Drivers/STM32F1xx_HAL_Driver/Src/stm32f1xx_hal_tim.o
                0x00000000080064e4                HAL_TIM_Base_Stop_IT
 .text.HAL_TIM_IRQHandler
                0x0000000008006540      0x210 ./Drivers/STM32F1xx_HAL_Driver/Src/stm32f1xx_hal_tim.o
                0x0000000008006540                HAL_TIM_IRQHandler
 .text.HAL_TIM_ConfigClockSource
                0x0000000008006750      0x188 ./Drivers/STM32F1xx_HAL_Driver/Src/stm32f1xx_hal_tim.o
                0x0000000008006750                HAL_TIM_ConfigClockSource
 .text.HAL_TIM_OC_DelayElapsedCallback
                0x00000000080068d8       0x12 ./Drivers/STM32F1xx_HAL_Driver/Src/stm32f1xx_hal_tim.o
                0x00000000080068d8                HAL_TIM_OC_DelayElapsedCallback
 .text.HAL_TIM_IC_CaptureCallback
                0x00000000080068ea       0x12 ./Drivers/STM32F1xx_HAL_Driver/Src/stm32f1xx_hal_tim.o
                0x00000000080068ea                HAL_TIM_IC_CaptureCallback
 .text.HAL_TIM_PWM_PulseFinishedCallback
                0x00000000080068fc       0x12 ./Drivers/STM32F1xx_HAL_Driver/Src/stm32f1xx_hal_tim.o
                0x00000000080068fc                HAL_TIM_PWM_PulseFinishedCallback
 .text.HAL_TIM_TriggerCallback
                0x000000000800690e       0x12 ./Drivers/STM32F1xx_HAL_Driver/Src/stm32f1xx_hal_tim.o
                0x000000000800690e                HAL_TIM_TriggerCallback
 .text.TIM_Base_SetConfig
                0x0000000008006920       0xc4 ./Drivers/STM32F1xx_HAL_Driver/Src/stm32f1xx_hal_tim.o
                0x0000000008006920                TIM_Base_SetConfig
 .text.TIM_TI1_ConfigInputStage
                0x00000000080069e4       0x5c ./Drivers/STM32F1xx_HAL_Driver/Src/stm32f1xx_hal_tim.o
 .text.TIM_TI2_ConfigInputStage
                0x0000000008006a40       0x5e ./Drivers/STM32F1xx_HAL_Driver/Src/stm32f1xx_hal_tim.o
 .text.TIM_ITRx_SetConfig
                0x0000000008006a9e       0x34 ./Drivers/STM32F1xx_HAL_Driver/Src/stm32f1xx_hal_tim.o
 .text.TIM_ETR_SetConfig
                0x0000000008006ad2       0x3e ./Drivers/STM32F1xx_HAL_Driver/Src/stm32f1xx_hal_tim.o
                0x0000000008006ad2                TIM_ETR_SetConfig
 .text.HAL_TIMEx_MasterConfigSynchronization
                0x0000000008006b10       0xbc ./Drivers/STM32F1xx_HAL_Driver/Src/stm32f1xx_hal_tim_ex.o
                0x0000000008006b10                HAL_TIMEx_MasterConfigSynchronization
 .text.HAL_TIMEx_CommutCallback
                0x0000000008006bcc       0x12 ./Drivers/STM32F1xx_HAL_Driver/Src/stm32f1xx_hal_tim_ex.o
                0x0000000008006bcc                HAL_TIMEx_CommutCallback
 .text.HAL_TIMEx_BreakCallback
                0x0000000008006bde       0x12 ./Drivers/STM32F1xx_HAL_Driver/Src/stm32f1xx_hal_tim_ex.o
                0x0000000008006bde                HAL_TIMEx_BreakCallback
 .text.HAL_UART_Init
                0x0000000008006bf0       0x9a ./Drivers/STM32F1xx_HAL_Driver/Src/stm32f1xx_hal_uart.o
                0x0000000008006bf0                HAL_UART_Init
 .text.HAL_UART_Transmit
                0x0000000008006c8a      0x124 ./Drivers/STM32F1xx_HAL_Driver/Src/stm32f1xx_hal_uart.o
                0x0000000008006c8a                HAL_UART_Transmit
 .text.HAL_UART_Receive_DMA
                0x0000000008006dae       0x60 ./Drivers/STM32F1xx_HAL_Driver/Src/stm32f1xx_hal_uart.o
                0x0000000008006dae                HAL_UART_Receive_DMA
 .text.HAL_UART_DMAStop
                0x0000000008006e0e       0xb6 ./Drivers/STM32F1xx_HAL_Driver/Src/stm32f1xx_hal_uart.o
                0x0000000008006e0e                HAL_UART_DMAStop
 .text.HAL_UART_IRQHandler
                0x0000000008006ec4      0x354 ./Drivers/STM32F1xx_HAL_Driver/Src/stm32f1xx_hal_uart.o
                0x0000000008006ec4                HAL_UART_IRQHandler
 .text.HAL_UART_TxCpltCallback
                0x0000000008007218       0x12 ./Drivers/STM32F1xx_HAL_Driver/Src/stm32f1xx_hal_uart.o
                0x0000000008007218                HAL_UART_TxCpltCallback
 .text.HAL_UART_RxCpltCallback
                0x000000000800722a       0x12 ./Drivers/STM32F1xx_HAL_Driver/Src/stm32f1xx_hal_uart.o
                0x000000000800722a                HAL_UART_RxCpltCallback
 .text.HAL_UART_RxHalfCpltCallback
                0x000000000800723c       0x12 ./Drivers/STM32F1xx_HAL_Driver/Src/stm32f1xx_hal_uart.o
                0x000000000800723c                HAL_UART_RxHalfCpltCallback
 .text.HAL_UART_ErrorCallback
                0x000000000800724e       0x12 ./Drivers/STM32F1xx_HAL_Driver/Src/stm32f1xx_hal_uart.o
                0x000000000800724e                HAL_UART_ErrorCallback
 .text.HAL_UARTEx_RxEventCallback
                0x0000000008007260       0x16 ./Drivers/STM32F1xx_HAL_Driver/Src/stm32f1xx_hal_uart.o
                0x0000000008007260                HAL_UARTEx_RxEventCallback
 .text.UART_DMAReceiveCplt
                0x0000000008007276       0x96 ./Drivers/STM32F1xx_HAL_Driver/Src/stm32f1xx_hal_uart.o
 .text.UART_DMARxHalfCplt
                0x000000000800730c       0x36 ./Drivers/STM32F1xx_HAL_Driver/Src/stm32f1xx_hal_uart.o
 .text.UART_DMAError
                0x0000000008007342       0x94 ./Drivers/STM32F1xx_HAL_Driver/Src/stm32f1xx_hal_uart.o
 .text.UART_WaitOnFlagUntilTimeout
                0x00000000080073d6       0x94 ./Drivers/STM32F1xx_HAL_Driver/Src/stm32f1xx_hal_uart.o
 *fill*         0x000000000800746a        0x2 
 .text.UART_Start_Receive_DMA
                0x000000000800746c       0xc8 ./Drivers/STM32F1xx_HAL_Driver/Src/stm32f1xx_hal_uart.o
                0x000000000800746c                UART_Start_Receive_DMA
 .text.UART_EndTxTransfer
                0x0000000008007534       0x2a ./Drivers/STM32F1xx_HAL_Driver/Src/stm32f1xx_hal_uart.o
 .text.UART_EndRxTransfer
                0x000000000800755e       0x58 ./Drivers/STM32F1xx_HAL_Driver/Src/stm32f1xx_hal_uart.o
 .text.UART_DMAAbortOnError
                0x00000000080075b6       0x28 ./Drivers/STM32F1xx_HAL_Driver/Src/stm32f1xx_hal_uart.o
 .text.UART_Transmit_IT
                0x00000000080075de       0x9e ./Drivers/STM32F1xx_HAL_Driver/Src/stm32f1xx_hal_uart.o
 .text.UART_EndTransmit_IT
                0x000000000800767c       0x30 ./Drivers/STM32F1xx_HAL_Driver/Src/stm32f1xx_hal_uart.o
 .text.UART_Receive_IT
                0x00000000080076ac      0x152 ./Drivers/STM32F1xx_HAL_Driver/Src/stm32f1xx_hal_uart.o
 *fill*         0x00000000080077fe        0x2 
 .text.UART_SetConfig
                0x0000000008007800      0x11c ./Drivers/STM32F1xx_HAL_Driver/Src/stm32f1xx_hal_uart.o
 .text._ZdlPvj  0x000000000800791c        0x4 d:/00.software/01.stm32cubeide/stm32cubeide_1.12.0/stm32cubeide/plugins/com.st.stm32cube.ide.mcu.externaltools.gnu-tools-for-stm32.10.3-2021.10.win32_1.0.200.202301161003/tools/bin/../lib/gcc/arm-none-eabi/10.3.1/../../../../arm-none-eabi/lib/thumb/v7-m/nofp\libstdc++_nano.a(del_ops.o)
                0x000000000800791c                operator delete(void*, unsigned int)
 .text._Znwj    0x0000000008007920       0x22 d:/00.software/01.stm32cubeide/stm32cubeide_1.12.0/stm32cubeide/plugins/com.st.stm32cube.ide.mcu.externaltools.gnu-tools-for-stm32.10.3-2021.10.win32_1.0.200.202301161003/tools/bin/../lib/gcc/arm-none-eabi/10.3.1/../../../../arm-none-eabi/lib/thumb/v7-m/nofp\libstdc++_nano.a(new_op.o)
                0x0000000008007920                operator new(unsigned int)
 .text._ZdlPv   0x0000000008007942        0x4 d:/00.software/01.stm32cubeide/stm32cubeide_1.12.0/stm32cubeide/plugins/com.st.stm32cube.ide.mcu.externaltools.gnu-tools-for-stm32.10.3-2021.10.win32_1.0.200.202301161003/tools/bin/../lib/gcc/arm-none-eabi/10.3.1/../../../../arm-none-eabi/lib/thumb/v7-m/nofp\libstdc++_nano.a(del_op.o)
                0x0000000008007942                operator delete(void*)
 *fill*         0x0000000008007946        0x2 
 .text._ZSt15get_new_handlerv
                0x0000000008007948       0x10 d:/00.software/01.stm32cubeide/stm32cubeide_1.12.0/stm32cubeide/plugins/com.st.stm32cube.ide.mcu.externaltools.gnu-tools-for-stm32.10.3-2021.10.win32_1.0.200.202301161003/tools/bin/../lib/gcc/arm-none-eabi/10.3.1/../../../../arm-none-eabi/lib/thumb/v7-m/nofp\libstdc++_nano.a(new_handler.o)
                0x0000000008007948                std::get_new_handler()
 .text.logf     0x0000000008007958       0x50 d:/00.software/01.stm32cubeide/stm32cubeide_1.12.0/stm32cubeide/plugins/com.st.stm32cube.ide.mcu.externaltools.gnu-tools-for-stm32.10.3-2021.10.win32_1.0.200.202301161003/tools/bin/../lib/gcc/arm-none-eabi/10.3.1/../../../../arm-none-eabi/lib/thumb/v7-m/nofp\libm.a(lib_a-wf_log.o)
                0x0000000008007958                logf
 .text.sqrtf    0x00000000080079a8       0x34 d:/00.software/01.stm32cubeide/stm32cubeide_1.12.0/stm32cubeide/plugins/com.st.stm32cube.ide.mcu.externaltools.gnu-tools-for-stm32.10.3-2021.10.win32_1.0.200.202301161003/tools/bin/../lib/gcc/arm-none-eabi/10.3.1/../../../../arm-none-eabi/lib/thumb/v7-m/nofp\libm.a(lib_a-wf_sqrt.o)
                0x00000000080079a8                sqrtf
 .text.__ieee754_logf
                0x00000000080079dc      0x248 d:/00.software/01.stm32cubeide/stm32cubeide_1.12.0/stm32cubeide/plugins/com.st.stm32cube.ide.mcu.externaltools.gnu-tools-for-stm32.10.3-2021.10.win32_1.0.200.202301161003/tools/bin/../lib/gcc/arm-none-eabi/10.3.1/../../../../arm-none-eabi/lib/thumb/v7-m/nofp\libm.a(lib_a-ef_log.o)
                0x00000000080079dc                __ieee754_logf
 .text.__ieee754_sqrtf
                0x0000000008007c24       0xa2 d:/00.software/01.stm32cubeide/stm32cubeide_1.12.0/stm32cubeide/plugins/com.st.stm32cube.ide.mcu.externaltools.gnu-tools-for-stm32.10.3-2021.10.win32_1.0.200.202301161003/tools/bin/../lib/gcc/arm-none-eabi/10.3.1/../../../../arm-none-eabi/lib/thumb/v7-m/nofp\libm.a(lib_a-ef_sqrt.o)
                0x0000000008007c24                __ieee754_sqrtf
 *fill*         0x0000000008007cc6        0x2 
 .text.nanf     0x0000000008007cc8        0x8 d:/00.software/01.stm32cubeide/stm32cubeide_1.12.0/stm32cubeide/plugins/com.st.stm32cube.ide.mcu.externaltools.gnu-tools-for-stm32.10.3-2021.10.win32_1.0.200.202301161003/tools/bin/../lib/gcc/arm-none-eabi/10.3.1/../../../../arm-none-eabi/lib/thumb/v7-m/nofp\libm.a(lib_a-sf_nan.o)
                0x0000000008007cc8                nanf
 .text.abort    0x0000000008007cd0        0xe d:/00.software/01.stm32cubeide/stm32cubeide_1.12.0/stm32cubeide/plugins/com.st.stm32cube.ide.mcu.externaltools.gnu-tools-for-stm32.10.3-2021.10.win32_1.0.200.202301161003/tools/bin/../lib/gcc/arm-none-eabi/10.3.1/../../../../arm-none-eabi/lib/thumb/v7-m/nofp\libc_nano.a(lib_a-abort.o)
                0x0000000008007cd0                abort
 .text.atoi     0x0000000008007cde        0x8 d:/00.software/01.stm32cubeide/stm32cubeide_1.12.0/stm32cubeide/plugins/com.st.stm32cube.ide.mcu.externaltools.gnu-tools-for-stm32.10.3-2021.10.win32_1.0.200.202301161003/tools/bin/../lib/gcc/arm-none-eabi/10.3.1/../../../../arm-none-eabi/lib/thumb/v7-m/nofp\libc_nano.a(lib_a-atoi.o)
                0x0000000008007cde                atoi
 *fill*         0x0000000008007ce6        0x2 
 .text.__errno  0x0000000008007ce8        0xc d:/00.software/01.stm32cubeide/stm32cubeide_1.12.0/stm32cubeide/plugins/com.st.stm32cube.ide.mcu.externaltools.gnu-tools-for-stm32.10.3-2021.10.win32_1.0.200.202301161003/tools/bin/../lib/gcc/arm-none-eabi/10.3.1/../../../../arm-none-eabi/lib/thumb/v7-m/nofp\libc_nano.a(lib_a-errno.o)
                0x0000000008007ce8                __errno
 .text.__libc_init_array
                0x0000000008007cf4       0x48 d:/00.software/01.stm32cubeide/stm32cubeide_1.12.0/stm32cubeide/plugins/com.st.stm32cube.ide.mcu.externaltools.gnu-tools-for-stm32.10.3-2021.10.win32_1.0.200.202301161003/tools/bin/../lib/gcc/arm-none-eabi/10.3.1/../../../../arm-none-eabi/lib/thumb/v7-m/nofp\libc_nano.a(lib_a-init.o)
                0x0000000008007cf4                __libc_init_array
 .text.malloc   0x0000000008007d3c       0x10 d:/00.software/01.stm32cubeide/stm32cubeide_1.12.0/stm32cubeide/plugins/com.st.stm32cube.ide.mcu.externaltools.gnu-tools-for-stm32.10.3-2021.10.win32_1.0.200.202301161003/tools/bin/../lib/gcc/arm-none-eabi/10.3.1/../../../../arm-none-eabi/lib/thumb/v7-m/nofp\libc_nano.a(lib_a-malloc.o)
                0x0000000008007d3c                malloc
 .text.free     0x0000000008007d4c       0x10 d:/00.software/01.stm32cubeide/stm32cubeide_1.12.0/stm32cubeide/plugins/com.st.stm32cube.ide.mcu.externaltools.gnu-tools-for-stm32.10.3-2021.10.win32_1.0.200.202301161003/tools/bin/../lib/gcc/arm-none-eabi/10.3.1/../../../../arm-none-eabi/lib/thumb/v7-m/nofp\libc_nano.a(lib_a-malloc.o)
                0x0000000008007d4c                free
 .text.memcpy   0x0000000008007d5c       0x1c d:/00.software/01.stm32cubeide/stm32cubeide_1.12.0/stm32cubeide/plugins/com.st.stm32cube.ide.mcu.externaltools.gnu-tools-for-stm32.10.3-2021.10.win32_1.0.200.202301161003/tools/bin/../lib/gcc/arm-none-eabi/10.3.1/../../../../arm-none-eabi/lib/thumb/v7-m/nofp\libc_nano.a(lib_a-memcpy-stub.o)
                0x0000000008007d5c                memcpy
 .text.memset   0x0000000008007d78       0x10 d:/00.software/01.stm32cubeide/stm32cubeide_1.12.0/stm32cubeide/plugins/com.st.stm32cube.ide.mcu.externaltools.gnu-tools-for-stm32.10.3-2021.10.win32_1.0.200.202301161003/tools/bin/../lib/gcc/arm-none-eabi/10.3.1/../../../../arm-none-eabi/lib/thumb/v7-m/nofp\libc_nano.a(lib_a-memset.o)
                0x0000000008007d78                memset
 .text._free_r  0x0000000008007d88       0x90 d:/00.software/01.stm32cubeide/stm32cubeide_1.12.0/stm32cubeide/plugins/com.st.stm32cube.ide.mcu.externaltools.gnu-tools-for-stm32.10.3-2021.10.win32_1.0.200.202301161003/tools/bin/../lib/gcc/arm-none-eabi/10.3.1/../../../../arm-none-eabi/lib/thumb/v7-m/nofp\libc_nano.a(lib_a-nano-freer.o)
                0x0000000008007d88                _free_r
 .text.sbrk_aligned
                0x0000000008007e18       0x40 d:/00.software/01.stm32cubeide/stm32cubeide_1.12.0/stm32cubeide/plugins/com.st.stm32cube.ide.mcu.externaltools.gnu-tools-for-stm32.10.3-2021.10.win32_1.0.200.202301161003/tools/bin/../lib/gcc/arm-none-eabi/10.3.1/../../../../arm-none-eabi/lib/thumb/v7-m/nofp\libc_nano.a(lib_a-nano-mallocr.o)
 .text._malloc_r
                0x0000000008007e58       0xe8 d:/00.software/01.stm32cubeide/stm32cubeide_1.12.0/stm32cubeide/plugins/com.st.stm32cube.ide.mcu.externaltools.gnu-tools-for-stm32.10.3-2021.10.win32_1.0.200.202301161003/tools/bin/../lib/gcc/arm-none-eabi/10.3.1/../../../../arm-none-eabi/lib/thumb/v7-m/nofp\libc_nano.a(lib_a-nano-mallocr.o)
                0x0000000008007e58                _malloc_r
 .text.printf   0x0000000008007f40       0x30 d:/00.software/01.stm32cubeide/stm32cubeide_1.12.0/stm32cubeide/plugins/com.st.stm32cube.ide.mcu.externaltools.gnu-tools-for-stm32.10.3-2021.10.win32_1.0.200.202301161003/tools/bin/../lib/gcc/arm-none-eabi/10.3.1/../../../../arm-none-eabi/lib/thumb/v7-m/nofp\libc_nano.a(lib_a-printf.o)
                0x0000000008007f40                iprintf
                0x0000000008007f40                printf
 .text._puts_r  0x0000000008007f70       0xdc d:/00.software/01.stm32cubeide/stm32cubeide_1.12.0/stm32cubeide/plugins/com.st.stm32cube.ide.mcu.externaltools.gnu-tools-for-stm32.10.3-2021.10.win32_1.0.200.202301161003/tools/bin/../lib/gcc/arm-none-eabi/10.3.1/../../../../arm-none-eabi/lib/thumb/v7-m/nofp\libc_nano.a(lib_a-puts.o)
                0x0000000008007f70                _puts_r
 .text.puts     0x000000000800804c       0x10 d:/00.software/01.stm32cubeide/stm32cubeide_1.12.0/stm32cubeide/plugins/com.st.stm32cube.ide.mcu.externaltools.gnu-tools-for-stm32.10.3-2021.10.win32_1.0.200.202301161003/tools/bin/../lib/gcc/arm-none-eabi/10.3.1/../../../../arm-none-eabi/lib/thumb/v7-m/nofp\libc_nano.a(lib_a-puts.o)
                0x000000000800804c                puts
 .text._sbrk_r  0x000000000800805c       0x20 d:/00.software/01.stm32cubeide/stm32cubeide_1.12.0/stm32cubeide/plugins/com.st.stm32cube.ide.mcu.externaltools.gnu-tools-for-stm32.10.3-2021.10.win32_1.0.200.202301161003/tools/bin/../lib/gcc/arm-none-eabi/10.3.1/../../../../arm-none-eabi/lib/thumb/v7-m/nofp\libc_nano.a(lib_a-sbrkr.o)
                0x000000000800805c                _sbrk_r
 .text._raise_r
                0x000000000800807c       0x50 d:/00.software/01.stm32cubeide/stm32cubeide_1.12.0/stm32cubeide/plugins/com.st.stm32cube.ide.mcu.externaltools.gnu-tools-for-stm32.10.3-2021.10.win32_1.0.200.202301161003/tools/bin/../lib/gcc/arm-none-eabi/10.3.1/../../../../arm-none-eabi/lib/thumb/v7-m/nofp\libc_nano.a(lib_a-signal.o)
                0x000000000800807c                _raise_r
 .text.raise    0x00000000080080cc       0x10 d:/00.software/01.stm32cubeide/stm32cubeide_1.12.0/stm32cubeide/plugins/com.st.stm32cube.ide.mcu.externaltools.gnu-tools-for-stm32.10.3-2021.10.win32_1.0.200.202301161003/tools/bin/../lib/gcc/arm-none-eabi/10.3.1/../../../../arm-none-eabi/lib/thumb/v7-m/nofp\libc_nano.a(lib_a-signal.o)
                0x00000000080080cc                raise
 .text._kill_r  0x00000000080080dc       0x24 d:/00.software/01.stm32cubeide/stm32cubeide_1.12.0/stm32cubeide/plugins/com.st.stm32cube.ide.mcu.externaltools.gnu-tools-for-stm32.10.3-2021.10.win32_1.0.200.202301161003/tools/bin/../lib/gcc/arm-none-eabi/10.3.1/../../../../arm-none-eabi/lib/thumb/v7-m/nofp\libc_nano.a(lib_a-signalr.o)
                0x00000000080080dc                _kill_r
 .text._getpid_r
                0x0000000008008100        0x4 d:/00.software/01.stm32cubeide/stm32cubeide_1.12.0/stm32cubeide/plugins/com.st.stm32cube.ide.mcu.externaltools.gnu-tools-for-stm32.10.3-2021.10.win32_1.0.200.202301161003/tools/bin/../lib/gcc/arm-none-eabi/10.3.1/../../../../arm-none-eabi/lib/thumb/v7-m/nofp\libc_nano.a(lib_a-signalr.o)
                0x0000000008008100                _getpid_r
 .text.snprintf
                0x0000000008008104       0x68 d:/00.software/01.stm32cubeide/stm32cubeide_1.12.0/stm32cubeide/plugins/com.st.stm32cube.ide.mcu.externaltools.gnu-tools-for-stm32.10.3-2021.10.win32_1.0.200.202301161003/tools/bin/../lib/gcc/arm-none-eabi/10.3.1/../../../../arm-none-eabi/lib/thumb/v7-m/nofp\libc_nano.a(lib_a-snprintf.o)
                0x0000000008008104                sniprintf
                0x0000000008008104                snprintf
 .text.sprintf  0x000000000800816c       0x40 d:/00.software/01.stm32cubeide/stm32cubeide_1.12.0/stm32cubeide/plugins/com.st.stm32cube.ide.mcu.externaltools.gnu-tools-for-stm32.10.3-2021.10.win32_1.0.200.202301161003/tools/bin/../lib/gcc/arm-none-eabi/10.3.1/../../../../arm-none-eabi/lib/thumb/v7-m/nofp\libc_nano.a(lib_a-sprintf.o)
                0x000000000800816c                siprintf
                0x000000000800816c                sprintf
 .text.strchr   0x00000000080081ac       0x1a d:/00.software/01.stm32cubeide/stm32cubeide_1.12.0/stm32cubeide/plugins/com.st.stm32cube.ide.mcu.externaltools.gnu-tools-for-stm32.10.3-2021.10.win32_1.0.200.202301161003/tools/bin/../lib/gcc/arm-none-eabi/10.3.1/../../../../arm-none-eabi/lib/thumb/v7-m/nofp\libc_nano.a(lib_a-strchr.o)
                0x00000000080081ac                strchr
 .text.strstr   0x00000000080081c6       0x2c d:/00.software/01.stm32cubeide/stm32cubeide_1.12.0/stm32cubeide/plugins/com.st.stm32cube.ide.mcu.externaltools.gnu-tools-for-stm32.10.3-2021.10.win32_1.0.200.202301161003/tools/bin/../lib/gcc/arm-none-eabi/10.3.1/../../../../arm-none-eabi/lib/thumb/v7-m/nofp\libc_nano.a(lib_a-strstr.o)
                0x00000000080081c6                strstr
 *fill*         0x00000000080081f2        0x2 
 .text._strtol_l.constprop.0
                0x00000000080081f4       0xf8 d:/00.software/01.stm32cubeide/stm32cubeide_1.12.0/stm32cubeide/plugins/com.st.stm32cube.ide.mcu.externaltools.gnu-tools-for-stm32.10.3-2021.10.win32_1.0.200.202301161003/tools/bin/../lib/gcc/arm-none-eabi/10.3.1/../../../../arm-none-eabi/lib/thumb/v7-m/nofp\libc_nano.a(lib_a-strtol.o)
 .text.strtol   0x00000000080082ec       0x14 d:/00.software/01.stm32cubeide/stm32cubeide_1.12.0/stm32cubeide/plugins/com.st.stm32cube.ide.mcu.externaltools.gnu-tools-for-stm32.10.3-2021.10.win32_1.0.200.202301161003/tools/bin/../lib/gcc/arm-none-eabi/10.3.1/../../../../arm-none-eabi/lib/thumb/v7-m/nofp\libc_nano.a(lib_a-strtol.o)
                0x00000000080082ec                strtol
 .text.__swbuf_r
                0x0000000008008300       0xa4 d:/00.software/01.stm32cubeide/stm32cubeide_1.12.0/stm32cubeide/plugins/com.st.stm32cube.ide.mcu.externaltools.gnu-tools-for-stm32.10.3-2021.10.win32_1.0.200.202301161003/tools/bin/../lib/gcc/arm-none-eabi/10.3.1/../../../../arm-none-eabi/lib/thumb/v7-m/nofp\libc_nano.a(lib_a-wbuf.o)
                0x0000000008008300                __swbuf_r
 .text.__swsetup_r
                0x00000000080083a4       0xdc d:/00.software/01.stm32cubeide/stm32cubeide_1.12.0/stm32cubeide/plugins/com.st.stm32cube.ide.mcu.externaltools.gnu-tools-for-stm32.10.3-2021.10.win32_1.0.200.202301161003/tools/bin/../lib/gcc/arm-none-eabi/10.3.1/../../../../arm-none-eabi/lib/thumb/v7-m/nofp\libc_nano.a(lib_a-wsetup.o)
                0x00000000080083a4                __swsetup_r
 .text.__sflush_r
                0x0000000008008480      0x104 d:/00.software/01.stm32cubeide/stm32cubeide_1.12.0/stm32cubeide/plugins/com.st.stm32cube.ide.mcu.externaltools.gnu-tools-for-stm32.10.3-2021.10.win32_1.0.200.202301161003/tools/bin/../lib/gcc/arm-none-eabi/10.3.1/../../../../arm-none-eabi/lib/thumb/v7-m/nofp\libc_nano.a(lib_a-fflush.o)
                0x0000000008008480                __sflush_r
 .text._fflush_r
                0x0000000008008584       0x78 d:/00.software/01.stm32cubeide/stm32cubeide_1.12.0/stm32cubeide/plugins/com.st.stm32cube.ide.mcu.externaltools.gnu-tools-for-stm32.10.3-2021.10.win32_1.0.200.202301161003/tools/bin/../lib/gcc/arm-none-eabi/10.3.1/../../../../arm-none-eabi/lib/thumb/v7-m/nofp\libc_nano.a(lib_a-fflush.o)
                0x0000000008008584                _fflush_r
 .text.std      0x00000000080085fc       0x48 d:/00.software/01.stm32cubeide/stm32cubeide_1.12.0/stm32cubeide/plugins/com.st.stm32cube.ide.mcu.externaltools.gnu-tools-for-stm32.10.3-2021.10.win32_1.0.200.202301161003/tools/bin/../lib/gcc/arm-none-eabi/10.3.1/../../../../arm-none-eabi/lib/thumb/v7-m/nofp\libc_nano.a(lib_a-findfp.o)
 .text._cleanup_r
                0x0000000008008644        0xc d:/00.software/01.stm32cubeide/stm32cubeide_1.12.0/stm32cubeide/plugins/com.st.stm32cube.ide.mcu.externaltools.gnu-tools-for-stm32.10.3-2021.10.win32_1.0.200.202301161003/tools/bin/../lib/gcc/arm-none-eabi/10.3.1/../../../../arm-none-eabi/lib/thumb/v7-m/nofp\libc_nano.a(lib_a-findfp.o)
                0x0000000008008644                _cleanup_r
 .text.__sfmoreglue
                0x0000000008008650       0x2c d:/00.software/01.stm32cubeide/stm32cubeide_1.12.0/stm32cubeide/plugins/com.st.stm32cube.ide.mcu.externaltools.gnu-tools-for-stm32.10.3-2021.10.win32_1.0.200.202301161003/tools/bin/../lib/gcc/arm-none-eabi/10.3.1/../../../../arm-none-eabi/lib/thumb/v7-m/nofp\libc_nano.a(lib_a-findfp.o)
                0x0000000008008650                __sfmoreglue
 .text.__sfp_lock_acquire
                0x000000000800867c        0xc d:/00.software/01.stm32cubeide/stm32cubeide_1.12.0/stm32cubeide/plugins/com.st.stm32cube.ide.mcu.externaltools.gnu-tools-for-stm32.10.3-2021.10.win32_1.0.200.202301161003/tools/bin/../lib/gcc/arm-none-eabi/10.3.1/../../../../arm-none-eabi/lib/thumb/v7-m/nofp\libc_nano.a(lib_a-findfp.o)
                0x000000000800867c                __sfp_lock_acquire
 .text.__sfp_lock_release
                0x0000000008008688        0xc d:/00.software/01.stm32cubeide/stm32cubeide_1.12.0/stm32cubeide/plugins/com.st.stm32cube.ide.mcu.externaltools.gnu-tools-for-stm32.10.3-2021.10.win32_1.0.200.202301161003/tools/bin/../lib/gcc/arm-none-eabi/10.3.1/../../../../arm-none-eabi/lib/thumb/v7-m/nofp\libc_nano.a(lib_a-findfp.o)
                0x0000000008008688                __sfp_lock_release
 .text.__sinit_lock_acquire
                0x0000000008008694        0xc d:/00.software/01.stm32cubeide/stm32cubeide_1.12.0/stm32cubeide/plugins/com.st.stm32cube.ide.mcu.externaltools.gnu-tools-for-stm32.10.3-2021.10.win32_1.0.200.202301161003/tools/bin/../lib/gcc/arm-none-eabi/10.3.1/../../../../arm-none-eabi/lib/thumb/v7-m/nofp\libc_nano.a(lib_a-findfp.o)
                0x0000000008008694                __sinit_lock_acquire
 .text.__sinit_lock_release
                0x00000000080086a0        0xc d:/00.software/01.stm32cubeide/stm32cubeide_1.12.0/stm32cubeide/plugins/com.st.stm32cube.ide.mcu.externaltools.gnu-tools-for-stm32.10.3-2021.10.win32_1.0.200.202301161003/tools/bin/../lib/gcc/arm-none-eabi/10.3.1/../../../../arm-none-eabi/lib/thumb/v7-m/nofp\libc_nano.a(lib_a-findfp.o)
                0x00000000080086a0                __sinit_lock_release
 .text.__sinit  0x00000000080086ac       0x70 d:/00.software/01.stm32cubeide/stm32cubeide_1.12.0/stm32cubeide/plugins/com.st.stm32cube.ide.mcu.externaltools.gnu-tools-for-stm32.10.3-2021.10.win32_1.0.200.202301161003/tools/bin/../lib/gcc/arm-none-eabi/10.3.1/../../../../arm-none-eabi/lib/thumb/v7-m/nofp\libc_nano.a(lib_a-findfp.o)
                0x00000000080086ac                __sinit
 .text.__sfp    0x000000000800871c       0x8c d:/00.software/01.stm32cubeide/stm32cubeide_1.12.0/stm32cubeide/plugins/com.st.stm32cube.ide.mcu.externaltools.gnu-tools-for-stm32.10.3-2021.10.win32_1.0.200.202301161003/tools/bin/../lib/gcc/arm-none-eabi/10.3.1/../../../../arm-none-eabi/lib/thumb/v7-m/nofp\libc_nano.a(lib_a-findfp.o)
                0x000000000800871c                __sfp
 .text._fwalk_reent
                0x00000000080087a8       0x3e d:/00.software/01.stm32cubeide/stm32cubeide_1.12.0/stm32cubeide/plugins/com.st.stm32cube.ide.mcu.externaltools.gnu-tools-for-stm32.10.3-2021.10.win32_1.0.200.202301161003/tools/bin/../lib/gcc/arm-none-eabi/10.3.1/../../../../arm-none-eabi/lib/thumb/v7-m/nofp\libc_nano.a(lib_a-fwalk.o)
                0x00000000080087a8                _fwalk_reent
 .text.__retarget_lock_init_recursive
                0x00000000080087e6        0x2 d:/00.software/01.stm32cubeide/stm32cubeide_1.12.0/stm32cubeide/plugins/com.st.stm32cube.ide.mcu.externaltools.gnu-tools-for-stm32.10.3-2021.10.win32_1.0.200.202301161003/tools/bin/../lib/gcc/arm-none-eabi/10.3.1/../../../../arm-none-eabi/lib/thumb/v7-m/nofp\libc_nano.a(lib_a-lock.o)
                0x00000000080087e6                __retarget_lock_init_recursive
 .text.__retarget_lock_acquire_recursive
                0x00000000080087e8        0x2 d:/00.software/01.stm32cubeide/stm32cubeide_1.12.0/stm32cubeide/plugins/com.st.stm32cube.ide.mcu.externaltools.gnu-tools-for-stm32.10.3-2021.10.win32_1.0.200.202301161003/tools/bin/../lib/gcc/arm-none-eabi/10.3.1/../../../../arm-none-eabi/lib/thumb/v7-m/nofp\libc_nano.a(lib_a-lock.o)
                0x00000000080087e8                __retarget_lock_acquire_recursive
 .text.__retarget_lock_release_recursive
                0x00000000080087ea        0x2 d:/00.software/01.stm32cubeide/stm32cubeide_1.12.0/stm32cubeide/plugins/com.st.stm32cube.ide.mcu.externaltools.gnu-tools-for-stm32.10.3-2021.10.win32_1.0.200.202301161003/tools/bin/../lib/gcc/arm-none-eabi/10.3.1/../../../../arm-none-eabi/lib/thumb/v7-m/nofp\libc_nano.a(lib_a-lock.o)
                0x00000000080087ea                __retarget_lock_release_recursive
 .text.__swhatbuf_r
                0x00000000080087ec       0x4a d:/00.software/01.stm32cubeide/stm32cubeide_1.12.0/stm32cubeide/plugins/com.st.stm32cube.ide.mcu.externaltools.gnu-tools-for-stm32.10.3-2021.10.win32_1.0.200.202301161003/tools/bin/../lib/gcc/arm-none-eabi/10.3.1/../../../../arm-none-eabi/lib/thumb/v7-m/nofp\libc_nano.a(lib_a-makebuf.o)
                0x00000000080087ec                __swhatbuf_r
 *fill*         0x0000000008008836        0x2 
 .text.__smakebuf_r
                0x0000000008008838       0x80 d:/00.software/01.stm32cubeide/stm32cubeide_1.12.0/stm32cubeide/plugins/com.st.stm32cube.ide.mcu.externaltools.gnu-tools-for-stm32.10.3-2021.10.win32_1.0.200.202301161003/tools/bin/../lib/gcc/arm-none-eabi/10.3.1/../../../../arm-none-eabi/lib/thumb/v7-m/nofp\libc_nano.a(lib_a-makebuf.o)
                0x0000000008008838                __smakebuf_r
 .text.__malloc_lock
                0x00000000080088b8        0xc d:/00.software/01.stm32cubeide/stm32cubeide_1.12.0/stm32cubeide/plugins/com.st.stm32cube.ide.mcu.externaltools.gnu-tools-for-stm32.10.3-2021.10.win32_1.0.200.202301161003/tools/bin/../lib/gcc/arm-none-eabi/10.3.1/../../../../arm-none-eabi/lib/thumb/v7-m/nofp\libc_nano.a(lib_a-mlock.o)
                0x00000000080088b8                __malloc_lock
 .text.__malloc_unlock
                0x00000000080088c4        0xc d:/00.software/01.stm32cubeide/stm32cubeide_1.12.0/stm32cubeide/plugins/com.st.stm32cube.ide.mcu.externaltools.gnu-tools-for-stm32.10.3-2021.10.win32_1.0.200.202301161003/tools/bin/../lib/gcc/arm-none-eabi/10.3.1/../../../../arm-none-eabi/lib/thumb/v7-m/nofp\libc_nano.a(lib_a-mlock.o)
                0x00000000080088c4                __malloc_unlock
 .text.__ssputs_r
                0x00000000080088d0       0xb6 d:/00.software/01.stm32cubeide/stm32cubeide_1.12.0/stm32cubeide/plugins/com.st.stm32cube.ide.mcu.externaltools.gnu-tools-for-stm32.10.3-2021.10.win32_1.0.200.202301161003/tools/bin/../lib/gcc/arm-none-eabi/10.3.1/../../../../arm-none-eabi/lib/thumb/v7-m/nofp\libc_nano.a(lib_a-nano-svfprintf.o)
                0x00000000080088d0                __ssputs_r
 *fill*         0x0000000008008986        0x2 
 .text._svfprintf_r
                0x0000000008008988      0x200 d:/00.software/01.stm32cubeide/stm32cubeide_1.12.0/stm32cubeide/plugins/com.st.stm32cube.ide.mcu.externaltools.gnu-tools-for-stm32.10.3-2021.10.win32_1.0.200.202301161003/tools/bin/../lib/gcc/arm-none-eabi/10.3.1/../../../../arm-none-eabi/lib/thumb/v7-m/nofp\libc_nano.a(lib_a-nano-svfprintf.o)
                0x0000000008008988                _svfiprintf_r
                0x0000000008008988                _svfprintf_r
 .text.__sfputc_r
                0x0000000008008b88       0x2a d:/00.software/01.stm32cubeide/stm32cubeide_1.12.0/stm32cubeide/plugins/com.st.stm32cube.ide.mcu.externaltools.gnu-tools-for-stm32.10.3-2021.10.win32_1.0.200.202301161003/tools/bin/../lib/gcc/arm-none-eabi/10.3.1/../../../../arm-none-eabi/lib/thumb/v7-m/nofp\libc_nano.a(lib_a-nano-vfprintf.o)
 .text.__sfputs_r
                0x0000000008008bb2       0x24 d:/00.software/01.stm32cubeide/stm32cubeide_1.12.0/stm32cubeide/plugins/com.st.stm32cube.ide.mcu.externaltools.gnu-tools-for-stm32.10.3-2021.10.win32_1.0.200.202301161003/tools/bin/../lib/gcc/arm-none-eabi/10.3.1/../../../../arm-none-eabi/lib/thumb/v7-m/nofp\libc_nano.a(lib_a-nano-vfprintf.o)
                0x0000000008008bb2                __sfputs_r
 *fill*         0x0000000008008bd6        0x2 
 .text._vfprintf_r
                0x0000000008008bd8      0x260 d:/00.software/01.stm32cubeide/stm32cubeide_1.12.0/stm32cubeide/plugins/com.st.stm32cube.ide.mcu.externaltools.gnu-tools-for-stm32.10.3-2021.10.win32_1.0.200.202301161003/tools/bin/../lib/gcc/arm-none-eabi/10.3.1/../../../../arm-none-eabi/lib/thumb/v7-m/nofp\libc_nano.a(lib_a-nano-vfprintf.o)
                0x0000000008008bd8                _vfprintf_r
                0x0000000008008bd8                _vfiprintf_r
 .text._printf_common
                0x0000000008008e38       0xde d:/00.software/01.stm32cubeide/stm32cubeide_1.12.0/stm32cubeide/plugins/com.st.stm32cube.ide.mcu.externaltools.gnu-tools-for-stm32.10.3-2021.10.win32_1.0.200.202301161003/tools/bin/../lib/gcc/arm-none-eabi/10.3.1/../../../../arm-none-eabi/lib/thumb/v7-m/nofp\libc_nano.a(lib_a-nano-vfprintf_i.o)
                0x0000000008008e38                _printf_common
 *fill*         0x0000000008008f16        0x2 
 .text._printf_i
                0x0000000008008f18      0x24c d:/00.software/01.stm32cubeide/stm32cubeide_1.12.0/stm32cubeide/plugins/com.st.stm32cube.ide.mcu.externaltools.gnu-tools-for-stm32.10.3-2021.10.win32_1.0.200.202301161003/tools/bin/../lib/gcc/arm-none-eabi/10.3.1/../../../../arm-none-eabi/lib/thumb/v7-m/nofp\libc_nano.a(lib_a-nano-vfprintf_i.o)
                0x0000000008008f18                _printf_i
 .text.__sread  0x0000000008009164       0x22 d:/00.software/01.stm32cubeide/stm32cubeide_1.12.0/stm32cubeide/plugins/com.st.stm32cube.ide.mcu.externaltools.gnu-tools-for-stm32.10.3-2021.10.win32_1.0.200.202301161003/tools/bin/../lib/gcc/arm-none-eabi/10.3.1/../../../../arm-none-eabi/lib/thumb/v7-m/nofp\libc_nano.a(lib_a-stdio.o)
                0x0000000008009164                __sread
 .text.__swrite
                0x0000000008009186       0x38 d:/00.software/01.stm32cubeide/stm32cubeide_1.12.0/stm32cubeide/plugins/com.st.stm32cube.ide.mcu.externaltools.gnu-tools-for-stm32.10.3-2021.10.win32_1.0.200.202301161003/tools/bin/../lib/gcc/arm-none-eabi/10.3.1/../../../../arm-none-eabi/lib/thumb/v7-m/nofp\libc_nano.a(lib_a-stdio.o)
                0x0000000008009186                __swrite
 .text.__sseek  0x00000000080091be       0x24 d:/00.software/01.stm32cubeide/stm32cubeide_1.12.0/stm32cubeide/plugins/com.st.stm32cube.ide.mcu.externaltools.gnu-tools-for-stm32.10.3-2021.10.win32_1.0.200.202301161003/tools/bin/../lib/gcc/arm-none-eabi/10.3.1/../../../../arm-none-eabi/lib/thumb/v7-m/nofp\libc_nano.a(lib_a-stdio.o)
                0x00000000080091be                __sseek
 .text.__sclose
                0x00000000080091e2        0x8 d:/00.software/01.stm32cubeide/stm32cubeide_1.12.0/stm32cubeide/plugins/com.st.stm32cube.ide.mcu.externaltools.gnu-tools-for-stm32.10.3-2021.10.win32_1.0.200.202301161003/tools/bin/../lib/gcc/arm-none-eabi/10.3.1/../../../../arm-none-eabi/lib/thumb/v7-m/nofp\libc_nano.a(lib_a-stdio.o)
                0x00000000080091e2                __sclose
 *fill*         0x00000000080091ea        0x2 
 .text._write_r
                0x00000000080091ec       0x24 d:/00.software/01.stm32cubeide/stm32cubeide_1.12.0/stm32cubeide/plugins/com.st.stm32cube.ide.mcu.externaltools.gnu-tools-for-stm32.10.3-2021.10.win32_1.0.200.202301161003/tools/bin/../lib/gcc/arm-none-eabi/10.3.1/../../../../arm-none-eabi/lib/thumb/v7-m/nofp\libc_nano.a(lib_a-writer.o)
                0x00000000080091ec                _write_r
 .text._close_r
                0x0000000008009210       0x20 d:/00.software/01.stm32cubeide/stm32cubeide_1.12.0/stm32cubeide/plugins/com.st.stm32cube.ide.mcu.externaltools.gnu-tools-for-stm32.10.3-2021.10.win32_1.0.200.202301161003/tools/bin/../lib/gcc/arm-none-eabi/10.3.1/../../../../arm-none-eabi/lib/thumb/v7-m/nofp\libc_nano.a(lib_a-closer.o)
                0x0000000008009210                _close_r
 .text._fstat_r
                0x0000000008009230       0x24 d:/00.software/01.stm32cubeide/stm32cubeide_1.12.0/stm32cubeide/plugins/com.st.stm32cube.ide.mcu.externaltools.gnu-tools-for-stm32.10.3-2021.10.win32_1.0.200.202301161003/tools/bin/../lib/gcc/arm-none-eabi/10.3.1/../../../../arm-none-eabi/lib/thumb/v7-m/nofp\libc_nano.a(lib_a-fstatr.o)
                0x0000000008009230                _fstat_r
 .text._isatty_r
                0x0000000008009254       0x20 d:/00.software/01.stm32cubeide/stm32cubeide_1.12.0/stm32cubeide/plugins/com.st.stm32cube.ide.mcu.externaltools.gnu-tools-for-stm32.10.3-2021.10.win32_1.0.200.202301161003/tools/bin/../lib/gcc/arm-none-eabi/10.3.1/../../../../arm-none-eabi/lib/thumb/v7-m/nofp\libc_nano.a(lib_a-isattyr.o)
                0x0000000008009254                _isatty_r
 .text._lseek_r
                0x0000000008009274       0x24 d:/00.software/01.stm32cubeide/stm32cubeide_1.12.0/stm32cubeide/plugins/com.st.stm32cube.ide.mcu.externaltools.gnu-tools-for-stm32.10.3-2021.10.win32_1.0.200.202301161003/tools/bin/../lib/gcc/arm-none-eabi/10.3.1/../../../../arm-none-eabi/lib/thumb/v7-m/nofp\libc_nano.a(lib_a-lseekr.o)
                0x0000000008009274                _lseek_r
 .text.memchr   0x0000000008009298       0x1c d:/00.software/01.stm32cubeide/stm32cubeide_1.12.0/stm32cubeide/plugins/com.st.stm32cube.ide.mcu.externaltools.gnu-tools-for-stm32.10.3-2021.10.win32_1.0.200.202301161003/tools/bin/../lib/gcc/arm-none-eabi/10.3.1/../../../../arm-none-eabi/lib/thumb/v7-m/nofp\libc_nano.a(lib_a-memchr-stub.o)
                0x0000000008009298                memchr
 .text.memmove  0x00000000080092b4       0x34 d:/00.software/01.stm32cubeide/stm32cubeide_1.12.0/stm32cubeide/plugins/com.st.stm32cube.ide.mcu.externaltools.gnu-tools-for-stm32.10.3-2021.10.win32_1.0.200.202301161003/tools/bin/../lib/gcc/arm-none-eabi/10.3.1/../../../../arm-none-eabi/lib/thumb/v7-m/nofp\libc_nano.a(lib_a-memmove.o)
                0x00000000080092b4                memmove
 .text._realloc_r
                0x00000000080092e8       0x5e d:/00.software/01.stm32cubeide/stm32cubeide_1.12.0/stm32cubeide/plugins/com.st.stm32cube.ide.mcu.externaltools.gnu-tools-for-stm32.10.3-2021.10.win32_1.0.200.202301161003/tools/bin/../lib/gcc/arm-none-eabi/10.3.1/../../../../arm-none-eabi/lib/thumb/v7-m/nofp\libc_nano.a(lib_a-nano-reallocr.o)
                0x00000000080092e8                _realloc_r
 *fill*         0x0000000008009346        0x2 
 .text._read_r  0x0000000008009348       0x24 d:/00.software/01.stm32cubeide/stm32cubeide_1.12.0/stm32cubeide/plugins/com.st.stm32cube.ide.mcu.externaltools.gnu-tools-for-stm32.10.3-2021.10.win32_1.0.200.202301161003/tools/bin/../lib/gcc/arm-none-eabi/10.3.1/../../../../arm-none-eabi/lib/thumb/v7-m/nofp\libc_nano.a(lib_a-readr.o)
                0x0000000008009348                _read_r
 .text._malloc_usable_size_r
                0x000000000800936c       0x10 d:/00.software/01.stm32cubeide/stm32cubeide_1.12.0/stm32cubeide/plugins/com.st.stm32cube.ide.mcu.externaltools.gnu-tools-for-stm32.10.3-2021.10.win32_1.0.200.202301161003/tools/bin/../lib/gcc/arm-none-eabi/10.3.1/../../../../arm-none-eabi/lib/thumb/v7-m/nofp\libc_nano.a(lib_a-nano-msizer.o)
                0x000000000800936c                _malloc_usable_size_r
 *(.glue_7)
 .glue_7        0x000000000800937c        0x0 linker stubs
 *(.glue_7t)
 .glue_7t       0x000000000800937c        0x0 linker stubs
 *(.eh_frame)
 .eh_frame      0x000000000800937c        0x0 d:/00.software/01.stm32cubeide/stm32cubeide_1.12.0/stm32cubeide/plugins/com.st.stm32cube.ide.mcu.externaltools.gnu-tools-for-stm32.10.3-2021.10.win32_1.0.200.202301161003/tools/bin/../lib/gcc/arm-none-eabi/10.3.1/thumb/v7-m/nofp/crtbegin.o
 *(.init)
 .init          0x000000000800937c        0x4 d:/00.software/01.stm32cubeide/stm32cubeide_1.12.0/stm32cubeide/plugins/com.st.stm32cube.ide.mcu.externaltools.gnu-tools-for-stm32.10.3-2021.10.win32_1.0.200.202301161003/tools/bin/../lib/gcc/arm-none-eabi/10.3.1/thumb/v7-m/nofp/crti.o
                0x000000000800937c                _init
 .init          0x0000000008009380        0x8 d:/00.software/01.stm32cubeide/stm32cubeide_1.12.0/stm32cubeide/plugins/com.st.stm32cube.ide.mcu.externaltools.gnu-tools-for-stm32.10.3-2021.10.win32_1.0.200.202301161003/tools/bin/../lib/gcc/arm-none-eabi/10.3.1/thumb/v7-m/nofp/crtn.o
 *(.fini)
 .fini          0x0000000008009388        0x4 d:/00.software/01.stm32cubeide/stm32cubeide_1.12.0/stm32cubeide/plugins/com.st.stm32cube.ide.mcu.externaltools.gnu-tools-for-stm32.10.3-2021.10.win32_1.0.200.202301161003/tools/bin/../lib/gcc/arm-none-eabi/10.3.1/thumb/v7-m/nofp/crti.o
                0x0000000008009388                _fini
 .fini          0x000000000800938c        0x8 d:/00.software/01.stm32cubeide/stm32cubeide_1.12.0/stm32cubeide/plugins/com.st.stm32cube.ide.mcu.externaltools.gnu-tools-for-stm32.10.3-2021.10.win32_1.0.200.202301161003/tools/bin/../lib/gcc/arm-none-eabi/10.3.1/thumb/v7-m/nofp/crtn.o
                0x0000000008009394                . = ALIGN (0x4)
                0x0000000008009394                _etext = .

.vfp11_veneer   0x0000000008009394        0x0
 .vfp11_veneer  0x0000000008009394        0x0 linker stubs

.v4_bx          0x0000000008009394        0x0
 .v4_bx         0x0000000008009394        0x0 linker stubs

.iplt           0x0000000008009394        0x0
 .iplt          0x0000000008009394        0x0 d:/00.software/01.stm32cubeide/stm32cubeide_1.12.0/stm32cubeide/plugins/com.st.stm32cube.ide.mcu.externaltools.gnu-tools-for-stm32.10.3-2021.10.win32_1.0.200.202301161003/tools/bin/../lib/gcc/arm-none-eabi/10.3.1/thumb/v7-m/nofp/crtbegin.o

.rodata         0x0000000008009394      0x5e4
                0x0000000008009394                . = ALIGN (0x4)
 *(.rodata)
 .rodata        0x0000000008009394       0x1b ./Core/Src/main.o
 *fill*         0x00000000080093af        0x1 
 .rodata        0x00000000080093b0      0x1cd ./Core/Src/myMain.o
 *fill*         0x000000000800957d        0x3 
 .rodata        0x0000000008009580      0x234 ./Core/Src/sim7600.o
 .rodata        0x00000000080097b4       0x10 ./Drivers/STM32F1xx_HAL_Driver/Src/stm32f1xx_hal_rcc.o
 *(.rodata*)
 .rodata.AHBPrescTable
                0x00000000080097c4       0x10 ./Core/Src/system_stm32f1xx.o
                0x00000000080097c4                AHBPrescTable
 .rodata.APBPrescTable
                0x00000000080097d4        0x8 ./Core/Src/system_stm32f1xx.o
                0x00000000080097d4                APBPrescTable
 .rodata.logf.str1.1
                0x00000000080097dc        0x0 d:/00.software/01.stm32cubeide/stm32cubeide_1.12.0/stm32cubeide/plugins/com.st.stm32cube.ide.mcu.externaltools.gnu-tools-for-stm32.10.3-2021.10.win32_1.0.200.202301161003/tools/bin/../lib/gcc/arm-none-eabi/10.3.1/../../../../arm-none-eabi/lib/thumb/v7-m/nofp\libm.a(lib_a-wf_log.o)
                                          0x1 (size before relaxing)
 .rodata._global_impure_ptr
                0x00000000080097dc        0x4 d:/00.software/01.stm32cubeide/stm32cubeide_1.12.0/stm32cubeide/plugins/com.st.stm32cube.ide.mcu.externaltools.gnu-tools-for-stm32.10.3-2021.10.win32_1.0.200.202301161003/tools/bin/../lib/gcc/arm-none-eabi/10.3.1/../../../../arm-none-eabi/lib/thumb/v7-m/nofp\libc_nano.a(lib_a-impure.o)
                0x00000000080097dc                _global_impure_ptr
 .rodata._ctype_
                0x00000000080097e0      0x101 d:/00.software/01.stm32cubeide/stm32cubeide_1.12.0/stm32cubeide/plugins/com.st.stm32cube.ide.mcu.externaltools.gnu-tools-for-stm32.10.3-2021.10.win32_1.0.200.202301161003/tools/bin/../lib/gcc/arm-none-eabi/10.3.1/../../../../arm-none-eabi/lib/thumb/v7-m/nofp\libc_nano.a(lib_a-ctype_.o)
                0x00000000080097e0                _ctype_
 *fill*         0x00000000080098e1        0x3 
 .rodata.__sf_fake_stderr
                0x00000000080098e4       0x20 d:/00.software/01.stm32cubeide/stm32cubeide_1.12.0/stm32cubeide/plugins/com.st.stm32cube.ide.mcu.externaltools.gnu-tools-for-stm32.10.3-2021.10.win32_1.0.200.202301161003/tools/bin/../lib/gcc/arm-none-eabi/10.3.1/../../../../arm-none-eabi/lib/thumb/v7-m/nofp\libc_nano.a(lib_a-findfp.o)
                0x00000000080098e4                __sf_fake_stderr
 .rodata.__sf_fake_stdin
                0x0000000008009904       0x20 d:/00.software/01.stm32cubeide/stm32cubeide_1.12.0/stm32cubeide/plugins/com.st.stm32cube.ide.mcu.externaltools.gnu-tools-for-stm32.10.3-2021.10.win32_1.0.200.202301161003/tools/bin/../lib/gcc/arm-none-eabi/10.3.1/../../../../arm-none-eabi/lib/thumb/v7-m/nofp\libc_nano.a(lib_a-findfp.o)
                0x0000000008009904                __sf_fake_stdin
 .rodata.__sf_fake_stdout
                0x0000000008009924       0x20 d:/00.software/01.stm32cubeide/stm32cubeide_1.12.0/stm32cubeide/plugins/com.st.stm32cube.ide.mcu.externaltools.gnu-tools-for-stm32.10.3-2021.10.win32_1.0.200.202301161003/tools/bin/../lib/gcc/arm-none-eabi/10.3.1/../../../../arm-none-eabi/lib/thumb/v7-m/nofp\libc_nano.a(lib_a-findfp.o)
                0x0000000008009924                __sf_fake_stdout
 .rodata._svfprintf_r.str1.1
                0x0000000008009944       0x11 d:/00.software/01.stm32cubeide/stm32cubeide_1.12.0/stm32cubeide/plugins/com.st.stm32cube.ide.mcu.externaltools.gnu-tools-for-stm32.10.3-2021.10.win32_1.0.200.202301161003/tools/bin/../lib/gcc/arm-none-eabi/10.3.1/../../../../arm-none-eabi/lib/thumb/v7-m/nofp\libc_nano.a(lib_a-nano-svfprintf.o)
 .rodata._vfprintf_r.str1.1
                0x0000000008009955       0x11 d:/00.software/01.stm32cubeide/stm32cubeide_1.12.0/stm32cubeide/plugins/com.st.stm32cube.ide.mcu.externaltools.gnu-tools-for-stm32.10.3-2021.10.win32_1.0.200.202301161003/tools/bin/../lib/gcc/arm-none-eabi/10.3.1/../../../../arm-none-eabi/lib/thumb/v7-m/nofp\libc_nano.a(lib_a-nano-vfprintf.o)
 .rodata._printf_i.str1.1
                0x0000000008009955       0x22 d:/00.software/01.stm32cubeide/stm32cubeide_1.12.0/stm32cubeide/plugins/com.st.stm32cube.ide.mcu.externaltools.gnu-tools-for-stm32.10.3-2021.10.win32_1.0.200.202301161003/tools/bin/../lib/gcc/arm-none-eabi/10.3.1/../../../../arm-none-eabi/lib/thumb/v7-m/nofp\libc_nano.a(lib_a-nano-vfprintf_i.o)
                0x0000000008009978                . = ALIGN (0x4)
 *fill*         0x0000000008009977        0x1 

.rel.dyn        0x0000000008009978        0x0
 .rel.iplt      0x0000000008009978        0x0 d:/00.software/01.stm32cubeide/stm32cubeide_1.12.0/stm32cubeide/plugins/com.st.stm32cube.ide.mcu.externaltools.gnu-tools-for-stm32.10.3-2021.10.win32_1.0.200.202301161003/tools/bin/../lib/gcc/arm-none-eabi/10.3.1/thumb/v7-m/nofp/crtbegin.o

.ARM.extab      0x0000000008009978        0x0
                0x0000000008009978                . = ALIGN (0x4)
 *(.ARM.extab* .gnu.linkonce.armextab.*)
                0x0000000008009978                . = ALIGN (0x4)

.ARM            0x0000000008009978        0x0
                0x0000000008009978                . = ALIGN (0x4)
                0x0000000008009978                __exidx_start = .
 *(.ARM.exidx*)
                0x0000000008009978                __exidx_end = .
                0x0000000008009978                . = ALIGN (0x4)

.preinit_array  0x0000000008009978        0x0
                0x0000000008009978                . = ALIGN (0x4)
                0x0000000008009978                PROVIDE (__preinit_array_start = .)
 *(.preinit_array*)
                0x0000000008009978                PROVIDE (__preinit_array_end = .)
                0x0000000008009978                . = ALIGN (0x4)

.init_array     0x0000000008009978        0x8
                0x0000000008009978                . = ALIGN (0x4)
                0x0000000008009978                PROVIDE (__init_array_start = .)
 *(SORT_BY_NAME(.init_array.*))
 *(.init_array*)
 .init_array    0x0000000008009978        0x4 d:/00.software/01.stm32cubeide/stm32cubeide_1.12.0/stm32cubeide/plugins/com.st.stm32cube.ide.mcu.externaltools.gnu-tools-for-stm32.10.3-2021.10.win32_1.0.200.202301161003/tools/bin/../lib/gcc/arm-none-eabi/10.3.1/thumb/v7-m/nofp/crtbegin.o
 .init_array    0x000000000800997c        0x4 ./Core/Src/myMain.o
                0x0000000008009980                PROVIDE (__init_array_end = .)
                0x0000000008009980                . = ALIGN (0x4)

.fini_array     0x0000000008009980        0x4
                0x0000000008009980                . = ALIGN (0x4)
                [!provide]                        PROVIDE (__fini_array_start = .)
 *(SORT_BY_NAME(.fini_array.*))
 *(.fini_array*)
 .fini_array    0x0000000008009980        0x4 d:/00.software/01.stm32cubeide/stm32cubeide_1.12.0/stm32cubeide/plugins/com.st.stm32cube.ide.mcu.externaltools.gnu-tools-for-stm32.10.3-2021.10.win32_1.0.200.202301161003/tools/bin/../lib/gcc/arm-none-eabi/10.3.1/thumb/v7-m/nofp/crtbegin.o
                [!provide]                        PROVIDE (__fini_array_end = .)
                0x0000000008009984                . = ALIGN (0x4)
                0x0000000008009984                _sidata = LOADADDR (.data)

.data           0x0000000020000000       0x70 load address 0x0000000008009984
                0x0000000020000000                . = ALIGN (0x4)
                0x0000000020000000                _sdata = .
 *(.data)
 *(.data*)
 .data.SystemCoreClock
                0x0000000020000000        0x4 ./Core/Src/system_stm32f1xx.o
                0x0000000020000000                SystemCoreClock
 .data.uwTickPrio
                0x0000000020000004        0x4 ./Drivers/STM32F1xx_HAL_Driver/Src/stm32f1xx_hal.o
                0x0000000020000004                uwTickPrio
 .data.uwTickFreq
                0x0000000020000008        0x1 ./Drivers/STM32F1xx_HAL_Driver/Src/stm32f1xx_hal.o
                0x0000000020000008                uwTickFreq
 *fill*         0x0000000020000009        0x3 
 .data._impure_ptr
                0x000000002000000c        0x4 d:/00.software/01.stm32cubeide/stm32cubeide_1.12.0/stm32cubeide/plugins/com.st.stm32cube.ide.mcu.externaltools.gnu-tools-for-stm32.10.3-2021.10.win32_1.0.200.202301161003/tools/bin/../lib/gcc/arm-none-eabi/10.3.1/../../../../arm-none-eabi/lib/thumb/v7-m/nofp\libc_nano.a(lib_a-impure.o)
                0x000000002000000c                _impure_ptr
 .data.impure_data
                0x0000000020000010       0x60 d:/00.software/01.stm32cubeide/stm32cubeide_1.12.0/stm32cubeide/plugins/com.st.stm32cube.ide.mcu.externaltools.gnu-tools-for-stm32.10.3-2021.10.win32_1.0.200.202301161003/tools/bin/../lib/gcc/arm-none-eabi/10.3.1/../../../../arm-none-eabi/lib/thumb/v7-m/nofp\libc_nano.a(lib_a-impure.o)
 *(.RamFunc)
 *(.RamFunc*)
                0x0000000020000070                . = ALIGN (0x4)
                0x0000000020000070                _edata = .

.igot.plt       0x0000000020000070        0x0 load address 0x00000000080099f4
 .igot.plt      0x0000000020000070        0x0 d:/00.software/01.stm32cubeide/stm32cubeide_1.12.0/stm32cubeide/plugins/com.st.stm32cube.ide.mcu.externaltools.gnu-tools-for-stm32.10.3-2021.10.win32_1.0.200.202301161003/tools/bin/../lib/gcc/arm-none-eabi/10.3.1/thumb/v7-m/nofp/crtbegin.o
                0x0000000020000070                . = ALIGN (0x4)

.bss            0x0000000020000070      0x5c4 load address 0x00000000080099f4
                0x0000000020000070                _sbss = .
                0x0000000020000070                __bss_start__ = _sbss
 *(.bss)
 .bss           0x0000000020000070       0x1c d:/00.software/01.stm32cubeide/stm32cubeide_1.12.0/stm32cubeide/plugins/com.st.stm32cube.ide.mcu.externaltools.gnu-tools-for-stm32.10.3-2021.10.win32_1.0.200.202301161003/tools/bin/../lib/gcc/arm-none-eabi/10.3.1/thumb/v7-m/nofp/crtbegin.o
 *(.bss*)
 .bss._ZZN8MAX3010011detectPulseEfE17prev_sensor_value
                0x000000002000008c        0x4 ./Core/Src/MAX30100.o
 .bss._ZZN8MAX3010011detectPulseEfE16values_went_down
                0x0000000020000090        0x1 ./Core/Src/MAX30100.o
 *fill*         0x0000000020000091        0x3 
 .bss._ZZN8MAX3010011detectPulseEfE11currentBeat
                0x0000000020000094        0x4 ./Core/Src/MAX30100.o
 .bss._ZZN8MAX3010011detectPulseEfE8lastBeat
                0x0000000020000098        0x4 ./Core/Src/MAX30100.o
 .bss.hadc1     0x000000002000009c       0x30 ./Core/Src/main.o
                0x000000002000009c                hadc1
 .bss.hdma_adc1
                0x00000000200000cc       0x44 ./Core/Src/main.o
                0x00000000200000cc                hdma_adc1
 .bss.hi2c1     0x0000000020000110       0x54 ./Core/Src/main.o
                0x0000000020000110                hi2c1
 .bss.htim2     0x0000000020000164       0x48 ./Core/Src/main.o
                0x0000000020000164                htim2
 .bss.htim3     0x00000000200001ac       0x48 ./Core/Src/main.o
                0x00000000200001ac                htim3
 .bss.huart1    0x00000000200001f4       0x44 ./Core/Src/main.o
                0x00000000200001f4                huart1
 .bss.huart2    0x0000000020000238       0x44 ./Core/Src/main.o
                0x0000000020000238                huart2
 .bss.hdma_usart1_rx
                0x000000002000027c       0x44 ./Core/Src/main.o
                0x000000002000027c                hdma_usart1_rx
 .bss.pulseOxymeter
                0x00000000200002c0        0x4 ./Core/Src/myMain.o
                0x00000000200002c0                pulseOxymeter
 .bss.heart_beat
                0x00000000200002c4        0xa ./Core/Src/myMain.o
                0x00000000200002c4                heart_beat
 .bss.heart_beatcnt
                0x00000000200002ce        0x1 ./Core/Src/myMain.o
                0x00000000200002ce                heart_beatcnt
 *fill*         0x00000000200002cf        0x1 
 .bss.adder_time
                0x00000000200002d0        0x4 ./Core/Src/myMain.o
                0x00000000200002d0                adder_time
 .bss.result_heartbeat
                0x00000000200002d4        0x1 ./Core/Src/myMain.o
                0x00000000200002d4                result_heartbeat
 *fill*         0x00000000200002d5        0x3 
 .bss.BatteryADC
                0x00000000200002d8       0xc8 ./Core/Src/myMain.o
                0x00000000200002d8                BatteryADC
 .bss.Battery   0x00000000200003a0        0x1 ./Core/Src/myMain.o
                0x00000000200003a0                Battery
 .bss.sleep_enable
                0x00000000200003a1        0x1 ./Core/Src/myMain.o
                0x00000000200003a1                sleep_enable
 .bss.simstate  0x00000000200003a2        0x1 ./Core/Src/myMain.o
                0x00000000200003a2                simstate
 *fill*         0x00000000200003a3        0x1 
 .bss.location  0x00000000200003a4       0x64 ./Core/Src/myMain.o
                0x00000000200003a4                location
 .bss.Baterry_check_time
                0x0000000020000408        0x4 ./Core/Src/myMain.o
                0x0000000020000408                Baterry_check_time
 .bss.pulseDetected
                0x000000002000040c        0x4 ./Core/Src/myMain.o
                0x000000002000040c                pulseDetected
 .bss.timepulseDetected
                0x0000000020000410        0x4 ./Core/Src/myMain.o
                0x0000000020000410                timepulseDetected
 .bss._ZZ4loopvE8http_try
                0x0000000020000414        0x4 ./Core/Src/myMain.o
 .bss.uart_rx   0x0000000020000418      0x200 ./Core/Src/sim7600.o
                0x0000000020000418                uart_rx
 .bss.__sbrk_heap_end
                0x0000000020000618        0x4 ./Core/Src/sysmem.o