Archive member included to satisfy reference by file (symbol)

d:/00.software/01.stm32cubeide/stm32cubeide_1.12.0/stm32cubeide/plugins/com.st.stm32cube.ide.mcu.externaltools.gnu-tools-for-stm32.10.3-2021.10.win32_1.0.200.202301161003/tools/bin/../lib/gcc/arm-none-eabi/10.3.1/../../../../arm-none-eabi/lib/thumb/v7-m/nofp\libstdc++_nano.a(del_ops.o)
                              ./Core/Src/myMain.o (operator delete(void*, unsigned int))
d:/00.software/01.stm32cubeide/stm32cubeide_1.12.0/stm32cubeide/plugins/com.st.stm32cube.ide.mcu.externaltools.gnu-tools-for-stm32.10.3-2021.10.win32_1.0.200.202301161003/tools/bin/../lib/gcc/arm-none-eabi/10.3.1/../../../../arm-none-eabi/lib/thumb/v7-m/nofp\libstdc++_nano.a(new_op.o)
                              ./Core/Src/myMain.o (operator new(unsigned int))
d:/00.software/01.stm32cubeide/stm32cubeide_1.12.0/stm32cubeide/plugins/com.st.stm32cube.ide.mcu.externaltools.gnu-tools-for-stm32.10.3-2021.10.win32_1.0.200.202301161003/tools/bin/../lib/gcc/arm-none-eabi/10.3.1/../../../../arm-none-eabi/lib/thumb/v7-m/nofp\libstdc++_nano.a(del_op.o)
                              d:/00.software/01.stm32cubeide/stm32cubeide_1.12.0/stm32cubeide/plugins/com.st.stm32cube.ide.mcu.externaltools.gnu-tools-for-stm32.10.3-2021.10.win32_1.0.200.202301161003/tools/bin/../lib/gcc/arm-none-eabi/10.3.1/../../../../arm-none-eabi/lib/thumb/v7-m/nofp\libstdc++_nano.a(del_ops.o) (operator delete(void*))
d:/00.software/01.stm32cubeide/stm32cubeide_1.12.0/stm32cubeide/plugins/com.st.stm32cube.ide.mcu.externaltools.gnu-tools-for-stm32.10.3-2021.10.win32_1.0.200.202301161003/tools/bin/../lib/gcc/arm-none-eabi/10.3.1/../../../../arm-none-eabi/lib/thumb/v7-m/nofp\libstdc++_nano.a(new_handler.o)
                              d:/00.software/01.stm32cubeide/stm32cubeide_1.12.0/stm32cubeide/plugins/com.st.stm32cube.ide.mcu.externaltools.gnu-tools-for-stm32.10.3-2021.10.win32_1.0.200.202301161003/tools/bin/../lib/gcc/arm-none-eabi/10.3.1/../../../../arm-none-eabi/lib/thumb/v7-m/nofp\libstdc++_nano.a(new_op.o) (std::get_new_handler())
d:/00.software/01.stm32cubeide/stm32cubeide_1.12.0/stm32cubeide/plugins/com.st.stm32cube.ide.mcu.externaltools.gnu-tools-for-stm32.10.3-2021.10.win32_1.0.200.202301161003/tools/bin/../lib/gcc/arm-none-eabi/10.3.1/../../../../arm-none-eabi/lib/thumb/v7-m/nofp\libm.a(lib_a-wf_log.o)
                              ./Core/Src/MAX30100.o (logf)
d:/00.software/01.stm32cubeide/stm32cubeide_1.12.0/stm32cubeide/plugins/com.st.stm32cube.ide.mcu.externaltools.gnu-tools-for-stm32.10.3-2021.10.win32_1.0.200.202301161003/tools/bin/../lib/gcc/arm-none-eabi/10.3.1/../../../../arm-none-eabi/lib/thumb/v7-m/nofp\libm.a(lib_a-wf_sqrt.o)
                              ./Core/Src/MAX30100.o (sqrtf)
d:/00.software/01.stm32cubeide/stm32cubeide_1.12.0/stm32cubeide/plugins/com.st.stm32cube.ide.mcu.externaltools.gnu-tools-for-stm32.10.3-2021.10.win32_1.0.200.202301161003/tools/bin/../lib/gcc/arm-none-eabi/10.3.1/../../../../arm-none-eabi/lib/thumb/v7-m/nofp\libm.a(lib_a-ef_log.o)
                              d:/00.software/01.stm32cubeide/stm32cubeide_1.12.0/stm32cubeide/plugins/com.st.stm32cube.ide.mcu.externaltools.gnu-tools-for-stm32.10.3-2021.10.win32_1.0.200.202301161003/tools/bin/../lib/gcc/arm-none-eabi/10.3.1/../../../../arm-none-eabi/lib/thumb/v7-m/nofp\libm.a(lib_a-wf_log.o) (__ieee754_logf)
d:/00.software/01.stm32cubeide/stm32cubeide_1.12.0/stm32cubeide/plugins/com.st.stm32cube.ide.mcu.externaltools.gnu-tools-for-stm32.10.3-2021.10.win32_1.0.200.202301161003/tools/bin/../lib/gcc/arm-none-eabi/10.3.1/../../../../arm-none-eabi/lib/thumb/v7-m/nofp\libm.a(lib_a-ef_sqrt.o)
                              d:/00.software/01.stm32cubeide/stm32cubeide_1.12.0/stm32cubeide/plugins/com.st.stm32cube.ide.mcu.externaltools.gnu-tools-for-stm32.10.3-2021.10.win32_1.0.200.202301161003/tools/bin/../lib/gcc/arm-none-eabi/10.3.1/../../../../arm-none-eabi/lib/thumb/v7-m/nofp\libm.a(lib_a-wf_sqrt.o) (__ieee754_sqrtf)
d:/00.software/01.stm32cubeide/stm32cubeide_1.12.0/stm32cubeide/plugins/com.st.stm32cube.ide.mcu.externaltools.gnu-tools-for-stm32.10.3-2021.10.win32_1.0.200.202301161003/tools/bin/../lib/gcc/arm-none-eabi/10.3.1/../../../../arm-none-eabi/lib/thumb/v7-m/nofp\libm.a(lib_a-sf_nan.o)
                              d:/00.software/01.stm32cubeide/stm32cubeide_1.12.0/stm32cubeide/plugins/com.st.stm32cube.ide.mcu.externaltools.gnu-tools-for-stm32.10.3-2021.10.win32_1.0.200.202301161003/tools/bin/../lib/gcc/arm-none-eabi/10.3.1/../../../../arm-none-eabi/lib/thumb/v7-m/nofp\libm.a(lib_a-wf_log.o) (nanf)
d:/00.software/01.stm32cubeide/stm32cubeide_1.12.0/stm32cubeide/plugins/com.st.stm32cube.ide.mcu.externaltools.gnu-tools-for-stm32.10.3-2021.10.win32_1.0.200.202301161003/tools/bin/../lib/gcc/arm-none-eabi/10.3.1/../../../../arm-none-eabi/lib/thumb/v7-m/nofp\libc_nano.a(lib_a-abort.o)
[...]
Memory Configuration

Name             Origin             Length             Attributes
RAM              0x0000000020000000 0x0000000000005000 xrw
FLASH            0x0000000008000000 0x0000000000010000 xr
*default*        0x0000000000000000 0xffffffffffffffff

Linker script and memory map

LOAD d:/00.software/01.stm32cubeide/stm32cubeide_1.12.0/stm32cubeide/plugins/com.st.stm32cube.ide.mcu.externaltools.gnu-tools-for-stm32.10.3-2021.10.win32_1.0.200.202301161003/tools/bin/../lib/gcc/arm-none-eabi/10.3.1/thumb/v7-m/nofp/crti.o
LOAD d:/00.software/01.stm32cubeide/stm32cubeide_1.12.0/stm32cubeide/plugins/com.st.stm32cube.ide.mcu.externaltools.gnu-tools-for-stm32.10.3-2021.10.win32_1.0.200.202301161003/tools/bin/../lib/gcc/arm-none-eabi/10.3.1/thumb/v7-m/nofp/crtbegin.o
LOAD d:/00.software/01.stm32cubeide/stm32cubeide_1.12.0/stm32cubeide/plugins/com.st.stm32cube.ide.mcu.externaltools.gnu-tools-for-stm32.10.3-2021.10.win32_1.0.200.202301161003/tools/bin/../lib/gcc/arm-none-eabi/10.3.1/../../../../arm-none-eabi/lib/thumb/v7-m/nofp/crt0.o
LOAD ./Core/Src/MAX30100.o
LOAD ./Core/Src/main.o
LOAD ./Core/Src/myMain.o
LOAD ./Core/Src/sim7600.o
LOAD ./Core/Src/stm32f1xx_hal_msp.o
LOAD ./Core/Src/stm32f1xx_it.o
LOAD ./Core/Src/syscalls.o
LOAD ./Core/Src/sysmem.o
LOAD ./Core/Src/system_stm32f1xx.o
LOAD ./Core/Startup/startup_stm32f103c8tx.o
LOAD ./Drivers/STM32F1xx_HAL_Driver/Src/stm32f1xx_hal.o
LOAD ./Drivers/STM32F1xx_HAL_Driver/Src/stm32f1xx_hal_adc.o
LOAD ./Drivers/STM32F1xx_HAL_Driver/Src/stm32f1xx_hal_adc_ex.o
LOAD ./Drivers/STM32F1xx_HAL_Driver/Src/stm32f1xx_hal_cortex.o
LOAD ./Drivers/STM32F1xx_HAL_Driver/Src/stm32f1xx_hal_dma.o
LOAD ./Drivers/STM32F1xx_HAL_Driver/Src/stm32f1xx_hal_exti.o
LOAD ./Drivers/STM32F1xx_HAL_Driver/Src/stm32f1xx_hal_flash.o
LOAD ./Drivers/STM32F1xx_HAL_Driver/Src/stm32f1xx_hal_flash_ex.o
LOAD ./Drivers/STM32F1xx_HAL_Driver/Src/stm32f1xx_hal_gpio.o
LOAD ./Drivers/STM32F1xx_HAL_Driver/Src/stm32f1xx_hal_gpio_ex.o
LOAD ./Drivers/STM32F1xx_HAL_Driver/Src/stm32f1xx_hal_i2c.o
LOAD ./Drivers/STM32F1xx_HAL_Driver/Src/stm32f1xx_hal_pwr.o
LOAD ./Drivers/STM32F1xx_HAL_Driver/Src/stm32f1xx_hal_rcc.o
LOAD ./Drivers/STM32F1xx_HAL_Driver/Src/stm32f1xx_hal_rcc_ex.o
LOAD ./Drivers/STM32F1xx_HAL_Driver/Src/stm32f1xx_hal_rtc.o
LOAD ./Drivers/STM32F1xx_HAL_Driver/Src/stm32f1xx_hal_rtc_ex.o
LOAD ./Drivers/STM32F1xx_HAL_Driver/Src/stm32f1xx_hal_tim.o
LOAD ./Drivers/STM32F1xx_HAL_Driver/Src/stm32f1xx_hal_tim_ex.o
LOAD ./Drivers/STM32F1xx_HAL_Driver/Src/stm32f1xx_hal_uart.o
START GROUP
LOAD d:/00.software/01.stm32cubeide/stm32cubeide_1.12.0/stm32cubeide/plugins/com.st.stm32cube.ide.mcu.externaltools.gnu-tools-for-stm32.10.3-2021.10.win32_1.0.200.202301161003/tools/bin/../lib/gcc/arm-none-eabi/10.3.1/../../../../arm-none-eabi/lib/thumb/v7-m/nofp\libstdc++_nano.a
LOAD d:/00.software/01.stm32cubeide/stm32cubeide_1.12.0/stm32cubeide/plugins/com.st.stm32cube.ide.mcu.externaltools.gnu-tools-for-stm32.10.3-2021.10.win32_1.0.200.202301161003/tools/bin/../lib/gcc/arm-none-eabi/10.3.1/../../../../arm-none-eabi/lib/thumb/v7-m/nofp\libsupc++_nano.a
END GROUP
LOAD d:/00.software/01.stm32cubeide/stm32cubeide_1.12.0/stm32cubeide/plugins/com.st.stm32cube.ide.mcu.externaltools.gnu-tools-for-stm32.10.3-2021.10.win32_1.0.200.202301161003/tools/bin/../lib/gcc/arm-none-eabi/10.3.1/../../../../arm-none-eabi/lib/thumb/v7-m/nofp\libstdc++_nano.a
LOAD d:/00.software/01.stm32cubeide/stm32cubeide_1.12.0/stm32cubeide/plugins/com.st.stm32cube.ide.mcu.externaltools.gnu-tools-for-stm32.10.3-2021.10.win32_1.0.200.202301161003/tools/bin/../lib/gcc/arm-none-eabi/10.3.1/../../../../arm-none-eabi/lib/thumb/v7-m/nofp\libm.a
LOAD d:/00.software/01.stm32cubeide/stm32cubeide_1.12.0/stm32cubeide/plugins/com.st.stm32cube.ide.mcu.externaltools.gnu-tools-for-stm32.10.3-2021.10.win32_1.0.200.202301161003/tools/bin/../lib/gcc/arm-none-eabi/10.3.1/../../../../arm-none-eabi/lib/thumb/v7-m/nofp\libc_nano.a
START GROUP
LOAD d:/00.software/01.stm32cubeide/stm32cubeide_1.12.0/stm32cubeide/plugins/com.st.stm32cube.ide.mcu.externaltools.gnu-tools-for-stm32.10.3-2021.10.win32_1.0.200.202301161003/tools/bin/../lib/gcc/arm-none-eabi/10.3.1/thumb/v7-m/nofp\libgcc.a
LOAD d:/00.software/01.stm32cubeide/stm32cubeide_1.12.0/stm32cubeide/plugins/com.st.stm32cube.ide.mcu.externaltools.gnu-tools-for-stm32.10.3-2021.10.win32_1.0.200.202301161003/tools/bin/../lib/gcc/arm-none-eabi/10.3.1/../../../../arm-none-eabi/lib/thumb/v7-m/nofp\libc_nano.a
END GROUP
START GROUP
LOAD d:/00.software/01.stm32cubeide/stm32cubeide_1.12.0/stm32cubeide/plugins/com.st.stm32cube.ide.mcu.externaltools.gnu-tools-for-stm32.10.3-2021.10.win32_1.0.200.202301161003/tools/bin/../lib/gcc/arm-none-eabi/10.3.1/thumb/v7-m/nofp\libgcc.a
LOAD d:/00.software/01.stm32cubeide/stm32cubeide_1.12.0/stm32cubeide/plugins/com.st.stm32cube.ide.mcu.externaltools.gnu-tools-for-stm32.10.3-2021.10.win32_1.0.200.202301161003/tools/bin/../lib/gcc/arm-none-eabi/10.3.1/../../../../arm-none-eabi/lib/thumb/v7-m/nofp\libc_nano.a
END GROUP
LOAD d:/00.software/01.stm32cubeide/stm32cubeide_1.12.0/stm32cubeide/plugins/com.st.stm32cube.ide.mcu.externaltools.gnu-tools-for-stm32.10.3-2021.10.win32_1.0.200.202301161003/tools/bin/../lib/gcc/arm-none-eabi/10.3.1/thumb/v7-m/nofp/crtend.o
LOAD d:/00.software/01.stm32cubeide/stm32cubeide_1.12.0/stm32cubeide/plugins/com.st.stm32cube.ide.mcu.externaltools.gnu-tools-for-stm32.10.3-2021.10.win32_1.0.200.202301161003/tools/bin/../lib/gcc/arm-none-eabi/10.3.1/thumb/v7-m/nofp/crtn.o
                0x0000000020005000                _estack = (ORIGIN (RAM) + LENGTH (RAM))
                0x0000000000000200                _Min_Heap_Size = 0x200
                0x0000000000000400                _Min_Stack_Size = 0x400

.isr_vector     0x0000000008000000      0x10c
                0x0000000008000000                . = ALIGN (0x4)
 *(.isr_vector)
 .isr_vector    0x0000000008000000      0x10c ./Core/Startup/startup_stm32f103c8tx.o
                0x0000000008000000                g_pfnVectors
                0x000000000800010c                . = ALIGN (0x4)

.text           0x0000000008000110     0xd548
                0x0000000008000110                . = ALIGN (0x4)
 *(.text)
 .text          0x0000000008000110       0x40 d:/00.software/01.stm32cubeide/stm32cubeide_1.12.0/stm32cubeide/plugins/com.st.stm32cube.ide.mcu.externaltools.gnu-tools-for-stm32.10.3-2021.10.win32_1.0.200.202301161003/tools/bin/../lib/gcc/arm-none-eabi/10.3.1/thumb/v7-m/nofp/crtbegin.o
 .text          0x0000000008000150       0x10 d:/00.software/01.stm32cubeide/stm32cubeide_1.12.0/stm32cubeide/plugins/com.st.stm32cube.ide.mcu.externaltools.gnu-tools-for-stm32.10.3-2021.10.win32_1.0.200.202301161003/tools/bin/../lib/gcc/arm-none-eabi/10.3.1/../../../../arm-none-eabi/lib/thumb/v7-m/nofp\libc_nano.a(lib_a-strlen.o)
                0x0000000008000150                strlen
 .text          0x0000000008000160      0x378 d:/00.software/01.stm32cubeide/stm32cubeide_1.12.0/stm32cubeide/plugins/com.st.stm32cube.ide.mcu.externaltools.gnu-tools-for-stm32.10.3-2021.10.win32_1.0.200.202301161003/tools/bin/../lib/gcc/arm-none-eabi/10.3.1/thumb/v7-m/nofp\libgcc.a(_arm_addsubdf3.o)
                0x0000000008000160                __aeabi_drsub
                0x0000000008000168                __aeabi_dsub
                0x0000000008000168                __subdf3
                0x000000000800016c                __aeabi_dadd
                0x000000000800016c                __adddf3
                0x00000000080003e4                __floatunsidf
                0x00000000080003e4                __aeabi_ui2d
                0x0000000008000404                __floatsidf
                0x0000000008000404                __aeabi_i2d
                0x0000000008000428                __aeabi_f2d
                0x0000000008000428                __extendsfdf2
                0x000000000800046c                __floatundidf
                0x000000000800046c                __aeabi_ul2d
                0x000000000800047c                __floatdidf
                0x000000000800047c                __aeabi_l2d
 .text          0x00000000080004d8      0x424 d:/00.software/01.stm32cubeide/stm32cubeide_1.12.0/stm32cubeide/plugins/com.st.stm32cube.ide.mcu.externaltools.gnu-tools-for-stm32.10.3-2021.10.win32_1.0.200.202301161003/tools/bin/../lib/gcc/arm-none-eabi/10.3.1/thumb/v7-m/nofp\libgcc.a(_arm_muldivdf3.o)
                0x00000000080004d8                __aeabi_dmul
                0x00000000080004d8                __muldf3
                0x000000000800072c                __divdf3
                0x000000000800072c                __aeabi_ddiv
 .text          0x00000000080008fc      0x110 d:/00.software/01.stm32cubeide/stm32cubeide_1.12.0/stm32cubeide/plugins/com.st.stm32cube.ide.mcu.externaltools.gnu-tools-for-stm32.10.3-2021.10.win32_1.0.200.202301161003/tools/bin/../lib/gcc/arm-none-eabi/10.3.1/thumb/v7-m/nofp\libgcc.a(_arm_cmpdf2.o)
                0x00000000080008fc                __gtdf2
                0x00000000080008fc                __gedf2
                0x0000000008000904                __ltdf2
                0x0000000008000904                __ledf2
                0x000000000800090c                __nedf2
                0x000000000800090c                __eqdf2
                0x000000000800090c                __cmpdf2
                0x0000000008000988                __aeabi_cdrcmple
                0x0000000008000998                __aeabi_cdcmpeq
                0x0000000008000998                __aeabi_cdcmple
                0x00000000080009a8                __aeabi_dcmpeq
                0x00000000080009bc                __aeabi_dcmplt
                0x00000000080009d0                __aeabi_dcmple
                0x00000000080009e4                __aeabi_dcmpge
                0x00000000080009f8                __aeabi_dcmpgt
 .text          0x0000000008000a0c       0x2c d:/00.software/01.stm32cubeide/stm32cubeide_1.12.0/stm32cubeide/plugins/com.st.stm32cube.ide.mcu.externaltools.gnu-tools-for-stm32.10.3-2021.10.win32_1.0.200.202301161003/tools/bin/../lib/gcc/arm-none-eabi/10.3.1/thumb/v7-m/nofp\libgcc.a(_arm_unorddf2.o)
                0x0000000008000a0c                __unorddf2
                0x0000000008000a0c                __aeabi_dcmpun
 .text          0x0000000008000a38       0x50 d:/00.software/01.stm32cubeide/stm32cubeide_1.12.0/stm32cubeide/plugins/com.st.stm32cube.ide.mcu.externaltools.gnu-tools-for-stm32.10.3-2021.10.win32_1.0.200.202301161003/tools/bin/../lib/gcc/arm-none-eabi/10.3.1/thumb/v7-m/nofp\libgcc.a(_arm_fixdfsi.o)
                0x0000000008000a38                __aeabi_d2iz
                0x0000000008000a38                __fixdfsi
 .text          0x0000000008000a88       0x40 d:/00.software/01.stm32cubeide/stm32cubeide_1.12.0/stm32cubeide/plugins/com.st.stm32cube.ide.mcu.externaltools.gnu-tools-for-stm32.10.3-2021.10.win32_1.0.200.202301161003/tools/bin/../lib/gcc/arm-none-eabi/10.3.1/thumb/v7-m/nofp\libgcc.a(_arm_fixunsdfsi.o)
                0x0000000008000a88                __aeabi_d2uiz
                0x0000000008000a88                __fixunsdfsi
 .text          0x0000000008000ac8       0xa0 d:/00.software/01.stm32cubeide/stm32cubeide_1.12.0/stm32cubeide/plugins/com.st.stm32cube.ide.mcu.externaltools.gnu-tools-for-stm32.10.3-2021.10.win32_1.0.200.202301161003/tools/bin/../lib/gcc/arm-none-eabi/10.3.1/thumb/v7-m/nofp\libgcc.a(_arm_truncdfsf2.o)
                0x0000000008000ac8                __truncdfsf2
                0x0000000008000ac8                __aeabi_d2f
 .text          0x0000000008000b68      0x21c d:/00.software/01.stm32cubeide/stm32cubeide_1.12.0/stm32cubeide/plugins/com.st.stm32cube.ide.mcu.externaltools.gnu-tools-for-stm32.10.3-2021.10.win32_1.0.200.202301161003/tools/bin/../lib/gcc/arm-none-eabi/10.3.1/thumb/v7-m/nofp\libgcc.a(_arm_addsubsf3.o)
                0x0000000008000b68                __aeabi_frsub
                0x0000000008000b70                __subsf3
                0x0000000008000b70                __aeabi_fsub
                0x0000000008000b74                __aeabi_fadd
                0x0000000008000b74                __addsf3
                0x0000000008000cd4                __aeabi_ui2f
                0x0000000008000cd4                __floatunsisf
                0x0000000008000cdc                __aeabi_i2f
                0x0000000008000cdc                __floatsisf
                0x0000000008000cf8                __aeabi_ul2f
                0x0000000008000cf8                __floatundisf
                0x0000000008000d08                __aeabi_l2f
                0x0000000008000d08                __floatdisf
 .text          0x0000000008000d84      0x2a0 d:/00.software/01.stm32cubeide/stm32cubeide_1.12.0/stm32cubeide/plugins/com.st.stm32cube.ide.mcu.externaltools.gnu-tools-for-stm32.10.3-2021.10.win32_1.0.200.202301161003/tools/bin/../lib/gcc/arm-none-eabi/10.3.1/thumb/v7-m/nofp\libgcc.a(_arm_muldivsf3.o)
                0x0000000008000d84                __mulsf3
                0x0000000008000d84                __aeabi_fmul
                0x0000000008000eec                __aeabi_fdiv
                0x0000000008000eec                __divsf3
 .text          0x0000000008001024       0xec d:/00.software/01.stm32cubeide/stm32cubeide_1.12.0/stm32cubeide/plugins/com.st.stm32cube.ide.mcu.externaltools.gnu-tools-for-stm32.10.3-2021.10.win32_1.0.200.202301161003/tools/bin/../lib/gcc/arm-none-eabi/10.3.1/thumb/v7-m/nofp\libgcc.a(_arm_cmpsf2.o)
                0x0000000008001024                __gesf2
                0x0000000008001024                __gtsf2
                0x000000000800102c                __lesf2
                0x000000000800102c                __ltsf2
                0x0000000008001034                __nesf2
                0x0000000008001034                __eqsf2
                0x0000000008001034                __cmpsf2
                0x0000000008001094                __aeabi_cfrcmple
                0x000000000800109c                __aeabi_cfcmpeq
                0x000000000800109c                __aeabi_cfcmple
                0x00000000080010ac                __aeabi_fcmpeq
                0x00000000080010c0                __aeabi_fcmplt
                0x00000000080010d4                __aeabi_fcmple
                0x00000000080010e8                __aeabi_fcmpge
                0x00000000080010fc                __aeabi_fcmpgt
 .text          0x0000000008001110       0x2c d:/00.software/01.stm32cubeide/stm32cubeide_1.12.0/stm32cubeide/plugins/com.st.stm32cube.ide.mcu.externaltools.gnu-tools-for-stm32.10.3-2021.10.win32_1.0.200.202301161003/tools/bin/../lib/gcc/arm-none-eabi/10.3.1/thumb/v7-m/nofp\libgcc.a(_arm_unordsf2.o)
                0x0000000008001110                __unordsf2
                0x0000000008001110                __aeabi_fcmpun
 .text          0x000000000800113c       0x4c d:/00.software/01.stm32cubeide/stm32cubeide_1.12.0/stm32cubeide/plugins/com.st.stm32cube.ide.mcu.externaltools.gnu-tools-for-stm32.10.3-2021.10.win32_1.0.200.202301161003/tools/bin/../lib/gcc/arm-none-eabi/10.3.1/thumb/v7-m/nofp\libgcc.a(_arm_fixsfsi.o)
                0x000000000800113c                __aeabi_f2iz
                0x000000000800113c                __fixsfsi
 .text          0x0000000008001188       0x40 d:/00.software/01.stm32cubeide/stm32cubeide_1.12.0/stm32cubeide/plugins/com.st.stm32cube.ide.mcu.externaltools.gnu-tools-for-stm32.10.3-2021.10.win32_1.0.200.202301161003/tools/bin/../lib/gcc/arm-none-eabi/10.3.1/thumb/v7-m/nofp\libgcc.a(_arm_fixunssfsi.o)
                0x0000000008001188                __fixunssfsi
                0x0000000008001188                __aeabi_f2uiz
 .text          0x00000000080011c8       0x34 d:/00.software/01.stm32cubeide/stm32cubeide_1.12.0/stm32cubeide/plugins/com.st.stm32cube.ide.mcu.externaltools.gnu-tools-for-stm32.10.3-2021.10.win32_1.0.200.202301161003/tools/bin/../lib/gcc/arm-none-eabi/10.3.1/thumb/v7-m/nofp\libgcc.a(_fixdfdi.o)
                0x00000000080011c8                __fixdfdi
                0x00000000080011c8                __aeabi_d2lz
 .text          0x00000000080011fc       0x3c d:/00.software/01.stm32cubeide/stm32cubeide_1.12.0/stm32cubeide/plugins/com.st.stm32cube.ide.mcu.externaltools.gnu-tools-for-stm32.10.3-2021.10.win32_1.0.200.202301161003/tools/bin/../lib/gcc/arm-none-eabi/10.3.1/thumb/v7-m/nofp\libgcc.a(_fixunsdfdi.o)
                0x00000000080011fc                __fixunsdfdi
                0x00000000080011fc                __aeabi_d2ulz
 *(.text*)
 .text._ZSt3logf
                0x0000000008001238       0x18 ./Core/Src/MAX30100.o
                0x0000000008001238                std::log(float)
 .text._ZSt4sqrtf
                0x0000000008001250       0x18 ./Core/Src/MAX30100.o
                0x0000000008001250                std::sqrt(float)
 .text._ZN8MAX30100C2E4Mode12SamplingRate13LEDPulseWidth10LEDCurrentbb
                0x0000000008001268      0x12c ./Core/Src/MAX30100.o
                0x0000000008001268                MAX30100::MAX30100(Mode, SamplingRate, LEDPulseWidth, LEDCurrent, bool, bool)
                0x0000000008001268                MAX30100::MAX30100(Mode, SamplingRate, LEDPulseWidth, LEDCurrent, bool, bool)
 .text._ZN8MAX301006updateEv
                0x0000000008001394      0x26c ./Core/Src/MAX30100.o
                0x0000000008001394                MAX30100::update()
 .text._ZN8MAX3010011detectPulseEf
                0x0000000008001600      0x220 ./Core/Src/MAX30100.o
                0x0000000008001600                MAX30100::detectPulse(float)
 .text._ZN8MAX3010017balanceIntesitiesEff
                0x0000000008001820       0xe4 ./Core/Src/MAX30100.o
                0x0000000008001820                MAX30100::balanceIntesities(float, float)
 .text._ZN8MAX3010013writeRegisterEhh
                0x0000000008001904       0x38 ./Core/Src/MAX30100.o
                0x0000000008001904                MAX30100::writeRegister(unsigned char, unsigned char)
 .text._ZN8MAX3010012readRegisterEh
                0x000000000800193c       0x3c ./Core/Src/MAX30100.o
                0x000000000800193c                MAX30100::readRegister(unsigned char)
 .text._ZN8MAX301008readFromEhiPh
                0x0000000008001978       0x3c ./Core/Src/MAX30100.o
                0x0000000008001978                MAX30100::readFrom(unsigned char, int, unsigned char*)
 .text._ZN8MAX301007setModeE4Mode
                0x00000000080019b4       0x38 ./Core/Src/MAX30100.o
                0x00000000080019b4                MAX30100::setMode(Mode)
 .text._ZN8MAX3010021setHighresModeEnabledEb
                0x00000000080019ec       0x4c ./Core/Src/MAX30100.o
                0x00000000080019ec                MAX30100::setHighresModeEnabled(bool)
 .text._ZN8MAX3010015setSamplingRateE12SamplingRate
                0x0000000008001a38       0x40 ./Core/Src/MAX30100.o
                0x0000000008001a38                MAX30100::setSamplingRate(SamplingRate)
 .text._ZN8MAX3010016setLEDPulseWidthE13LEDPulseWidth
                0x0000000008001a78       0x38 ./Core/Src/MAX30100.o
                0x0000000008001a78                MAX30100::setLEDPulseWidth(LEDPulseWidth)
 .text._ZN8MAX3010014setLEDCurrentsEhh
                0x0000000008001ab0       0x32 ./Core/Src/MAX30100.o
                0x0000000008001ab0                MAX30100::setLEDCurrents(unsigned char, unsigned char)
 .text._ZN8MAX301009resetFIFOEv
                0x0000000008001ae2       0x2e ./Core/Src/MAX30100.o
                0x0000000008001ae2                MAX30100::resetFIFO()
 .text._ZN8MAX301008readFIFOEv
                0x0000000008001b10       0x54 ./Core/Src/MAX30100.o
                0x0000000008001b10                MAX30100::readFIFO()
 .text._ZN8MAX301009dcRemovalEfff
                0x0000000008001b64       0x46 ./Core/Src/MAX30100.o
                0x0000000008001b64                MAX30100::dcRemoval(float, float, float)
 *fill*         0x0000000008001baa        0x6 
 .text._ZN8MAX3010024lowPassButterworthFilterEfP19butterworthFilter_t
                0x0000000008001bb0       0x90 ./Core/Src/MAX30100.o
                0x0000000008001bb0                MAX30100::lowPassButterworthFilter(float, butterworthFilter_t*)
 .text._ZN8MAX301008meanDiffEfP16meanDiffFilter_t
                0x0000000008001c40       0xe4 ./Core/Src/MAX30100.o
                0x0000000008001c40                MAX30100::meanDiff(float, meanDiffFilter_t*)
 .text._write   0x0000000008001d24       0x2c ./Core/Src/main.o
                0x0000000008001d24                _write
 .text.main     0x0000000008001d50       0x5c ./Core/Src/main.o
                0x0000000008001d50                main
 .text.SystemClock_Config
                0x0000000008001dac       0xbe ./Core/Src/main.o
                0x0000000008001dac                SystemClock_Config
 *fill*         0x0000000008001e6a        0x2 
 .text.MX_ADC1_Init
                0x0000000008001e6c       0x7c ./Core/Src/main.o
 .text.MX_I2C1_Init
                0x0000000008001ee8       0x5c ./Core/Src/main.o
 .text.MX_RTC_Init
                0x0000000008001f44       0xbc ./Core/Src/main.o
 .text.MX_TIM2_Init
                0x0000000008002000       0x9c ./Core/Src/main.o
 .text.MX_TIM3_Init
                0x000000000800209c       0x9c ./Core/Src/main.o
 .text.MX_TIM4_Init
                0x0000000008002138       0x9c ./Core/Src/main.o
 .text.MX_USART1_UART_Init
                0x00000000080021d4       0x54 ./Core/Src/main.o
 .text.MX_USART2_UART_Init
                0x0000000008002228       0x54 ./Core/Src/main.o
 .text.MX_DMA_Init
                0x000000000800227c       0x4c ./Core/Src/main.o
 .text.MX_GPIO_Init
                0x00000000080022c8      0x11c ./Core/Src/main.o
 .text.Error_Handler
                0x00000000080023e4        0xa ./Core/Src/main.o
                0x00000000080023e4                Error_Handler
 *fill*         0x00000000080023ee        0x2 
 .text.HAL_GPIO_EXTI_Callback
                0x00000000080023f0       0x20 ./Core/Src/myMain.o
                0x00000000080023f0                HAL_GPIO_EXTI_Callback
 .text._Z16enter_sleep_modev
                0x0000000008002410       0x74 ./Core/Src/myMain.o
                0x0000000008002410                enter_sleep_mode()
 .text._Z14add_heart_beath
                0x0000000008002484      0x154 ./Core/Src/myMain.o
                0x0000000008002484                add_heart_beat(unsigned char)
 .text.HAL_ADC_ConvCpltCallback
                0x00000000080025d8       0xdc ./Core/Src/myMain.o
                0x00000000080025d8                HAL_ADC_ConvCpltCallback
 .text._Z4initv
                0x00000000080026b4       0x74 ./Core/Src/myMain.o
                0x00000000080026b4                init()
 .text.HAL_TIM_PeriodElapsedCallback
                0x0000000008002728       0xd4 ./Core/Src/myMain.o
                0x0000000008002728                HAL_TIM_PeriodElapsedCallback
 .text._Z4loopv
                0x00000000080027fc      0x36c ./Core/Src/myMain.o
                0x00000000080027fc                loop()
 .text.initC    0x0000000008002b68        0xc ./Core/Src/myMain.o
                0x0000000008002b68                initC
 .text.loopC    0x0000000008002b74        0xc ./Core/Src/myMain.o
                0x0000000008002b74                loopC
 .text._Z41__static_initialization_and_destruction_0ii
                0x0000000008002b80       0x38 ./Core/Src/myMain.o
 .text._GLOBAL__sub_I_pulseOxymeter
                0x0000000008002bb8       0x10 ./Core/Src/myMain.o
 .text._Z18AT_Getstring_indexPcS_S_i
                0x0000000008002bc8      0x164 ./Core/Src/sim7600.o
                0x0000000008002bc8                AT_Getstring_index(char*, char*, char*, int)
 .text._Z15AT_Getint_indexPiPcS0_i
                0x0000000008002d2c       0x48 ./Core/Src/sim7600.o
                0x0000000008002d2c                AT_Getint_index(int*, char*, char*, int)
 .text._Z15SIM7600_TURN_ONv
                0x0000000008002d74       0x38 ./Core/Src/sim7600.o
                0x0000000008002d74                SIM7600_TURN_ON()
 .text._Z16SIM7600_TURN_OFFv
                0x0000000008002dac       0x38 ./Core/Src/sim7600.o
                0x0000000008002dac                SIM7600_TURN_OFF()
 .text._Z19At_Command_responsePcS_S_Pim
                0x0000000008002de4      0x140 ./Core/Src/sim7600.o
                0x0000000008002de4                At_Command_response(char*, char*, char*, int*, unsigned long)
 .text._Z10At_CommandPcS_m
                0x0000000008002f24      0x134 ./Core/Src/sim7600.o
                0x0000000008002f24                At_Command(char*, char*, unsigned long)
 .text._Z12Sim7600_initv
                0x0000000008003058       0xf8 ./Core/Src/sim7600.o
                0x0000000008003058                Sim7600_init()
 .text._Z11AT_Sms_SendPcS_
                0x0000000008003150       0xa8 ./Core/Src/sim7600.o
                0x0000000008003150                AT_Sms_Send(char*, char*)
 .text._Z19AT_SIM7600_HTTP_GetPcS_Pt
                0x00000000080031f8      0x15c ./Core/Src/sim7600.o
                0x00000000080031f8                AT_SIM7600_HTTP_Get(char*, char*, unsigned short*)
 .text._Z18extractFloatValuesPKcPfS1_
                0x0000000008003354       0x92 ./Core/Src/sim7600.o
                0x0000000008003354                extractFloatValues(char const*, float*, float*)
 *fill*         0x00000000080033e6        0x2 
 .text._Z18SIM_7600_read_GNSSPc
                0x00000000080033e8       0xc8 ./Core/Src/sim7600.o
                0x00000000080033e8                SIM_7600_read_GNSS(char*)
 .text.HAL_MspInit
                0x00000000080034b0       0x64 ./Core/Src/stm32f1xx_hal_msp.o
                0x00000000080034b0                HAL_MspInit
 .text.HAL_ADC_MspInit
                0x0000000008003514       0xd0 ./Core/Src/stm32f1xx_hal_msp.o
                0x0000000008003514                HAL_ADC_MspInit
 .text.HAL_I2C_MspInit
                0x00000000080035e4       0x7c ./Core/Src/stm32f1xx_hal_msp.o
                0x00000000080035e4                HAL_I2C_MspInit
 .text.HAL_RTC_MspInit
                0x0000000008003660       0x58 ./Core/Src/stm32f1xx_hal_msp.o
                0x0000000008003660                HAL_RTC_MspInit
 .text.HAL_TIM_Base_MspInit
                0x00000000080036b8       0xb8 ./Core/Src/stm32f1xx_hal_msp.o
                0x00000000080036b8                HAL_TIM_Base_MspInit
 .text.HAL_UART_MspInit
                0x0000000008003770      0x16c ./Core/Src/stm32f1xx_hal_msp.o
                0x0000000008003770                HAL_UART_MspInit
 .text.NMI_Handler
                0x00000000080038dc        0x6 ./Core/Src/stm32f1xx_it.o
                0x00000000080038dc                NMI_Handler
 .text.HardFault_Handler
                0x00000000080038e2        0x6 ./Core/Src/stm32f1xx_it.o
                0x00000000080038e2                HardFault_Handler
 .text.MemManage_Handler
                0x00000000080038e8        0x6 ./Core/Src/stm32f1xx_it.o
                0x00000000080038e8                MemManage_Handler
 .text.BusFault_Handler
                0x00000000080038ee        0x6 ./Core/Src/stm32f1xx_it.o
                0x00000000080038ee                BusFault_Handler
 .text.UsageFault_Handler
                0x00000000080038f4        0x6 ./Core/Src/stm32f1xx_it.o
                0x00000000080038f4                UsageFault_Handler
 .text.SVC_Handler
                0x00000000080038fa        0xc ./Core/Src/stm32f1xx_it.o
                0x00000000080038fa                SVC_Handler
 .text.DebugMon_Handler
                0x0000000008003906        0xc ./Core/Src/stm32f1xx_it.o
                0x0000000008003906                DebugMon_Handler
 .text.PendSV_Handler
                0x0000000008003912        0xc ./Core/Src/stm32f1xx_it.o
                0x0000000008003912                PendSV_Handler
 .text.SysTick_Handler
                0x000000000800391e        0xc ./Core/Src/stm32f1xx_it.o
                0x000000000800391e                SysTick_Handler
 *fill*         0x000000000800392a        0x2 
 .text.RTC_IRQHandler
                0x000000000800392c       0x14 ./Core/Src/stm32f1xx_it.o
                0x000000000800392c                RTC_IRQHandler
 .text.EXTI0_IRQHandler
                0x0000000008003940        0xe ./Core/Src/stm32f1xx_it.o
                0x0000000008003940                EXTI0_IRQHandler
 *fill*         0x000000000800394e        0x2 
 .text.DMA1_Channel1_IRQHandler
                0x0000000008003950       0x14 ./Core/Src/stm32f1xx_it.o
                0x0000000008003950                DMA1_Channel1_IRQHandler
 .text.DMA1_Channel5_IRQHandler
                0x0000000008003964       0x14 ./Core/Src/stm32f1xx_it.o
                0x0000000008003964                DMA1_Channel5_IRQHandler
 .text.TIM2_IRQHandler
                0x0000000008003978       0x14 ./Core/Src/stm32f1xx_it.o
                0x0000000008003978                TIM2_IRQHandler
 .text.TIM3_IRQHandler
                0x000000000800398c       0x14 ./Core/Src/stm32f1xx_it.o
                0x000000000800398c                TIM3_IRQHandler
 .text.TIM4_IRQHandler
                0x00000000080039a0       0x14 ./Core/Src/stm32f1xx_it.o
                0x00000000080039a0                TIM4_IRQHandler
 .text.USART1_IRQHandler
                0x00000000080039b4       0x14 ./Core/Src/stm32f1xx_it.o
                0x00000000080039b4                USART1_IRQHandler
 .text._getpid  0x00000000080039c8        0xe ./Core/Src/syscalls.o
                0x00000000080039c8                _getpid
 .text._kill    0x00000000080039d6       0x20 ./Core/Src/syscalls.o
                0x00000000080039d6                _kill
 .text._exit    0x00000000080039f6       0x14 ./Core/Src/syscalls.o
                0x00000000080039f6                _exit
 .text._read    0x0000000008003a0a       0x3a ./Core/Src/syscalls.o
                0x0000000008003a0a                _read
 .text._close   0x0000000008003a44       0x16 ./Core/Src/syscalls.o
                0x0000000008003a44                _close
 .text._fstat   0x0000000008003a5a       0x1e ./Core/Src/syscalls.o
                0x0000000008003a5a                _fstat
 .text._isatty  0x0000000008003a78       0x14 ./Core/Src/syscalls.o
                0x0000000008003a78                _isatty
 .text._lseek   0x0000000008003a8c       0x18 ./Core/Src/syscalls.o
                0x0000000008003a8c                _lseek
 .text._sbrk    0x0000000008003aa4       0x6c ./Core/Src/sysmem.o
                0x0000000008003aa4                _sbrk
 .text.SystemInit
                0x0000000008003b10        0xc ./Core/Src/system_stm32f1xx.o
                0x0000000008003b10                SystemInit
 .text.Reset_Handler
                0x0000000008003b1c       0x48 ./Core/Startup/startup_stm32f103c8tx.o
                0x0000000008003b1c                Reset_Handler
 .text.Default_Handler
                0x0000000008003b64        0x2 ./Core/Startup/startup_stm32f103c8tx.o
                0x0000000008003b64                RTC_Alarm_IRQHandler
                0x0000000008003b64                EXTI2_IRQHandler
                0x0000000008003b64                TIM1_CC_IRQHandler
                0x0000000008003b64                PVD_IRQHandler
                0x0000000008003b64                EXTI3_IRQHandler
                0x0000000008003b64                I2C2_EV_IRQHandler
                0x0000000008003b64                ADC1_2_IRQHandler
                0x0000000008003b64                SPI1_IRQHandler
                0x0000000008003b64                TAMPER_IRQHandler
                0x0000000008003b64                DMA1_Channel4_IRQHandler
                0x0000000008003b64                USART3_IRQHandler
                0x0000000008003b64                DMA1_Channel7_IRQHandler
                0x0000000008003b64                CAN1_RX1_IRQHandler
                0x0000000008003b64                I2C1_EV_IRQHandler
                0x0000000008003b64                DMA1_Channel6_IRQHandler
                0x0000000008003b64                RCC_IRQHandler
                0x0000000008003b64                TIM1_TRG_COM_IRQHandler
                0x0000000008003b64                Default_Handler
                0x0000000008003b64                EXTI15_10_IRQHandler
                0x0000000008003b64                EXTI9_5_IRQHandler
                0x0000000008003b64                SPI2_IRQHandler
                0x0000000008003b64                EXTI4_IRQHandler
                0x0000000008003b64                USB_LP_CAN1_RX0_IRQHandler
                0x0000000008003b64                USB_HP_CAN1_TX_IRQHandler
                0x0000000008003b64                DMA1_Channel3_IRQHandler
                0x0000000008003b64                TIM1_UP_IRQHandler
                0x0000000008003b64                WWDG_IRQHandler
                0x0000000008003b64                TIM1_BRK_IRQHandler
                0x0000000008003b64                EXTI1_IRQHandler
                0x0000000008003b64                USART2_IRQHandler
                0x0000000008003b64                I2C2_ER_IRQHandler
                0x0000000008003b64                DMA1_Channel2_IRQHandler
                0x0000000008003b64                CAN1_SCE_IRQHandler
                0x0000000008003b64                FLASH_IRQHandler
                0x0000000008003b64                I2C1_ER_IRQHandler
                0x0000000008003b64                USBWakeUp_IRQHandler
 *fill*         0x0000000008003b66        0x2 
 .text.HAL_Init
                0x0000000008003b68       0x2c ./Drivers/STM32F1xx_HAL_Driver/Src/stm32f1xx_hal.o
                0x0000000008003b68                HAL_Init
 .text.HAL_InitTick
                0x0000000008003b94       0x60 ./Drivers/STM32F1xx_HAL_Driver/Src/stm32f1xx_hal.o
                0x0000000008003b94                HAL_InitTick
 .text.HAL_IncTick
                0x0000000008003bf4       0x24 ./Drivers/STM32F1xx_HAL_Driver/Src/stm32f1xx_hal.o
                0x0000000008003bf4                HAL_IncTick
 .text.HAL_GetTick
                0x0000000008003c18       0x14 ./Drivers/STM32F1xx_HAL_Driver/Src/stm32f1xx_hal.o
                0x0000000008003c18                HAL_GetTick
 .text.HAL_Delay
                0x0000000008003c2c       0x48 ./Drivers/STM32F1xx_HAL_Driver/Src/stm32f1xx_hal.o
                0x0000000008003c2c                HAL_Delay
 .text.HAL_SuspendTick
                0x0000000008003c74       0x1c ./Drivers/STM32F1xx_HAL_Driver/Src/stm32f1xx_hal.o
                0x0000000008003c74                HAL_SuspendTick
 .text.HAL_ResumeTick
                0x0000000008003c90       0x1c ./Drivers/STM32F1xx_HAL_Driver/Src/stm32f1xx_hal.o
                0x0000000008003c90                HAL_ResumeTick
 .text.HAL_ADC_Init
                0x0000000008003cac      0x1b0 ./Drivers/STM32F1xx_HAL_Driver/Src/stm32f1xx_hal_adc.o
                0x0000000008003cac                HAL_ADC_Init
 .text.HAL_ADC_Start_DMA
                0x0000000008003e5c      0x1bc ./Drivers/STM32F1xx_HAL_Driver/Src/stm32f1xx_hal_adc.o
                0x0000000008003e5c                HAL_ADC_Start_DMA
 .text.HAL_ADC_ConvHalfCpltCallback
                0x0000000008004018       0x12 ./Drivers/STM32F1xx_HAL_Driver/Src/stm32f1xx_hal_adc.o
                0x0000000008004018                HAL_ADC_ConvHalfCpltCallback
 .text.HAL_ADC_ErrorCallback
                0x000000000800402a       0x12 ./Drivers/STM32F1xx_HAL_Driver/Src/stm32f1xx_hal_adc.o
                0x000000000800402a                HAL_ADC_ErrorCallback
 .text.HAL_ADC_ConfigChannel
                0x000000000800403c      0x1f0 ./Drivers/STM32F1xx_HAL_Driver/Src/stm32f1xx_hal_adc.o
                0x000000000800403c                HAL_ADC_ConfigChannel
 .text.ADC_Enable
                0x000000000800422c       0xb4 ./Drivers/STM32F1xx_HAL_Driver/Src/stm32f1xx_hal_adc.o
                0x000000000800422c                ADC_Enable
 .text.ADC_ConversionStop_Disable
                0x00000000080042e0       0x82 ./Drivers/STM32F1xx_HAL_Driver/Src/stm32f1xx_hal_adc.o
                0x00000000080042e0                ADC_ConversionStop_Disable
 .text.ADC_DMAConvCplt
                0x0000000008004362       0x7c ./Drivers/STM32F1xx_HAL_Driver/Src/stm32f1xx_hal_adc.o
                0x0000000008004362                ADC_DMAConvCplt
 .text.ADC_DMAHalfConvCplt
                0x00000000080043de       0x1c ./Drivers/STM32F1xx_HAL_Driver/Src/stm32f1xx_hal_adc.o
                0x00000000080043de                ADC_DMAHalfConvCplt
 .text.ADC_DMAError
                0x00000000080043fa       0x34 ./Drivers/STM32F1xx_HAL_Driver/Src/stm32f1xx_hal_adc.o
                0x00000000080043fa                ADC_DMAError
 *fill*         0x000000000800442e        0x2 
 .text.__NVIC_SetPriorityGrouping
                0x0000000008004430       0x48 ./Drivers/STM32F1xx_HAL_Driver/Src/stm32f1xx_hal_cortex.o
 .text.__NVIC_GetPriorityGrouping
                0x0000000008004478       0x1c ./Drivers/STM32F1xx_HAL_Driver/Src/stm32f1xx_hal_cortex.o
 .text.__NVIC_EnableIRQ
                0x0000000008004494       0x38 ./Drivers/STM32F1xx_HAL_Driver/Src/stm32f1xx_hal_cortex.o
 .text.__NVIC_DisableIRQ
                0x00000000080044cc       0x48 ./Drivers/STM32F1xx_HAL_Driver/Src/stm32f1xx_hal_cortex.o
 .text.__NVIC_SetPriority
                0x0000000008004514       0x54 ./Drivers/STM32F1xx_HAL_Driver/Src/stm32f1xx_hal_cortex.o
 .text.NVIC_EncodePriority
                0x0000000008004568       0x64 ./Drivers/STM32F1xx_HAL_Driver/Src/stm32f1xx_hal_cortex.o
 .text.__NVIC_SystemReset
                0x00000000080045cc       0x2c ./Drivers/STM32F1xx_HAL_Driver/Src/stm32f1xx_hal_cortex.o
 .text.SysTick_Config
                0x00000000080045f8       0x44 ./Drivers/STM32F1xx_HAL_Driver/Src/stm32f1xx_hal_cortex.o
 .text.HAL_NVIC_SetPriorityGrouping
                0x000000000800463c       0x16 ./Drivers/STM32F1xx_HAL_Driver/Src/stm32f1xx_hal_cortex.o
                0x000000000800463c                HAL_NVIC_SetPriorityGrouping
 .text.HAL_NVIC_SetPriority
                0x0000000008004652       0x38 ./Drivers/STM32F1xx_HAL_Driver/Src/stm32f1xx_hal_cortex.o
                0x0000000008004652                HAL_NVIC_SetPriority
 .text.HAL_NVIC_EnableIRQ
                0x000000000800468a       0x1c ./Drivers/STM32F1xx_HAL_Driver/Src/stm32f1xx_hal_cortex.o
                0x000000000800468a                HAL_NVIC_EnableIRQ
 .text.HAL_NVIC_DisableIRQ
                0x00000000080046a6       0x1c ./Drivers/STM32F1xx_HAL_Driver/Src/stm32f1xx_hal_cortex.o
                0x00000000080046a6                HAL_NVIC_DisableIRQ
 .text.HAL_NVIC_SystemReset
                0x00000000080046c2        0x8 ./Drivers/STM32F1xx_HAL_Driver/Src/stm32f1xx_hal_cortex.o
                0x00000000080046c2                HAL_NVIC_SystemReset
 .text.HAL_SYSTICK_Config
                0x00000000080046ca       0x18 ./Drivers/STM32F1xx_HAL_Driver/Src/stm32f1xx_hal_cortex.o
                0x00000000080046ca                HAL_SYSTICK_Config
 *fill*         0x00000000080046e2        0x2 
 .text.HAL_DMA_Init
                0x00000000080046e4       0xb4 ./Drivers/STM32F1xx_HAL_Driver/Src/stm32f1xx_hal_dma.o
                0x00000000080046e4                HAL_DMA_Init
 .text.HAL_DMA_Start_IT
                0x0000000008004798       0xbe ./Drivers/STM32F1xx_HAL_Driver/Src/stm32f1xx_hal_dma.o
                0x0000000008004798                HAL_DMA_Start_IT
 .text.HAL_DMA_Abort
                0x0000000008004856       0x74 ./Drivers/STM32F1xx_HAL_Driver/Src/stm32f1xx_hal_dma.o
                0x0000000008004856                HAL_DMA_Abort
 *fill*         0x00000000080048ca        0x2 
 .text.HAL_DMA_Abort_IT
                0x00000000080048cc       0xec ./Drivers/STM32F1xx_HAL_Driver/Src/stm32f1xx_hal_dma.o
                0x00000000080048cc                HAL_DMA_Abort_IT
 .text.HAL_DMA_IRQHandler
                0x00000000080049b8      0x20c ./Drivers/STM32F1xx_HAL_Driver/Src/stm32f1xx_hal_dma.o
                0x00000000080049b8                HAL_DMA_IRQHandler
 .text.DMA_SetConfig
                0x0000000008004bc4       0x5a ./Drivers/STM32F1xx_HAL_Driver/Src/stm32f1xx_hal_dma.o
 *fill*         0x0000000008004c1e        0x2 
 .text.HAL_GPIO_Init
                0x0000000008004c20      0x308 ./Drivers/STM32F1xx_HAL_Driver/Src/stm32f1xx_hal_gpio.o
                0x0000000008004c20                HAL_GPIO_Init
 .text.HAL_GPIO_ReadPin
                0x0000000008004f28       0x2e ./Drivers/STM32F1xx_HAL_Driver/Src/stm32f1xx_hal_gpio.o
                0x0000000008004f28                HAL_GPIO_ReadPin
 .text.HAL_GPIO_WritePin
                0x0000000008004f56       0x30 ./Drivers/STM32F1xx_HAL_Driver/Src/stm32f1xx_hal_gpio.o
                0x0000000008004f56                HAL_GPIO_WritePin
 *fill*         0x0000000008004f86        0x2 
 .text.HAL_GPIO_EXTI_IRQHandler
                0x0000000008004f88       0x30 ./Drivers/STM32F1xx_HAL_Driver/Src/stm32f1xx_hal_gpio.o
                0x0000000008004f88                HAL_GPIO_EXTI_IRQHandler
 .text.HAL_I2C_Init
                0x0000000008004fb8      0x288 ./Drivers/STM32F1xx_HAL_Driver/Src/stm32f1xx_hal_i2c.o
                0x0000000008004fb8                HAL_I2C_Init
 .text.HAL_I2C_Mem_Write
                0x0000000008005240      0x1f4 ./Drivers/STM32F1xx_HAL_Driver/Src/stm32f1xx_hal_i2c.o
                0x0000000008005240                HAL_I2C_Mem_Write
 .text.HAL_I2C_Mem_Read
                0x0000000008005434      0x4d0 ./Drivers/STM32F1xx_HAL_Driver/Src/stm32f1xx_hal_i2c.o
                0x0000000008005434                HAL_I2C_Mem_Read
 .text.HAL_I2C_IsDeviceReady
                0x0000000008005904      0x25c ./Drivers/STM32F1xx_HAL_Driver/Src/stm32f1xx_hal_i2c.o
                0x0000000008005904                HAL_I2C_IsDeviceReady
 .text.I2C_RequestMemoryWrite
                0x0000000008005b60      0x12c ./Drivers/STM32F1xx_HAL_Driver/Src/stm32f1xx_hal_i2c.o
 .text.I2C_RequestMemoryRead
                0x0000000008005c8c      0x1d0 ./Drivers/STM32F1xx_HAL_Driver/Src/stm32f1xx_hal_i2c.o
 .text.I2C_WaitOnFlagUntilTimeout
                0x0000000008005e5c       0xae ./Drivers/STM32F1xx_HAL_Driver/Src/stm32f1xx_hal_i2c.o
 .text.I2C_WaitOnMasterAddressFlagUntilTimeout
                0x0000000008005f0a       0xfe ./Drivers/STM32F1xx_HAL_Driver/Src/stm32f1xx_hal_i2c.o
 .text.I2C_WaitOnTXEFlagUntilTimeout
                0x0000000008006008       0x82 ./Drivers/STM32F1xx_HAL_Driver/Src/stm32f1xx_hal_i2c.o
 .text.I2C_WaitOnBTFFlagUntilTimeout
                0x000000000800608a       0x82 ./Drivers/STM32F1xx_HAL_Driver/Src/stm32f1xx_hal_i2c.o
 .text.I2C_WaitOnRXNEFlagUntilTimeout
                0x000000000800610c       0xac ./Drivers/STM32F1xx_HAL_Driver/Src/stm32f1xx_hal_i2c.o
 .text.I2C_IsAcknowledgeFailed
                0x00000000080061b8       0x5c ./Drivers/STM32F1xx_HAL_Driver/Src/stm32f1xx_hal_i2c.o
 .text.HAL_PWR_EnableBkUpAccess
                0x0000000008006214       0x18 ./Drivers/STM32F1xx_HAL_Driver/Src/stm32f1xx_hal_pwr.o
                0x0000000008006214                HAL_PWR_EnableBkUpAccess
 .text.HAL_PWR_EnterSLEEPMode
                0x000000000800622c       0x38 ./Drivers/STM32F1xx_HAL_Driver/Src/stm32f1xx_hal_pwr.o
                0x000000000800622c                HAL_PWR_EnterSLEEPMode
 .text.HAL_PWR_EnableSleepOnExit
                0x0000000008006264       0x1c ./Drivers/STM32F1xx_HAL_Driver/Src/stm32f1xx_hal_pwr.o
                0x0000000008006264                HAL_PWR_EnableSleepOnExit
 .text.HAL_PWR_DisableSleepOnExit
                0x0000000008006280       0x1c ./Drivers/STM32F1xx_HAL_Driver/Src/stm32f1xx_hal_pwr.o
                0x0000000008006280                HAL_PWR_DisableSleepOnExit
 .text.HAL_RCC_OscConfig
                0x000000000800629c      0x504 ./Drivers/STM32F1xx_HAL_Driver/Src/stm32f1xx_hal_rcc.o
                0x000000000800629c                HAL_RCC_OscConfig
 .text.HAL_RCC_ClockConfig
                0x00000000080067a0      0x1d4 ./Drivers/STM32F1xx_HAL_Driver/Src/stm32f1xx_hal_rcc.o
                0x00000000080067a0                HAL_RCC_ClockConfig
 .text.HAL_RCC_GetSysClockFreq
                0x0000000008006974       0xbc ./Drivers/STM32F1xx_HAL_Driver/Src/stm32f1xx_hal_rcc.o
                0x0000000008006974                HAL_RCC_GetSysClockFreq
 .text.HAL_RCC_GetHCLKFreq
                0x0000000008006a30       0x14 ./Drivers/STM32F1xx_HAL_Driver/Src/stm32f1xx_hal_rcc.o
                0x0000000008006a30                HAL_RCC_GetHCLKFreq
 .text.HAL_RCC_GetPCLK1Freq
                0x0000000008006a44       0x28 ./Drivers/STM32F1xx_HAL_Driver/Src/stm32f1xx_hal_rcc.o
                0x0000000008006a44                HAL_RCC_GetPCLK1Freq
 .text.HAL_RCC_GetPCLK2Freq
                0x0000000008006a6c       0x28 ./Drivers/STM32F1xx_HAL_Driver/Src/stm32f1xx_hal_rcc.o
                0x0000000008006a6c                HAL_RCC_GetPCLK2Freq
 .text.RCC_Delay
                0x0000000008006a94       0x3c ./Drivers/STM32F1xx_HAL_Driver/Src/stm32f1xx_hal_rcc.o
 .text.HAL_RCCEx_PeriphCLKConfig
                0x0000000008006ad0      0x16c ./Drivers/STM32F1xx_HAL_Driver/Src/stm32f1xx_hal_rcc_ex.o
                0x0000000008006ad0                HAL_RCCEx_PeriphCLKConfig
 .text.HAL_RCCEx_GetPeriphCLKFreq
                0x0000000008006c3c      0x180 ./Drivers/STM32F1xx_HAL_Driver/Src/stm32f1xx_hal_rcc_ex.o
                0x0000000008006c3c                HAL_RCCEx_GetPeriphCLKFreq
 .text.HAL_RTC_Init
                0x0000000008006dbc      0x12c ./Drivers/STM32F1xx_HAL_Driver/Src/stm32f1xx_hal_rtc.o
                0x0000000008006dbc                HAL_RTC_Init
 .text.HAL_RTC_SetTime
                0x0000000008006ee8      0x12e ./Drivers/STM32F1xx_HAL_Driver/Src/stm32f1xx_hal_rtc.o
                0x0000000008006ee8                HAL_RTC_SetTime
 *fill*         0x0000000008007016        0x2 
 .text.HAL_RTC_SetDate
                0x0000000008007018      0x16c ./Drivers/STM32F1xx_HAL_Driver/Src/stm32f1xx_hal_rtc.o
                0x0000000008007018                HAL_RTC_SetDate
 .text.HAL_RTC_WaitForSynchro
                0x0000000008007184       0x5a ./Drivers/STM32F1xx_HAL_Driver/Src/stm32f1xx_hal_rtc.o
                0x0000000008007184                HAL_RTC_WaitForSynchro
 .text.RTC_ReadTimeCounter
                0x00000000080071de       0x60 ./Drivers/STM32F1xx_HAL_Driver/Src/stm32f1xx_hal_rtc.o
 .text.RTC_WriteTimeCounter
                0x000000000800723e       0x4e ./Drivers/STM32F1xx_HAL_Driver/Src/stm32f1xx_hal_rtc.o
 .text.RTC_ReadAlarmCounter
                0x000000000800728c       0x32 ./Drivers/STM32F1xx_HAL_Driver/Src/stm32f1xx_hal_rtc.o
 .text.RTC_WriteAlarmCounter
                0x00000000080072be       0x4e ./Drivers/STM32F1xx_HAL_Driver/Src/stm32f1xx_hal_rtc.o
 .text.RTC_EnterInitMode
                0x000000000800730c       0x50 ./Drivers/STM32F1xx_HAL_Driver/Src/stm32f1xx_hal_rtc.o
 .text.RTC_ExitInitMode
                0x000000000800735c       0x50 ./Drivers/STM32F1xx_HAL_Driver/Src/stm32f1xx_hal_rtc.o
 .text.RTC_Bcd2ToByte
                0x00000000080073ac       0x3a ./Drivers/STM32F1xx_HAL_Driver/Src/stm32f1xx_hal_rtc.o
 *fill*         0x00000000080073e6        0x2 
 .text.RTC_WeekDayNum
                0x00000000080073e8       0xf0 ./Drivers/STM32F1xx_HAL_Driver/Src/stm32f1xx_hal_rtc.o
 .text.HAL_RTCEx_SetTamper
                0x00000000080074d8       0x84 ./Drivers/STM32F1xx_HAL_Driver/Src/stm32f1xx_hal_rtc_ex.o
                0x00000000080074d8                HAL_RTCEx_SetTamper
 .text.HAL_RTCEx_RTCIRQHandler
                0x000000000800755c       0x6e ./Drivers/STM32F1xx_HAL_Driver/Src/stm32f1xx_hal_rtc_ex.o
                0x000000000800755c                HAL_RTCEx_RTCIRQHandler
 .text.HAL_RTCEx_RTCEventCallback
                0x00000000080075ca       0x12 ./Drivers/STM32F1xx_HAL_Driver/Src/stm32f1xx_hal_rtc_ex.o
                0x00000000080075ca                HAL_RTCEx_RTCEventCallback
 .text.HAL_RTCEx_RTCEventErrorCallback
                0x00000000080075dc       0x12 ./Drivers/STM32F1xx_HAL_Driver/Src/stm32f1xx_hal_rtc_ex.o
                0x00000000080075dc                HAL_RTCEx_RTCEventErrorCallback
 .text.HAL_TIM_Base_Init
                0x00000000080075ee       0x9e ./Drivers/STM32F1xx_HAL_Driver/Src/stm32f1xx_hal_tim.o
                0x00000000080075ee                HAL_TIM_Base_Init
 .text.HAL_TIM_Base_Start_IT
                0x000000000800768c       0xa4 ./Drivers/STM32F1xx_HAL_Driver/Src/stm32f1xx_hal_tim.o
                0x000000000800768c                HAL_TIM_Base_Start_IT
 .text.HAL_TIM_Base_Stop_IT
                0x0000000008007730       0x5c ./Drivers/STM32F1xx_HAL_Driver/Src/stm32f1xx_hal_tim.o
                0x0000000008007730                HAL_TIM_Base_Stop_IT
 .text.HAL_TIM_IRQHandler
                0x000000000800778c      0x210 ./Drivers/STM32F1xx_HAL_Driver/Src/stm32f1xx_hal_tim.o
                0x000000000800778c                HAL_TIM_IRQHandler
 .text.HAL_TIM_ConfigClockSource
                0x000000000800799c      0x188 ./Drivers/STM32F1xx_HAL_Driver/Src/stm32f1xx_hal_tim.o
                0x000000000800799c                HAL_TIM_ConfigClockSource
 .text.HAL_TIM_OC_DelayElapsedCallback
                0x0000000008007b24       0x12 ./Drivers/STM32F1xx_HAL_Driver/Src/stm32f1xx_hal_tim.o
                0x0000000008007b24                HAL_TIM_OC_DelayElapsedCallback
 .text.HAL_TIM_IC_CaptureCallback
                0x0000000008007b36       0x12 ./Drivers/STM32F1xx_HAL_Driver/Src/stm32f1xx_hal_tim.o
                0x0000000008007b36                HAL_TIM_IC_CaptureCallback
 .text.HAL_TIM_PWM_PulseFinishedCallback
                0x0000000008007b48       0x12 ./Drivers/STM32F1xx_HAL_Driver/Src/stm32f1xx_hal_tim.o
                0x0000000008007b48                HAL_TIM_PWM_PulseFinishedCallback
 .text.HAL_TIM_TriggerCallback
                0x0000000008007b5a       0x12 ./Drivers/STM32F1xx_HAL_Driver/Src/stm32f1xx_hal_tim.o
                0x0000000008007b5a                HAL_TIM_TriggerCallback
 .text.TIM_Base_SetConfig
                0x0000000008007b6c       0xc4 ./Drivers/STM32F1xx_HAL_Driver/Src/stm32f1xx_hal_tim.o
                0x0000000008007b6c                TIM_Base_SetConfig
 .text.TIM_TI1_ConfigInputStage
                0x0000000008007c30       0x5c ./Drivers/STM32F1xx_HAL_Driver/Src/stm32f1xx_hal_tim.o
 .text.TIM_TI2_ConfigInputStage
                0x0000000008007c8c       0x5e ./Drivers/STM32F1xx_HAL_Driver/Src/stm32f1xx_hal_tim.o
 .text.TIM_ITRx_SetConfig
                0x0000000008007cea       0x34 ./Drivers/STM32F1xx_HAL_Driver/Src/stm32f1xx_hal_tim.o
 .text.TIM_ETR_SetConfig
                0x0000000008007d1e       0x3e ./Drivers/STM32F1xx_HAL_Driver/Src/stm32f1xx_hal_tim.o
                0x0000000008007d1e                TIM_ETR_SetConfig
 .text.HAL_TIMEx_MasterConfigSynchronization
                0x0000000008007d5c       0xbc ./Drivers/STM32F1xx_HAL_Driver/Src/stm32f1xx_hal_tim_ex.o
                0x0000000008007d5c                HAL_TIMEx_MasterConfigSynchronization
 .text.HAL_TIMEx_CommutCallback
                0x0000000008007e18       0x12 ./Drivers/STM32F1xx_HAL_Driver/Src/stm32f1xx_hal_tim_ex.o
                0x0000000008007e18                HAL_TIMEx_CommutCallback
 .text.HAL_TIMEx_BreakCallback
                0x0000000008007e2a       0x12 ./Drivers/STM32F1xx_HAL_Driver/Src/stm32f1xx_hal_tim_ex.o
                0x0000000008007e2a                HAL_TIMEx_BreakCallback
 .text.HAL_UART_Init
                0x0000000008007e3c       0x9a ./Drivers/STM32F1xx_HAL_Driver/Src/stm32f1xx_hal_uart.o
                0x0000000008007e3c                HAL_UART_Init
 .text.HAL_UART_Transmit
                0x0000000008007ed6      0x124 ./Drivers/STM32F1xx_HAL_Driver/Src/stm32f1xx_hal_uart.o
                0x0000000008007ed6                HAL_UART_Transmit
 .text.HAL_UART_Receive_DMA
                0x0000000008007ffa       0x60 ./Drivers/STM32F1xx_HAL_Driver/Src/stm32f1xx_hal_uart.o
                0x0000000008007ffa                HAL_UART_Receive_DMA
 .text.HAL_UART_DMAStop
                0x000000000800805a       0xb6 ./Drivers/STM32F1xx_HAL_Driver/Src/stm32f1xx_hal_uart.o
                0x000000000800805a                HAL_UART_DMAStop
 .text.HAL_UART_IRQHandler
                0x0000000008008110      0x354 ./Drivers/STM32F1xx_HAL_Driver/Src/stm32f1xx_hal_uart.o
                0x0000000008008110                HAL_UART_IRQHandler
 .text.HAL_UART_TxCpltCallback
                0x0000000008008464       0x12 ./Drivers/STM32F1xx_HAL_Driver/Src/stm32f1xx_hal_uart.o
                0x0000000008008464                HAL_UART_TxCpltCallback
 .text.HAL_UART_RxCpltCallback
                0x0000000008008476       0x12 ./Drivers/STM32F1xx_HAL_Driver/Src/stm32f1xx_hal_uart.o
                0x0000000008008476                HAL_UART_RxCpltCallback
 .text.HAL_UART_RxHalfCpltCallback
                0x0000000008008488       0x12 ./Drivers/STM32F1xx_HAL_Driver/Src/stm32f1xx_hal_uart.o
                0x0000000008008488                HAL_UART_RxHalfCpltCallback
 .text.HAL_UART_ErrorCallback
                0x000000000800849a       0x12 ./Drivers/STM32F1xx_HAL_Driver/Src/stm32f1xx_hal_uart.o
                0x000000000800849a                HAL_UART_ErrorCallback
 .text.HAL_UARTEx_RxEventCallback
                0x00000000080084ac       0x16 ./Drivers/STM32F1xx_HAL_Driver/Src/stm32f1xx_hal_uart.o
                0x00000000080084ac                HAL_UARTEx_RxEventCallback
 .text.UART_DMAReceiveCplt
                0x00000000080084c2       0x96 ./Drivers/STM32F1xx_HAL_Driver/Src/stm32f1xx_hal_uart.o
 .text.UART_DMARxHalfCplt
                0x0000000008008558       0x36 ./Drivers/STM32F1xx_HAL_Driver/Src/stm32f1xx_hal_uart.o
 .text.UART_DMAError
                0x000000000800858e       0x94 ./Drivers/STM32F1xx_HAL_Driver/Src/stm32f1xx_hal_uart.o
 .text.UART_WaitOnFlagUntilTimeout
                0x0000000008008622       0x94 ./Drivers/STM32F1xx_HAL_Driver/Src/stm32f1xx_hal_uart.o
 *fill*         0x00000000080086b6        0x2 
 .text.UART_Start_Receive_DMA
                0x00000000080086b8       0xc8 ./Drivers/STM32F1xx_HAL_Driver/Src/stm32f1xx_hal_uart.o
                0x00000000080086b8                UART_Start_Receive_DMA
 .text.UART_EndTxTransfer
                0x0000000008008780       0x2a ./Drivers/STM32F1xx_HAL_Driver/Src/stm32f1xx_hal_uart.o
 .text.UART_EndRxTransfer
                0x00000000080087aa       0x58 ./Drivers/STM32F1xx_HAL_Driver/Src/stm32f1xx_hal_uart.o
 .text.UART_DMAAbortOnError
                0x0000000008008802       0x28 ./Drivers/STM32F1xx_HAL_Driver/Src/stm32f1xx_hal_uart.o
 .text.UART_Transmit_IT
                0x000000000800882a       0x9e ./Drivers/STM32F1xx_HAL_Driver/Src/stm32f1xx_hal_uart.o
 .text.UART_EndTransmit_IT
                0x00000000080088c8       0x30 ./Drivers/STM32F1xx_HAL_Driver/Src/stm32f1xx_hal_uart.o
 .text.UART_Receive_IT
                0x00000000080088f8      0x152 ./Drivers/STM32F1xx_HAL_Driver/Src/stm32f1xx_hal_uart.o
 *fill*         0x0000000008008a4a        0x2 
 .text.UART_SetConfig
                0x0000000008008a4c      0x11c ./Drivers/STM32F1xx_HAL_Driver/Src/stm32f1xx_hal_uart.o
 .text._ZdlPvj  0x0000000008008b68        0x4 d:/00.software/01.stm32cubeide/stm32cubeide_1.12.0/stm32cubeide/plugins/com.st.stm32cube.ide.mcu.externaltools.gnu-tools-for-stm32.10.3-2021.10.win32_1.0.200.202301161003/tools/bin/../lib/gcc/arm-none-eabi/10.3.1/../../../../arm-none-eabi/lib/thumb/v7-m/nofp\libstdc++_nano.a(del_ops.o)
                0x0000000008008b68                operator delete(void*, unsigned int)
 .text._Znwj    0x0000000008008b6c       0x22 d:/00.software/01.stm32cubeide/stm32cubeide_1.12.0/stm32cubeide/plugins/com.st.stm32cube.ide.mcu.externaltools.gnu-tools-for-stm32.10.3-2021.10.win32_1.0.200.202301161003/tools/bin/../lib/gcc/arm-none-eabi/10.3.1/../../../../arm-none-eabi/lib/thumb/v7-m/nofp\libstdc++_nano.a(new_op.o)
                0x0000000008008b6c                operator new(unsigned int)
 .text._ZdlPv   0x0000000008008b8e        0x4 d:/00.software/01.stm32cubeide/stm32cubeide_1.12.0/stm32cubeide/plugins/com.st.stm32cube.ide.mcu.externaltools.gnu-tools-for-stm32.10.3-2021.10.win32_1.0.200.202301161003/tools/bin/../lib/gcc/arm-none-eabi/10.3.1/../../../../arm-none-eabi/lib/thumb/v7-m/nofp\libstdc++_nano.a(del_op.o)
                0x0000000008008b8e                operator delete(void*)
 *fill*         0x0000000008008b92        0x2 
 .text._ZSt15get_new_handlerv
                0x0000000008008b94       0x10 d:/00.software/01.stm32cubeide/stm32cubeide_1.12.0/stm32cubeide/plugins/com.st.stm32cube.ide.mcu.externaltools.gnu-tools-for-stm32.10.3-2021.10.win32_1.0.200.202301161003/tools/bin/../lib/gcc/arm-none-eabi/10.3.1/../../../../arm-none-eabi/lib/thumb/v7-m/nofp\libstdc++_nano.a(new_handler.o)
                0x0000000008008b94                std::get_new_handler()
 .text.logf     0x0000000008008ba4       0x50 d:/00.software/01.stm32cubeide/stm32cubeide_1.12.0/stm32cubeide/plugins/com.st.stm32cube.ide.mcu.externaltools.gnu-tools-for-stm32.10.3-2021.10.win32_1.0.200.202301161003/tools/bin/../lib/gcc/arm-none-eabi/10.3.1/../../../../arm-none-eabi/lib/thumb/v7-m/nofp\libm.a(lib_a-wf_log.o)
                0x0000000008008ba4                logf
 .text.sqrtf    0x0000000008008bf4       0x34 d:/00.software/01.stm32cubeide/stm32cubeide_1.12.0/stm32cubeide/plugins/com.st.stm32cube.ide.mcu.externaltools.gnu-tools-for-stm32.10.3-2021.10.win32_1.0.200.202301161003/tools/bin/../lib/gcc/arm-none-eabi/10.3.1/../../../../arm-none-eabi/lib/thumb/v7-m/nofp\libm.a(lib_a-wf_sqrt.o)
                0x0000000008008bf4                sqrtf
 .text.__ieee754_logf
                0x0000000008008c28      0x248 d:/00.software/01.stm32cubeide/stm32cubeide_1.12.0/stm32cubeide/plugins/com.st.stm32cube.ide.mcu.externaltools.gnu-tools-for-stm32.10.3-2021.10.win32_1.0.200.202301161003/tools/bin/../lib/gcc/arm-none-eabi/10.3.1/../../../../arm-none-eabi/lib/thumb/v7-m/nofp\libm.a(lib_a-ef_log.o)
                0x0000000008008c28                __ieee754_logf
 .text.__ieee754_sqrtf
                0x0000000008008e70       0xa2 d:/00.software/01.stm32cubeide/stm32cubeide_1.12.0/stm32cubeide/plugins/com.st.stm32cube.ide.mcu.externaltools.gnu-tools-for-stm32.10.3-2021.10.win32_1.0.200.202301161003/tools/bin/../lib/gcc/arm-none-eabi/10.3.1/../../../../arm-none-eabi/lib/thumb/v7-m/nofp\libm.a(lib_a-ef_sqrt.o)
                0x0000000008008e70                __ieee754_sqrtf
 *fill*         0x0000000008008f12        0x2 
 .text.nanf     0x0000000008008f14        0x8 d:/00.software/01.stm32cubeide/stm32cubeide_1.12.0/stm32cubeide/plugins/com.st.stm32cube.ide.mcu.externaltools.gnu-tools-for-stm32.10.3-2021.10.win32_1.0.200.202301161003/tools/bin/../lib/gcc/arm-none-eabi/10.3.1/../../../../arm-none-eabi/lib/thumb/v7-m/nofp\libm.a(lib_a-sf_nan.o)
                0x0000000008008f14                nanf
 .text.abort    0x0000000008008f1c        0xe d:/00.software/01.stm32cubeide/stm32cubeide_1.12.0/stm32cubeide/plugins/com.st.stm32cube.ide.mcu.externaltools.gnu-tools-for-stm32.10.3-2021.10.win32_1.0.200.202301161003/tools/bin/../lib/gcc/arm-none-eabi/10.3.1/../../../../arm-none-eabi/lib/thumb/v7-m/nofp\libc_nano.a(lib_a-abort.o)
                0x0000000008008f1c                abort
 .text.atoi     0x0000000008008f2a        0x8 d:/00.software/01.stm32cubeide/stm32cubeide_1.12.0/stm32cubeide/plugins/com.st.stm32cube.ide.mcu.externaltools.gnu-tools-for-stm32.10.3-2021.10.win32_1.0.200.202301161003/tools/bin/../lib/gcc/arm-none-eabi/10.3.1/../../../../arm-none-eabi/lib/thumb/v7-m/nofp\libc_nano.a(lib_a-atoi.o)
                0x0000000008008f2a                atoi
 *fill*         0x0000000008008f32        0x2 
 .text.__errno  0x0000000008008f34        0xc d:/00.software/01.stm32cubeide/stm32cubeide_1.12.0/stm32cubeide/plugins/com.st.stm32cube.ide.mcu.externaltools.gnu-tools-for-stm32.10.3-2021.10.win32_1.0.200.202301161003/tools/bin/../lib/gcc/arm-none-eabi/10.3.1/../../../../arm-none-eabi/lib/thumb/v7-m/nofp\libc_nano.a(lib_a-errno.o)
                0x0000000008008f34                __errno
 .text.__libc_init_array
                0x0000000008008f40       0x48 d:/00.software/01.stm32cubeide/stm32cubeide_1.12.0/stm32cubeide/plugins/com.st.stm32cube.ide.mcu.externaltools.gnu-tools-for-stm32.10.3-2021.10.win32_1.0.200.202301161003/tools/bin/../lib/gcc/arm-none-eabi/10.3.1/../../../../arm-none-eabi/lib/thumb/v7-m/nofp\libc_nano.a(lib_a-init.o)
                0x0000000008008f40                __libc_init_array
 .text.malloc   0x0000000008008f88       0x10 d:/00.software/01.stm32cubeide/stm32cubeide_1.12.0/stm32cubeide/plugins/com.st.stm32cube.ide.mcu.externaltools.gnu-tools-for-stm32.10.3-2021.10.win32_1.0.200.202301161003/tools/bin/../lib/gcc/arm-none-eabi/10.3.1/../../../../arm-none-eabi/lib/thumb/v7-m/nofp\libc_nano.a(lib_a-malloc.o)
                0x0000000008008f88                malloc
 .text.free     0x0000000008008f98       0x10 d:/00.software/01.stm32cubeide/stm32cubeide_1.12.0/stm32cubeide/plugins/com.st.stm32cube.ide.mcu.externaltools.gnu-tools-for-stm32.10.3-2021.10.win32_1.0.200.202301161003/tools/bin/../lib/gcc/arm-none-eabi/10.3.1/../../../../arm-none-eabi/lib/thumb/v7-m/nofp\libc_nano.a(lib_a-malloc.o)
                0x0000000008008f98                free
 .text.memcpy   0x0000000008008fa8       0x1c d:/00.software/01.stm32cubeide/stm32cubeide_1.12.0/stm32cubeide/plugins/com.st.stm32cube.ide.mcu.externaltools.gnu-tools-for-stm32.10.3-2021.10.win32_1.0.200.202301161003/tools/bin/../lib/gcc/arm-none-eabi/10.3.1/../../../../arm-none-eabi/lib/thumb/v7-m/nofp\libc_nano.a(lib_a-memcpy-stub.o)
                0x0000000008008fa8                memcpy
 .text.memset   0x0000000008008fc4       0x10 d:/00.software/01.stm32cubeide/stm32cubeide_1.12.0/stm32cubeide/plugins/com.st.stm32cube.ide.mcu.externaltools.gnu-tools-for-stm32.10.3-2021.10.win32_1.0.200.202301161003/tools/bin/../lib/gcc/arm-none-eabi/10.3.1/../../../../arm-none-eabi/lib/thumb/v7-m/nofp\libc_nano.a(lib_a-memset.o)
                0x0000000008008fc4                memset
 .text._free_r  0x0000000008008fd4       0x90 d:/00.software/01.stm32cubeide/stm32cubeide_1.12.0/stm32cubeide/plugins/com.st.stm32cube.ide.mcu.externaltools.gnu-tools-for-stm32.10.3-2021.10.win32_1.0.200.202301161003/tools/bin/../lib/gcc/arm-none-eabi/10.3.1/../../../../arm-none-eabi/lib/thumb/v7-m/nofp\libc_nano.a(lib_a-nano-freer.o)
                0x0000000008008fd4                _free_r
 .text.sbrk_aligned
                0x0000000008009064       0x40 d:/00.software/01.stm32cubeide/stm32cubeide_1.12.0/stm32cubeide/plugins/com.st.stm32cube.ide.mcu.externaltools.gnu-tools-for-stm32.10.3-2021.10.win32_1.0.200.202301161003/tools/bin/../lib/gcc/arm-none-eabi/10.3.1/../../../../arm-none-eabi/lib/thumb/v7-m/nofp\libc_nano.a(lib_a-nano-mallocr.o)
 .text._malloc_r
                0x00000000080090a4       0xe8 d:/00.software/01.stm32cubeide/stm32cubeide_1.12.0/stm32cubeide/plugins/com.st.stm32cube.ide.mcu.externaltools.gnu-tools-for-stm32.10.3-2021.10.win32_1.0.200.202301161003/tools/bin/../lib/gcc/arm-none-eabi/10.3.1/../../../../arm-none-eabi/lib/thumb/v7-m/nofp\libc_nano.a(lib_a-nano-mallocr.o)
                0x00000000080090a4                _malloc_r
 .text.__cvt    0x000000000800918c       0xbe d:/00.software/01.stm32cubeide/stm32cubeide_1.12.0/stm32cubeide/plugins/com.st.stm32cube.ide.mcu.externaltools.gnu-tools-for-stm32.10.3-2021.10.win32_1.0.200.202301161003/tools/bin/../lib/gcc/arm-none-eabi/10.3.1/../../../../arm-none-eabi/lib/thumb/v7-m/nofp\libc_nano.a(lib_a-nano-vfprintf_float.o)
                0x000000000800918c                __cvt
 .text.__exponent
                0x000000000800924a       0x7c d:/00.software/01.stm32cubeide/stm32cubeide_1.12.0/stm32cubeide/plugins/com.st.stm32cube.ide.mcu.externaltools.gnu-tools-for-stm32.10.3-2021.10.win32_1.0.200.202301161003/tools/bin/../lib/gcc/arm-none-eabi/10.3.1/../../../../arm-none-eabi/lib/thumb/v7-m/nofp\libc_nano.a(lib_a-nano-vfprintf_float.o)
                0x000000000800924a                __exponent
 *fill*         0x00000000080092c6        0x2 
 .text._printf_float
                0x00000000080092c8      0x458 d:/00.software/01.stm32cubeide/stm32cubeide_1.12.0/stm32cubeide/plugins/com.st.stm32cube.ide.mcu.externaltools.gnu-tools-for-stm32.10.3-2021.10.win32_1.0.200.202301161003/tools/bin/../lib/gcc/arm-none-eabi/10.3.1/../../../../arm-none-eabi/lib/thumb/v7-m/nofp\libc_nano.a(lib_a-nano-vfprintf_float.o)
                0x00000000080092c8                _printf_float
 .text._printf_common
                0x0000000008009720       0xde d:/00.software/01.stm32cubeide/stm32cubeide_1.12.0/stm32cubeide/plugins/com.st.stm32cube.ide.mcu.externaltools.gnu-tools-for-stm32.10.3-2021.10.win32_1.0.200.202301161003/tools/bin/../lib/gcc/arm-none-eabi/10.3.1/../../../../arm-none-eabi/lib/thumb/v7-m/nofp\libc_nano.a(lib_a-nano-vfprintf_i.o)
                0x0000000008009720                _printf_common
 *fill*         0x00000000080097fe        0x2 
 .text._printf_i
                0x0000000008009800      0x24c d:/00.software/01.stm32cubeide/stm32cubeide_1.12.0/stm32cubeide/plugins/com.st.stm32cube.ide.mcu.externaltools.gnu-tools-for-stm32.10.3-2021.10.win32_1.0.200.202301161003/tools/bin/../lib/gcc/arm-none-eabi/10.3.1/../../../../arm-none-eabi/lib/thumb/v7-m/nofp\libc_nano.a(lib_a-nano-vfprintf_i.o)
                0x0000000008009800                _printf_i
 .text.printf   0x0000000008009a4c       0x30 d:/00.software/01.stm32cubeide/stm32cubeide_1.12.0/stm32cubeide/plugins/com.st.stm32cube.ide.mcu.externaltools.gnu-tools-for-stm32.10.3-2021.10.win32_1.0.200.202301161003/tools/bin/../lib/gcc/arm-none-eabi/10.3.1/../../../../arm-none-eabi/lib/thumb/v7-m/nofp\libc_nano.a(lib_a-printf.o)
                0x0000000008009a4c                iprintf
                0x0000000008009a4c                printf
 .text._puts_r  0x0000000008009a7c       0xdc d:/00.software/01.stm32cubeide/stm32cubeide_1.12.0/stm32cubeide/plugins/com.st.stm32cube.ide.mcu.externaltools.gnu-tools-for-stm32.10.3-2021.10.win32_1.0.200.202301161003/tools/bin/../lib/gcc/arm-none-eabi/10.3.1/../../../../arm-none-eabi/lib/thumb/v7-m/nofp\libc_nano.a(lib_a-puts.o)
                0x0000000008009a7c                _puts_r
 .text.puts     0x0000000008009b58       0x10 d:/00.software/01.stm32cubeide/stm32cubeide_1.12.0/stm32cubeide/plugins/com.st.stm32cube.ide.mcu.externaltools.gnu-tools-for-stm32.10.3-2021.10.win32_1.0.200.202301161003/tools/bin/../lib/gcc/arm-none-eabi/10.3.1/../../../../arm-none-eabi/lib/thumb/v7-m/nofp\libc_nano.a(lib_a-puts.o)
                0x0000000008009b58                puts
 .text._sbrk_r  0x0000000008009b68       0x20 d:/00.software/01.stm32cubeide/stm32cubeide_1.12.0/stm32cubeide/plugins/com.st.stm32cube.ide.mcu.externaltools.gnu-tools-for-stm32.10.3-2021.10.win32_1.0.200.202301161003/tools/bin/../lib/gcc/arm-none-eabi/10.3.1/../../../../arm-none-eabi/lib/thumb/v7-m/nofp\libc_nano.a(lib_a-sbrkr.o)
                0x0000000008009b68                _sbrk_r
 .text._raise_r
                0x0000000008009b88       0x50 d:/00.software/01.stm32cubeide/stm32cubeide_1.12.0/stm32cubeide/plugins/com.st.stm32cube.ide.mcu.externaltools.gnu-tools-for-stm32.10.3-2021.10.win32_1.0.200.202301161003/tools/bin/../lib/gcc/arm-none-eabi/10.3.1/../../../../arm-none-eabi/lib/thumb/v7-m/nofp\libc_nano.a(lib_a-signal.o)
                0x0000000008009b88                _raise_r
 .text.raise    0x0000000008009bd8       0x10 d:/00.software/01.stm32cubeide/stm32cubeide_1.12.0/stm32cubeide/plugins/com.st.stm32cube.ide.mcu.externaltools.gnu-tools-for-stm32.10.3-2021.10.win32_1.0.200.202301161003/tools/bin/../lib/gcc/arm-none-eabi/10.3.1/../../../../arm-none-eabi/lib/thumb/v7-m/nofp\libc_nano.a(lib_a-signal.o)
                0x0000000008009bd8                raise
 .text._kill_r  0x0000000008009be8       0x24 d:/00.software/01.stm32cubeide/stm32cubeide_1.12.0/stm32cubeide/plugins/com.st.stm32cube.ide.mcu.externaltools.gnu-tools-for-stm32.10.3-2021.10.win32_1.0.200.202301161003/tools/bin/../lib/gcc/arm-none-eabi/10.3.1/../../../../arm-none-eabi/lib/thumb/v7-m/nofp\libc_nano.a(lib_a-signalr.o)
                0x0000000008009be8                _kill_r
 .text._getpid_r
                0x0000000008009c0c        0x4 d:/00.software/01.stm32cubeide/stm32cubeide_1.12.0/stm32cubeide/plugins/com.st.stm32cube.ide.mcu.externaltools.gnu-tools-for-stm32.10.3-2021.10.win32_1.0.200.202301161003/tools/bin/../lib/gcc/arm-none-eabi/10.3.1/../../../../arm-none-eabi/lib/thumb/v7-m/nofp\libc_nano.a(lib_a-signalr.o)
                0x0000000008009c0c                _getpid_r
 .text.snprintf
                0x0000000008009c10       0x68 d:/00.software/01.stm32cubeide/stm32cubeide_1.12.0/stm32cubeide/plugins/com.st.stm32cube.ide.mcu.externaltools.gnu-tools-for-stm32.10.3-2021.10.win32_1.0.200.202301161003/tools/bin/../lib/gcc/arm-none-eabi/10.3.1/../../../../arm-none-eabi/lib/thumb/v7-m/nofp\libc_nano.a(lib_a-snprintf.o)
                0x0000000008009c10                sniprintf
                0x0000000008009c10                snprintf
 .text.sprintf  0x0000000008009c78       0x40 d:/00.software/01.stm32cubeide/stm32cubeide_1.12.0/stm32cubeide/plugins/com.st.stm32cube.ide.mcu.externaltools.gnu-tools-for-stm32.10.3-2021.10.win32_1.0.200.202301161003/tools/bin/../lib/gcc/arm-none-eabi/10.3.1/../../../../arm-none-eabi/lib/thumb/v7-m/nofp\libc_nano.a(lib_a-sprintf.o)
                0x0000000008009c78                siprintf
                0x0000000008009c78                sprintf
 .text.strchr   0x0000000008009cb8       0x1a d:/00.software/01.stm32cubeide/stm32cubeide_1.12.0/stm32cubeide/plugins/com.st.stm32cube.ide.mcu.externaltools.gnu-tools-for-stm32.10.3-2021.10.win32_1.0.200.202301161003/tools/bin/../lib/gcc/arm-none-eabi/10.3.1/../../../../arm-none-eabi/lib/thumb/v7-m/nofp\libc_nano.a(lib_a-strchr.o)
                0x0000000008009cb8                strchr
 .text.strstr   0x0000000008009cd2       0x2c d:/00.software/01.stm32cubeide/stm32cubeide_1.12.0/stm32cubeide/plugins/com.st.stm32cube.ide.mcu.externaltools.gnu-tools-for-stm32.10.3-2021.10.win32_1.0.200.202301161003/tools/bin/../lib/gcc/arm-none-eabi/10.3.1/../../../../arm-none-eabi/lib/thumb/v7-m/nofp\libc_nano.a(lib_a-strstr.o)
                0x0000000008009cd2                strstr
 .text.sulp     0x0000000008009cfe       0x42 d:/00.software/01.stm32cubeide/stm32cubeide_1.12.0/stm32cubeide/plugins/com.st.stm32cube.ide.mcu.externaltools.gnu-tools-for-stm32.10.3-2021.10.win32_1.0.200.202301161003/tools/bin/../lib/gcc/arm-none-eabi/10.3.1/../../../../arm-none-eabi/lib/thumb/v7-m/nofp\libc_nano.a(lib_a-strtod.o)
 .text._strtod_l
                0x0000000008009d40      0xbd0 d:/00.software/01.stm32cubeide/stm32cubeide_1.12.0/stm32cubeide/plugins/com.st.stm32cube.ide.mcu.externaltools.gnu-tools-for-stm32.10.3-2021.10.win32_1.0.200.202301161003/tools/bin/../lib/gcc/arm-none-eabi/10.3.1/../../../../arm-none-eabi/lib/thumb/v7-m/nofp\libc_nano.a(lib_a-strtod.o)
                0x0000000008009d40                _strtod_l
 .text.strtof   0x000000000800a910       0xa4 d:/00.software/01.stm32cubeide/stm32cubeide_1.12.0/stm32cubeide/plugins/com.st.stm32cube.ide.mcu.externaltools.gnu-tools-for-stm32.10.3-2021.10.win32_1.0.200.202301161003/tools/bin/../lib/gcc/arm-none-eabi/10.3.1/../../../../arm-none-eabi/lib/thumb/v7-m/nofp\libc_nano.a(lib_a-strtod.o)
                0x000000000800a910                strtof
 .text._strtol_l.constprop.0
                0x000000000800a9b4       0xf8 d:/00.software/01.stm32cubeide/stm32cubeide_1.12.0/stm32cubeide/plugins/com.st.stm32cube.ide.mcu.externaltools.gnu-tools-for-stm32.10.3-2021.10.win32_1.0.200.202301161003/tools/bin/../lib/gcc/arm-none-eabi/10.3.1/../../../../arm-none-eabi/lib/thumb/v7-m/nofp\libc_nano.a(lib_a-strtol.o)
 .text.strtol   0x000000000800aaac       0x14 d:/00.software/01.stm32cubeide/stm32cubeide_1.12.0/stm32cubeide/plugins/com.st.stm32cube.ide.mcu.externaltools.gnu-tools-for-stm32.10.3-2021.10.win32_1.0.200.202301161003/tools/bin/../lib/gcc/arm-none-eabi/10.3.1/../../../../arm-none-eabi/lib/thumb/v7-m/nofp\libc_nano.a(lib_a-strtol.o)
                0x000000000800aaac                strtol
 .text.__swbuf_r
                0x000000000800aac0       0xa4 d:/00.software/01.stm32cubeide/stm32cubeide_1.12.0/stm32cubeide/plugins/com.st.stm32cube.ide.mcu.externaltools.gnu-tools-for-stm32.10.3-2021.10.win32_1.0.200.202301161003/tools/bin/../lib/gcc/arm-none-eabi/10.3.1/../../../../arm-none-eabi/lib/thumb/v7-m/nofp\libc_nano.a(lib_a-wbuf.o)
                0x000000000800aac0                __swbuf_r
 .text.__swsetup_r
                0x000000000800ab64       0xdc d:/00.software/01.stm32cubeide/stm32cubeide_1.12.0/stm32cubeide/plugins/com.st.stm32cube.ide.mcu.externaltools.gnu-tools-for-stm32.10.3-2021.10.win32_1.0.200.202301161003/tools/bin/../lib/gcc/arm-none-eabi/10.3.1/../../../../arm-none-eabi/lib/thumb/v7-m/nofp\libc_nano.a(lib_a-wsetup.o)
                0x000000000800ab64                __swsetup_r
 .text.quorem   0x000000000800ac40      0x118 d:/00.software/01.stm32cubeide/stm32cubeide_1.12.0/stm32cubeide/plugins/com.st.stm32cube.ide.mcu.externaltools.gnu-tools-for-stm32.10.3-2021.10.win32_1.0.200.202301161003/tools/bin/../lib/gcc/arm-none-eabi/10.3.1/../../../../arm-none-eabi/lib/thumb/v7-m/nofp\libc_nano.a(lib_a-dtoa.o)
 .text._dtoa_r  0x000000000800ad58      0xbdc d:/00.software/01.stm32cubeide/stm32cubeide_1.12.0/stm32cubeide/plugins/com.st.stm32cube.ide.mcu.externaltools.gnu-tools-for-stm32.10.3-2021.10.win32_1.0.200.202301161003/tools/bin/../lib/gcc/arm-none-eabi/10.3.1/../../../../arm-none-eabi/lib/thumb/v7-m/nofp\libc_nano.a(lib_a-dtoa.o)
                0x000000000800ad58                _dtoa_r
 .text.__sflush_r
                0x000000000800b934      0x104 d:/00.software/01.stm32cubeide/stm32cubeide_1.12.0/stm32cubeide/plugins/com.st.stm32cube.ide.mcu.externaltools.gnu-tools-for-stm32.10.3-2021.10.win32_1.0.200.202301161003/tools/bin/../lib/gcc/arm-none-eabi/10.3.1/../../../../arm-none-eabi/lib/thumb/v7-m/nofp\libc_nano.a(lib_a-fflush.o)
                0x000000000800b934                __sflush_r
 .text._fflush_r
                0x000000000800ba38       0x78 d:/00.software/01.stm32cubeide/stm32cubeide_1.12.0/stm32cubeide/plugins/com.st.stm32cube.ide.mcu.externaltools.gnu-tools-for-stm32.10.3-2021.10.win32_1.0.200.202301161003/tools/bin/../lib/gcc/arm-none-eabi/10.3.1/../../../../arm-none-eabi/lib/thumb/v7-m/nofp\libc_nano.a(lib_a-fflush.o)
                0x000000000800ba38                _fflush_r
 .text.std      0x000000000800bab0       0x48 d:/00.software/01.stm32cubeide/stm32cubeide_1.12.0/stm32cubeide/plugins/com.st.stm32cube.ide.mcu.externaltools.gnu-tools-for-stm32.10.3-2021.10.win32_1.0.200.202301161003/tools/bin/../lib/gcc/arm-none-eabi/10.3.1/../../../../arm-none-eabi/lib/thumb/v7-m/nofp\libc_nano.a(lib_a-findfp.o)
 .text._cleanup_r
                0x000000000800baf8        0xc d:/00.software/01.stm32cubeide/stm32cubeide_1.12.0/stm32cubeide/plugins/com.st.stm32cube.ide.mcu.externaltools.gnu-tools-for-stm32.10.3-2021.10.win32_1.0.200.202301161003/tools/bin/../lib/gcc/arm-none-eabi/10.3.1/../../../../arm-none-eabi/lib/thumb/v7-m/nofp\libc_nano.a(lib_a-findfp.o)
                0x000000000800baf8                _cleanup_r
 .text.__sfmoreglue
                0x000000000800bb04       0x2c d:/00.software/01.stm32cubeide/stm32cubeide_1.12.0/stm32cubeide/plugins/com.st.stm32cube.ide.mcu.externaltools.gnu-tools-for-stm32.10.3-2021.10.win32_1.0.200.202301161003/tools/bin/../lib/gcc/arm-none-eabi/10.3.1/../../../../arm-none-eabi/lib/thumb/v7-m/nofp\libc_nano.a(lib_a-findfp.o)
                0x000000000800bb04                __sfmoreglue
 .text.__sfp_lock_acquire
                0x000000000800bb30        0xc d:/00.software/01.stm32cubeide/stm32cubeide_1.12.0/stm32cubeide/plugins/com.st.stm32cube.ide.mcu.externaltools.gnu-tools-for-stm32.10.3-2021.10.win32_1.0.200.202301161003/tools/bin/../lib/gcc/arm-none-eabi/10.3.1/../../../../arm-none-eabi/lib/thumb/v7-m/nofp\libc_nano.a(lib_a-findfp.o)
                0x000000000800bb30                __sfp_lock_acquire
 .text.__sfp_lock_release
                0x000000000800bb3c        0xc d:/00.software/01.stm32cubeide/stm32cubeide_1.12.0/stm32cubeide/plugins/com.st.stm32cube.ide.mcu.externaltools.gnu-tools-for-stm32.10.3-2021.10.win32_1.0.200.202301161003/tools/bin/../lib/gcc/arm-none-eabi/10.3.1/../../../../arm-none-eabi/lib/thumb/v7-m/nofp\libc_nano.a(lib_a-findfp.o)
                0x000000000800bb3c                __sfp_lock_release
 .text.__sinit_lock_acquire
                0x000000000800bb48        0xc d:/00.software/01.stm32cubeide/stm32cubeide_1.12.0/stm32cubeide/plugins/com.st.stm32cube.ide.mcu.externaltools.gnu-tools-for-stm32.10.3-2021.10.win32_1.0.200.202301161003/tools/bin/../lib/gcc/arm-none-eabi/10.3.1/../../../../arm-none-eabi/lib/thumb/v7-m/nofp\libc_nano.a(lib_a-findfp.o)
                0x000000000800bb48                __sinit_lock_acquire
 .text.__sinit_lock_release
                0x000000000800bb54        0xc d:/00.software/01.stm32cubeide/stm32cubeide_1.12.0/stm32cubeide/plugins/com.st.stm32cube.ide.mcu.externaltools.gnu-tools-for-stm32.10.3-2021.10.win32_1.0.200.202301161003/tools/bin/../lib/gcc/arm-none-eabi/10.3.1/../../../../arm-none-eabi/lib/thumb/v7-m/nofp\libc_nano.a(lib_a-findfp.o)
                0x000000000800bb54                __sinit_lock_release
 .text.__sinit  0x000000000800bb60       0x70 d:/00.software/01.stm32cubeide/stm32cubeide_1.12.0/stm32cubeide/plugins/com.st.stm32cube.ide.mcu.externaltools.gnu-tools-for-stm32.10.3-2021.10.win32_1.0.200.202301161003/tools/bin/../lib/gcc/arm-none-eabi/10.3.1/../../../../arm-none-eabi/lib/thumb/v7-m/nofp\libc_nano.a(lib_a-findfp.o)
                0x000000000800bb60                __sinit
 .text.__sfp    0x000000000800bbd0       0x8c d:/00.software/01.stm32cubeide/stm32cubeide_1.12.0/stm32cubeide/plugins/com.st.stm32cube.ide.mcu.externaltools.gnu-tools-for-stm32.10.3-2021.10.win32_1.0.200.202301161003/tools/bin/../lib/gcc/arm-none-eabi/10.3.1/../../../../arm-none-eabi/lib/thumb/v7-m/nofp\libc_nano.a(lib_a-findfp.o)
                0x000000000800bbd0                __sfp
 .text._fwalk_reent
                0x000000000800bc5c       0x3e d:/00.software/01.stm32cubeide/stm32cubeide_1.12.0/stm32cubeide/plugins/com.st.stm32cube.ide.mcu.externaltools.gnu-tools-for-stm32.10.3-2021.10.win32_1.0.200.202301161003/tools/bin/../lib/gcc/arm-none-eabi/10.3.1/../../../../arm-none-eabi/lib/thumb/v7-m/nofp\libc_nano.a(lib_a-fwalk.o)
                0x000000000800bc5c                _fwalk_reent
 .text.rshift   0x000000000800bc9a       0xa6 d:/00.software/01.stm32cubeide/stm32cubeide_1.12.0/stm32cubeide/plugins/com.st.stm32cube.ide.mcu.externaltools.gnu-tools-for-stm32.10.3-2021.10.win32_1.0.200.202301161003/tools/bin/../lib/gcc/arm-none-eabi/10.3.1/../../../../arm-none-eabi/lib/thumb/v7-m/nofp\libc_nano.a(lib_a-gdtoa-gethex.o)
 .text.__hexdig_fun
                0x000000000800bd40       0x2a d:/00.software/01.stm32cubeide/stm32cubeide_1.12.0/stm32cubeide/plugins/com.st.stm32cube.ide.mcu.externaltools.gnu-tools-for-stm32.10.3-2021.10.win32_1.0.200.202301161003/tools/bin/../lib/gcc/arm-none-eabi/10.3.1/../../../../arm-none-eabi/lib/thumb/v7-m/nofp\libc_nano.a(lib_a-gdtoa-gethex.o)
                0x000000000800bd40                __hexdig_fun
 *fill*         0x000000000800bd6a        0x2 
 .text.__gethex
                0x000000000800bd6c      0x478 d:/00.software/01.stm32cubeide/stm32cubeide_1.12.0/stm32cubeide/plugins/com.st.stm32cube.ide.mcu.externaltools.gnu-tools-for-stm32.10.3-2021.10.win32_1.0.200.202301161003/tools/bin/../lib/gcc/arm-none-eabi/10.3.1/../../../../arm-none-eabi/lib/thumb/v7-m/nofp\libc_nano.a(lib_a-gdtoa-gethex.o)
                0x000000000800bd6c                __gethex
 .text.L_shift  0x000000000800c1e4       0x24 d:/00.software/01.stm32cubeide/stm32cubeide_1.12.0/stm32cubeide/plugins/com.st.stm32cube.ide.mcu.externaltools.gnu-tools-for-stm32.10.3-2021.10.win32_1.0.200.202301161003/tools/bin/../lib/gcc/arm-none-eabi/10.3.1/../../../../arm-none-eabi/lib/thumb/v7-m/nofp\libc_nano.a(lib_a-gdtoa-hexnan.o)
 .text.__match  0x000000000800c208       0x28 d:/00.software/01.stm32cubeide/stm32cubeide_1.12.0/stm32cubeide/plugins/com.st.stm32cube.ide.mcu.externaltools.gnu-tools-for-stm32.10.3-2021.10.win32_1.0.200.202301161003/tools/bin/../lib/gcc/arm-none-eabi/10.3.1/../../../../arm-none-eabi/lib/thumb/v7-m/nofp\libc_nano.a(lib_a-gdtoa-hexnan.o)
                0x000000000800c208                __match
 .text.__hexnan
                0x000000000800c230      0x138 d:/00.software/01.stm32cubeide/stm32cubeide_1.12.0/stm32cubeide/plugins/com.st.stm32cube.ide.mcu.externaltools.gnu-tools-for-stm32.10.3-2021.10.win32_1.0.200.202301161003/tools/bin/../lib/gcc/arm-none-eabi/10.3.1/../../../../arm-none-eabi/lib/thumb/v7-m/nofp\libc_nano.a(lib_a-gdtoa-hexnan.o)
                0x000000000800c230                __hexnan
 .text._localeconv_r
                0x000000000800c368        0x8 d:/00.software/01.stm32cubeide/stm32cubeide_1.12.0/stm32cubeide/plugins/com.st.stm32cube.ide.mcu.externaltools.gnu-tools-for-stm32.10.3-2021.10.win32_1.0.200.202301161003/tools/bin/../lib/gcc/arm-none-eabi/10.3.1/../../../../arm-none-eabi/lib/thumb/v7-m/nofp\libc_nano.a(lib_a-localeconv.o)
                0x000000000800c368                _localeconv_r
 .text.__retarget_lock_init_recursive
                0x000000000800c370        0x2 d:/00.software/01.stm32cubeide/stm32cubeide_1.12.0/stm32cubeide/plugins/com.st.stm32cube.ide.mcu.externaltools.gnu-tools-for-stm32.10.3-2021.10.win32_1.0.200.202301161003/tools/bin/../lib/gcc/arm-none-eabi/10.3.1/../../../../arm-none-eabi/lib/thumb/v7-m/nofp\libc_nano.a(lib_a-lock.o)
                0x000000000800c370                __retarget_lock_init_recursive
 .text.__retarget_lock_acquire_recursive
                0x000000000800c372        0x2 d:/00.software/01.stm32cubeide/stm32cubeide_1.12.0/stm32cubeide/plugins/com.st.stm32cube.ide.mcu.externaltools.gnu-tools-for-stm32.10.3-2021.10.win32_1.0.200.202301161003/tools/bin/../lib/gcc/arm-none-eabi/10.3.1/../../../../arm-none-eabi/lib/thumb/v7-m/nofp\libc_nano.a(lib_a-lock.o)
                0x000000000800c372                __retarget_lock_acquire_recursive
 .text.__retarget_lock_release_recursive
                0x000000000800c374        0x2 d:/00.software/01.stm32cubeide/stm32cubeide_1.12.0/stm32cubeide/plugins/com.st.stm32cube.ide.mcu.externaltools.gnu-tools-for-stm32.10.3-2021.10.win32_1.0.200.202301161003/tools/bin/../lib/gcc/arm-none-eabi/10.3.1/../../../../arm-none-eabi/lib/thumb/v7-m/nofp\libc_nano.a(lib_a-lock.o)
                0x000000000800c374                __retarget_lock_release_recursive
 .text.__swhatbuf_r
                0x000000000800c376       0x4a d:/00.software/01.stm32cubeide/stm32cubeide_1.12.0/stm32cubeide/plugins/com.st.stm32cube.ide.mcu.externaltools.gnu-tools-for-stm32.10.3-2021.10.win32_1.0.200.202301161003/tools/bin/../lib/gcc/arm-none-eabi/10.3.1/../../../../arm-none-eabi/lib/thumb/v7-m/nofp\libc_nano.a(lib_a-makebuf.o)
                0x000000000800c376                __swhatbuf_r
 .text.__smakebuf_r
                0x000000000800c3c0       0x80 d:/00.software/01.stm32cubeide/stm32cubeide_1.12.0/stm32cubeide/plugins/com.st.stm32cube.ide.mcu.externaltools.gnu-tools-for-stm32.10.3-2021.10.win32_1.0.200.202301161003/tools/bin/../lib/gcc/arm-none-eabi/10.3.1/../../../../arm-none-eabi/lib/thumb/v7-m/nofp\libc_nano.a(lib_a-makebuf.o)
                0x000000000800c3c0                __smakebuf_r
 .text.__ascii_mbtowc
                0x000000000800c440       0x24 d:/00.software/01.stm32cubeide/stm32cubeide_1.12.0/stm32cubeide/plugins/com.st.stm32cube.ide.mcu.externaltools.gnu-tools-for-stm32.10.3-2021.10.win32_1.0.200.202301161003/tools/bin/../lib/gcc/arm-none-eabi/10.3.1/../../../../arm-none-eabi/lib/thumb/v7-m/nofp\libc_nano.a(lib_a-mbtowc_r.o)
                0x000000000800c440                __ascii_mbtowc
 .text.memchr   0x000000000800c464       0x1c d:/00.software/01.stm32cubeide/stm32cubeide_1.12.0/stm32cubeide/plugins/com.st.stm32cube.ide.mcu.externaltools.gnu-tools-for-stm32.10.3-2021.10.win32_1.0.200.202301161003/tools/bin/../lib/gcc/arm-none-eabi/10.3.1/../../../../arm-none-eabi/lib/thumb/v7-m/nofp\libc_nano.a(lib_a-memchr-stub.o)
                0x000000000800c464                memchr
 .text.__malloc_lock
                0x000000000800c480        0xc d:/00.software/01.stm32cubeide/stm32cubeide_1.12.0/stm32cubeide/plugins/com.st.stm32cube.ide.mcu.externaltools.gnu-tools-for-stm32.10.3-2021.10.win32_1.0.200.202301161003/tools/bin/../lib/gcc/arm-none-eabi/10.3.1/../../../../arm-none-eabi/lib/thumb/v7-m/nofp\libc_nano.a(lib_a-mlock.o)
                0x000000000800c480                __malloc_lock
 .text.__malloc_unlock
                0x000000000800c48c        0xc d:/00.software/01.stm32cubeide/stm32cubeide_1.12.0/stm32cubeide/plugins/com.st.stm32cube.ide.mcu.externaltools.gnu-tools-for-stm32.10.3-2021.10.win32_1.0.200.202301161003/tools/bin/../lib/gcc/arm-none-eabi/10.3.1/../../../../arm-none-eabi/lib/thumb/v7-m/nofp\libc_nano.a(lib_a-mlock.o)
                0x000000000800c48c                __malloc_unlock
 .text._Balloc  0x000000000800c498       0x80 d:/00.software/01.stm32cubeide/stm32cubeide_1.12.0/stm32cubeide/plugins/com.st.stm32cube.ide.mcu.externaltools.gnu-tools-for-stm32.10.3-2021.10.win32_1.0.200.202301161003/tools/bin/../lib/gcc/arm-none-eabi/10.3.1/../../../../arm-none-eabi/lib/thumb/v7-m/nofp\libc_nano.a(lib_a-mprec.o)
                0x000000000800c498                _Balloc
 .text._Bfree   0x000000000800c518       0x44 d:/00.software/01.stm32cubeide/stm32cubeide_1.12.0/stm32cubeide/plugins/com.st.stm32cube.ide.mcu.externaltools.gnu-tools-for-stm32.10.3-2021.10.win32_1.0.200.202301161003/tools/bin/../lib/gcc/arm-none-eabi/10.3.1/../../../../arm-none-eabi/lib/thumb/v7-m/nofp\libc_nano.a(lib_a-mprec.o)
                0x000000000800c518                _Bfree
 .text.__multadd
                0x000000000800c55c       0x8c d:/00.software/01.stm32cubeide/stm32cubeide_1.12.0/stm32cubeide/plugins/com.st.stm32cube.ide.mcu.externaltools.gnu-tools-for-stm32.10.3-2021.10.win32_1.0.200.202301161003/tools/bin/../lib/gcc/arm-none-eabi/10.3.1/../../../../arm-none-eabi/lib/thumb/v7-m/nofp\libc_nano.a(lib_a-mprec.o)
                0x000000000800c55c                __multadd
 .text.__s2b    0x000000000800c5e8       0x94 d:/00.software/01.stm32cubeide/stm32cubeide_1.12.0/stm32cubeide/plugins/com.st.stm32cube.ide.mcu.externaltools.gnu-tools-for-stm32.10.3-2021.10.win32_1.0.200.202301161003/tools/bin/../lib/gcc/arm-none-eabi/10.3.1/../../../../arm-none-eabi/lib/thumb/v7-m/nofp\libc_nano.a(lib_a-mprec.o)
                0x000000000800c5e8                __s2b
 .text.__hi0bits
                0x000000000800c67c       0x40 d:/00.software/01.stm32cubeide/stm32cubeide_1.12.0/stm32cubeide/plugins/com.st.stm32cube.ide.mcu.externaltools.gnu-tools-for-stm32.10.3-2021.10.win32_1.0.200.202301161003/tools/bin/../lib/gcc/arm-none-eabi/10.3.1/../../../../arm-none-eabi/lib/thumb/v7-m/nofp\libc_nano.a(lib_a-mprec.o)
                0x000000000800c67c                __hi0bits
 .text.__lo0bits
                0x000000000800c6bc       0x5a d:/00.software/01.stm32cubeide/stm32cubeide_1.12.0/stm32cubeide/plugins/com.st.stm32cube.ide.mcu.externaltools.gnu-tools-for-stm32.10.3-2021.10.win32_1.0.200.202301161003/tools/bin/../lib/gcc/arm-none-eabi/10.3.1/../../../../arm-none-eabi/lib/thumb/v7-m/nofp\libc_nano.a(lib_a-mprec.o)
                0x000000000800c6bc                __lo0bits
 *fill*         0x000000000800c716        0x2 
 .text.__i2b    0x000000000800c718       0x2c d:/00.software/01.stm32cubeide/stm32cubeide_1.12.0/stm32cubeide/plugins/com.st.stm32cube.ide.mcu.externaltools.gnu-tools-for-stm32.10.3-2021.10.win32_1.0.200.202301161003/tools/bin/../lib/gcc/arm-none-eabi/10.3.1/../../../../arm-none-eabi/lib/thumb/v7-m/nofp\libc_nano.a(lib_a-mprec.o)
                0x000000000800c718                __i2b
 .text.__multiply
                0x000000000800c744      0x150 d:/00.software/01.stm32cubeide/stm32cubeide_1.12.0/stm32cubeide/plugins/com.st.stm32cube.ide.mcu.externaltools.gnu-tools-for-stm32.10.3-2021.10.win32_1.0.200.202301161003/tools/bin/../lib/gcc/arm-none-eabi/10.3.1/../../../../arm-none-eabi/lib/thumb/v7-m/nofp\libc_nano.a(lib_a-mprec.o)
                0x000000000800c744                __multiply
 .text.__pow5mult
                0x000000000800c894       0xb4 d:/00.software/01.stm32cubeide/stm32cubeide_1.12.0/stm32cubeide/plugins/com.st.stm32cube.ide.mcu.externaltools.gnu-tools-for-stm32.10.3-2021.10.win32_1.0.200.202301161003/tools/bin/../lib/gcc/arm-none-eabi/10.3.1/../../../../arm-none-eabi/lib/thumb/v7-m/nofp\libc_nano.a(lib_a-mprec.o)
                0x000000000800c894                __pow5mult
 .text.__lshift
                0x000000000800c948       0xe0 d:/00.software/01.stm32cubeide/stm32cubeide_1.12.0/stm32cubeide/plugins/com.st.stm32cube.ide.mcu.externaltools.gnu-tools-for-stm32.10.3-2021.10.win32_1.0.200.202301161003/tools/bin/../lib/gcc/arm-none-eabi/10.3.1/../../../../arm-none-eabi/lib/thumb/v7-m/nofp\libc_nano.a(lib_a-mprec.o)
                0x000000000800c948                __lshift
 .text.__mcmp   0x000000000800ca28       0x36 d:/00.software/01.stm32cubeide/stm32cubeide_1.12.0/stm32cubeide/plugins/com.st.stm32cube.ide.mcu.externaltools.gnu-tools-for-stm32.10.3-2021.10.win32_1.0.200.202301161003/tools/bin/../lib/gcc/arm-none-eabi/10.3.1/../../../../arm-none-eabi/lib/thumb/v7-m/nofp\libc_nano.a(lib_a-mprec.o)
                0x000000000800ca28                __mcmp
 *fill*         0x000000000800ca5e        0x2 
 .text.__mdiff  0x000000000800ca60      0x118 d:/00.software/01.stm32cubeide/stm32cubeide_1.12.0/stm32cubeide/plugins/com.st.stm32cube.ide.mcu.externaltools.gnu-tools-for-stm32.10.3-2021.10.win32_1.0.200.202301161003/tools/bin/../lib/gcc/arm-none-eabi/10.3.1/../../../../arm-none-eabi/lib/thumb/v7-m/nofp\libc_nano.a(lib_a-mprec.o)
                0x000000000800ca60                __mdiff
 .text.__ulp    0x000000000800cb78       0x4c d:/00.software/01.stm32cubeide/stm32cubeide_1.12.0/stm32cubeide/plugins/com.st.stm32cube.ide.mcu.externaltools.gnu-tools-for-stm32.10.3-2021.10.win32_1.0.200.202301161003/tools/bin/../lib/gcc/arm-none-eabi/10.3.1/../../../../arm-none-eabi/lib/thumb/v7-m/nofp\libc_nano.a(lib_a-mprec.o)
                0x000000000800cb78                __ulp
 .text.__b2d    0x000000000800cbc4       0xa8 d:/00.software/01.stm32cubeide/stm32cubeide_1.12.0/stm32cubeide/plugins/com.st.stm32cube.ide.mcu.externaltools.gnu-tools-for-stm32.10.3-2021.10.win32_1.0.200.202301161003/tools/bin/../lib/gcc/arm-none-eabi/10.3.1/../../../../arm-none-eabi/lib/thumb/v7-m/nofp\libc_nano.a(lib_a-mprec.o)
                0x000000000800cbc4                __b2d
 .text.__d2b    0x000000000800cc6c       0xb8 d:/00.software/01.stm32cubeide/stm32cubeide_1.12.0/stm32cubeide/plugins/com.st.stm32cube.ide.mcu.externaltools.gnu-tools-for-stm32.10.3-2021.10.win32_1.0.200.202301161003/tools/bin/../lib/gcc/arm-none-eabi/10.3.1/../../../../arm-none-eabi/lib/thumb/v7-m/nofp\libc_nano.a(lib_a-mprec.o)
                0x000000000800cc6c                __d2b
 .text.__ratio  0x000000000800cd24       0x5c d:/00.software/01.stm32cubeide/stm32cubeide_1.12.0/stm32cubeide/plugins/com.st.stm32cube.ide.mcu.externaltools.gnu-tools-for-stm32.10.3-2021.10.win32_1.0.200.202301161003/tools/bin/../lib/gcc/arm-none-eabi/10.3.1/../../../../arm-none-eabi/lib/thumb/v7-m/nofp\libc_nano.a(lib_a-mprec.o)
                0x000000000800cd24                __ratio
 .text.__copybits
                0x000000000800cd80       0x46 d:/00.software/01.stm32cubeide/stm32cubeide_1.12.0/stm32cubeide/plugins/com.st.stm32cube.ide.mcu.externaltools.gnu-tools-for-stm32.10.3-2021.10.win32_1.0.200.202301161003/tools/bin/../lib/gcc/arm-none-eabi/10.3.1/../../../../arm-none-eabi/lib/thumb/v7-m/nofp\libc_nano.a(lib_a-mprec.o)
                0x000000000800cd80                __copybits
 .text.__any_on
                0x000000000800cdc6       0x42 d:/00.software/01.stm32cubeide/stm32cubeide_1.12.0/stm32cubeide/plugins/com.st.stm32cube.ide.mcu.externaltools.gnu-tools-for-stm32.10.3-2021.10.win32_1.0.200.202301161003/tools/bin/../lib/gcc/arm-none-eabi/10.3.1/../../../../arm-none-eabi/lib/thumb/v7-m/nofp\libc_nano.a(lib_a-mprec.o)
                0x000000000800cdc6                __any_on
 .text._calloc_r
                0x000000000800ce08       0x28 d:/00.software/01.stm32cubeide/stm32cubeide_1.12.0/stm32cubeide/plugins/com.st.stm32cube.ide.mcu.externaltools.gnu-tools-for-stm32.10.3-2021.10.win32_1.0.200.202301161003/tools/bin/../lib/gcc/arm-none-eabi/10.3.1/../../../../arm-none-eabi/lib/thumb/v7-m/nofp\libc_nano.a(lib_a-nano-callocr.o)
                0x000000000800ce08                _calloc_r
 .text.__ssputs_r
                0x000000000800ce30       0xb6 d:/00.software/01.stm32cubeide/stm32cubeide_1.12.0/stm32cubeide/plugins/com.st.stm32cube.ide.mcu.externaltools.gnu-tools-for-stm32.10.3-2021.10.win32_1.0.200.202301161003/tools/bin/../lib/gcc/arm-none-eabi/10.3.1/../../../../arm-none-eabi/lib/thumb/v7-m/nofp\libc_nano.a(lib_a-nano-svfprintf.o)
                0x000000000800ce30                __ssputs_r
 *fill*         0x000000000800cee6        0x2 
 .text._svfprintf_r
                0x000000000800cee8      0x200 d:/00.software/01.stm32cubeide/stm32cubeide_1.12.0/stm32cubeide/plugins/com.st.stm32cube.ide.mcu.externaltools.gnu-tools-for-stm32.10.3-2021.10.win32_1.0.200.202301161003/tools/bin/../lib/gcc/arm-none-eabi/10.3.1/../../../../arm-none-eabi/lib/thumb/v7-m/nofp\libc_nano.a(lib_a-nano-svfprintf.o)
                0x000000000800cee8                _svfiprintf_r
                0x000000000800cee8                _svfprintf_r
 .text.__sfputc_r
                0x000000000800d0e8       0x2a d:/00.software/01.stm32cubeide/stm32cubeide_1.12.0/stm32cubeide/plugins/com.st.stm32cube.ide.mcu.externaltools.gnu-tools-for-stm32.10.3-2021.10.win32_1.0.200.202301161003/tools/bin/../lib/gcc/arm-none-eabi/10.3.1/../../../../arm-none-eabi/lib/thumb/v7-m/nofp\libc_nano.a(lib_a-nano-vfprintf.o)
 .text.__sfputs_r