../Core/Src/main.c:76:5:_write	24	static
../Core/Src/main.c:87:5:main	8	static
../Core/Src/main.c:139:6:SystemClock_Config	88	static
../Core/Src/main.c:186:13:MX_ADC1_Init	24	static
../Core/Src/main.c:233:13:MX_I2C1_Init	8	static
../Core/Src/main.c:267:13:MX_TIM2_Init	32	static
../Core/Src/main.c:312:13:MX_TIM3_Init	32	static
../Core/Src/main.c:357:13:MX_USART1_UART_Init	8	static
../Core/Src/main.c:390:13:MX_USART2_UART_Init	8	static
../Core/Src/main.c:421:13:MX_DMA_Init	16	static
../Core/Src/main.c:442:13:MX_GPIO_Init	40	static
../Core/Src/main.c:497:6:Error_Handler	4	static,ignoring_inline_asm
