../Core/Src/main.c:81:5:_write	24	static
../Core/Src/main.c:92:5:main	8	static
../Core/Src/main.c:146:6:SystemClock_Config	88	static
../Core/Src/main.c:195:13:MX_ADC1_Init	24	static
../Core/Src/main.c:242:13:MX_I2C1_Init	8	static
../Core/Src/main.c:276:13:MX_RTC_Init	24	static
../Core/Src/main.c:344:13:MX_TIM2_Init	32	static
../Core/Src/main.c:389:13:MX_TIM3_Init	32	static
../Core/Src/main.c:434:13:MX_TIM4_Init	32	static
../Core/Src/main.c:479:13:MX_USART1_UART_Init	8	static
../Core/Src/main.c:512:13:MX_USART2_UART_Init	8	static
../Core/Src/main.c:543:13:MX_DMA_Init	16	static
../Core/Src/main.c:564:13:MX_GPIO_Init	40	static
../Core/Src/main.c:620:6:Error_Handler	4	static,ignoring_inline_asm
